<!doctype html public "-//w3c//dtd html 4.0 transitional//en">
<html><head>
<title>Static Call Graph - [.\Objects\PU-28.axf]</title></head>
<body><HR>
<H1>Static Call Graph for image .\Objects\PU-28.axf</H1><HR>
<BR><P>#&#060CALLGRAPH&#062# ARM Linker, 5060960: Last Updated: Tue May 02 13:47:59 2023
<BR><P>
<H3>Maximum Stack Usage =        652 bytes + Unknown(Cycles, Untraceable Function Pointers)</H3><H3>
Call chain for Maximum Stack Depth:</H3>
__rt_entry_main &rArr; main &rArr; activityAir() &rArr; Setup::viewScreen() &rArr; Setup::viewPage(unsigned char, unsigned char) &rArr; Setup::viewScreen11(unsigned char) &rArr; Text::writeDigit(unsigned short, unsigned short, const char*, unsigned, unsigned char) &rArr; Text::writeOneDigit(unsigned short, unsigned short, char, unsigned, unsigned char) &rArr; Canvas::loadImageOverColor(unsigned short, unsigned short, unsigned, unsigned, unsigned char, unsigned) &rArr; Canvas::writePixel(short, short, unsigned) &rArr; Display::setAddrWindow(unsigned short, unsigned short, unsigned short, unsigned short) &rArr; Display::writeData(unsigned char) &rArr; Sleep::setLowPower(bool) &rArr; Usart::changeBaudrate(unsigned) &rArr; usart_baudrate_set(unsigned, unsigned) &rArr; rcu_clock_freq_get(rcu_clock_freq_enum)
<P>
<H3>
Mutually Recursive functions
</H3> <LI><a href="#[7]">MemManage_Handler</a>&nbsp;&nbsp;&nbsp;&rArr;&nbsp;&nbsp;&nbsp;<a href="#[7]">MemManage_Handler</a><BR>
 <LI><a href="#[8]">BusFault_Handler</a>&nbsp;&nbsp;&nbsp;&rArr;&nbsp;&nbsp;&nbsp;<a href="#[8]">BusFault_Handler</a><BR>
 <LI><a href="#[9]">UsageFault_Handler</a>&nbsp;&nbsp;&nbsp;&rArr;&nbsp;&nbsp;&nbsp;<a href="#[9]">UsageFault_Handler</a><BR>
 <LI><a href="#[a]">SVC_Handler</a>&nbsp;&nbsp;&nbsp;&rArr;&nbsp;&nbsp;&nbsp;<a href="#[a]">SVC_Handler</a><BR>
 <LI><a href="#[b]">DebugMon_Handler</a>&nbsp;&nbsp;&nbsp;&rArr;&nbsp;&nbsp;&nbsp;<a href="#[b]">DebugMon_Handler</a><BR>
 <LI><a href="#[c]">PendSV_Handler</a>&nbsp;&nbsp;&nbsp;&rArr;&nbsp;&nbsp;&nbsp;<a href="#[c]">PendSV_Handler</a><BR>
 <LI><a href="#[20]">ADC0_1_IRQHandler</a>&nbsp;&nbsp;&nbsp;&rArr;&nbsp;&nbsp;&nbsp;<a href="#[20]">ADC0_1_IRQHandler</a><BR>
</UL>
<P>
<H3>
Function Pointers
</H3><UL>
 <LI><a href="#[20]">ADC0_1_IRQHandler</a> from startup_gd32f30x_hd.o(.text) referenced from startup_gd32f30x_hd.o(RESET)
 <LI><a href="#[3d]">ADC2_IRQHandler</a> from startup_gd32f30x_hd.o(.text) referenced from startup_gd32f30x_hd.o(RESET)
 <LI><a href="#[8]">BusFault_Handler</a> from startup_gd32f30x_hd.o(.text) referenced from startup_gd32f30x_hd.o(RESET)
 <LI><a href="#[24]">CAN0_EWMC_IRQHandler</a> from startup_gd32f30x_hd.o(.text) referenced from startup_gd32f30x_hd.o(RESET)
 <LI><a href="#[23]">CAN0_RX1_IRQHandler</a> from can.o(i.CAN0_RX1_IRQHandler) referenced from startup_gd32f30x_hd.o(RESET)
 <LI><a href="#[19]">DMA0_Channel0_IRQHandler</a> from startup_gd32f30x_hd.o(.text) referenced from startup_gd32f30x_hd.o(RESET)
 <LI><a href="#[1a]">DMA0_Channel1_IRQHandler</a> from startup_gd32f30x_hd.o(.text) referenced from startup_gd32f30x_hd.o(RESET)
 <LI><a href="#[1b]">DMA0_Channel2_IRQHandler</a> from startup_gd32f30x_hd.o(.text) referenced from startup_gd32f30x_hd.o(RESET)
 <LI><a href="#[1c]">DMA0_Channel3_IRQHandler</a> from startup_gd32f30x_hd.o(.text) referenced from startup_gd32f30x_hd.o(RESET)
 <LI><a href="#[1d]">DMA0_Channel4_IRQHandler</a> from startup_gd32f30x_hd.o(.text) referenced from startup_gd32f30x_hd.o(RESET)
 <LI><a href="#[1e]">DMA0_Channel5_IRQHandler</a> from startup_gd32f30x_hd.o(.text) referenced from startup_gd32f30x_hd.o(RESET)
 <LI><a href="#[1f]">DMA0_Channel6_IRQHandler</a> from startup_gd32f30x_hd.o(.text) referenced from startup_gd32f30x_hd.o(RESET)
 <LI><a href="#[46]">DMA1_Channel0_IRQHandler</a> from startup_gd32f30x_hd.o(.text) referenced from startup_gd32f30x_hd.o(RESET)
 <LI><a href="#[47]">DMA1_Channel1_IRQHandler</a> from startup_gd32f30x_hd.o(.text) referenced from startup_gd32f30x_hd.o(RESET)
 <LI><a href="#[48]">DMA1_Channel2_IRQHandler</a> from startup_gd32f30x_hd.o(.text) referenced from startup_gd32f30x_hd.o(RESET)
 <LI><a href="#[49]">DMA1_Channel3_4_IRQHandler</a> from startup_gd32f30x_hd.o(.text) referenced from startup_gd32f30x_hd.o(RESET)
 <LI><a href="#[b]">DebugMon_Handler</a> from startup_gd32f30x_hd.o(.text) referenced from startup_gd32f30x_hd.o(RESET)
 <LI><a href="#[3e]">EXMC_IRQHandler</a> from startup_gd32f30x_hd.o(.text) referenced from startup_gd32f30x_hd.o(RESET)
 <LI><a href="#[14]">EXTI0_IRQHandler</a> from sensor.o(i.EXTI0_IRQHandler) referenced from startup_gd32f30x_hd.o(RESET)
 <LI><a href="#[36]">EXTI10_15_IRQHandler</a> from startup_gd32f30x_hd.o(.text) referenced from startup_gd32f30x_hd.o(RESET)
 <LI><a href="#[15]">EXTI1_IRQHandler</a> from startup_gd32f30x_hd.o(.text) referenced from startup_gd32f30x_hd.o(RESET)
 <LI><a href="#[16]">EXTI2_IRQHandler</a> from startup_gd32f30x_hd.o(.text) referenced from startup_gd32f30x_hd.o(RESET)
 <LI><a href="#[17]">EXTI3_IRQHandler</a> from startup_gd32f30x_hd.o(.text) referenced from startup_gd32f30x_hd.o(RESET)
 <LI><a href="#[18]">EXTI4_IRQHandler</a> from startup_gd32f30x_hd.o(.text) referenced from startup_gd32f30x_hd.o(RESET)
 <LI><a href="#[25]">EXTI5_9_IRQHandler</a> from sensor.o(i.EXTI5_9_IRQHandler) referenced from startup_gd32f30x_hd.o(RESET)
 <LI><a href="#[12]">FMC_IRQHandler</a> from startup_gd32f30x_hd.o(.text) referenced from startup_gd32f30x_hd.o(RESET)
 <LI><a href="#[6]">HardFault_Handler</a> from core.o(i.HardFault_Handler) referenced from startup_gd32f30x_hd.o(RESET)
 <LI><a href="#[2e]">I2C0_ER_IRQHandler</a> from startup_gd32f30x_hd.o(.text) referenced from startup_gd32f30x_hd.o(RESET)
 <LI><a href="#[2d]">I2C0_EV_IRQHandler</a> from startup_gd32f30x_hd.o(.text) referenced from startup_gd32f30x_hd.o(RESET)
 <LI><a href="#[30]">I2C1_ER_IRQHandler</a> from startup_gd32f30x_hd.o(.text) referenced from startup_gd32f30x_hd.o(RESET)
 <LI><a href="#[2f]">I2C1_EV_IRQHandler</a> from startup_gd32f30x_hd.o(.text) referenced from startup_gd32f30x_hd.o(RESET)
 <LI><a href="#[f]">LVD_IRQHandler</a> from startup_gd32f30x_hd.o(.text) referenced from startup_gd32f30x_hd.o(RESET)
 <LI><a href="#[7]">MemManage_Handler</a> from startup_gd32f30x_hd.o(.text) referenced from startup_gd32f30x_hd.o(RESET)
 <LI><a href="#[5]">NMI_Handler</a> from core.o(i.NMI_Handler) referenced from startup_gd32f30x_hd.o(RESET)
 <LI><a href="#[c]">PendSV_Handler</a> from startup_gd32f30x_hd.o(.text) referenced from startup_gd32f30x_hd.o(RESET)
 <LI><a href="#[13]">RCU_CTC_IRQHandler</a> from startup_gd32f30x_hd.o(.text) referenced from startup_gd32f30x_hd.o(RESET)
 <LI><a href="#[37]">RTC_Alarm_IRQHandler</a> from startup_gd32f30x_hd.o(.text) referenced from startup_gd32f30x_hd.o(RESET)
 <LI><a href="#[11]">RTC_IRQHandler</a> from startup_gd32f30x_hd.o(.text) referenced from startup_gd32f30x_hd.o(RESET)
 <LI><a href="#[4]">Reset_Handler</a> from startup_gd32f30x_hd.o(.text) referenced from startup_gd32f30x_hd.o(RESET)
 <LI><a href="#[3f]">SDIO_IRQHandler</a> from startup_gd32f30x_hd.o(.text) referenced from startup_gd32f30x_hd.o(RESET)
 <LI><a href="#[31]">SPI0_IRQHandler</a> from startup_gd32f30x_hd.o(.text) referenced from startup_gd32f30x_hd.o(RESET)
 <LI><a href="#[32]">SPI1_IRQHandler</a> from startup_gd32f30x_hd.o(.text) referenced from startup_gd32f30x_hd.o(RESET)
 <LI><a href="#[41]">SPI2_IRQHandler</a> from startup_gd32f30x_hd.o(.text) referenced from startup_gd32f30x_hd.o(RESET)
 <LI><a href="#[a]">SVC_Handler</a> from startup_gd32f30x_hd.o(.text) referenced from startup_gd32f30x_hd.o(RESET)
 <LI><a href="#[d]">SysTick_Handler</a> from core.o(i.SysTick_Handler) referenced from startup_gd32f30x_hd.o(RESET)
 <LI><a href="#[4a]">SystemInit</a> from system_gd32f30x.o(i.SystemInit) referenced from startup_gd32f30x_hd.o(.text)
 <LI><a href="#[10]">TAMPER_IRQHandler</a> from startup_gd32f30x_hd.o(.text) referenced from startup_gd32f30x_hd.o(RESET)
 <LI><a href="#[26]">TIMER0_BRK_IRQHandler</a> from startup_gd32f30x_hd.o(.text) referenced from startup_gd32f30x_hd.o(RESET)
 <LI><a href="#[29]">TIMER0_Channel_IRQHandler</a> from startup_gd32f30x_hd.o(.text) referenced from startup_gd32f30x_hd.o(RESET)
 <LI><a href="#[28]">TIMER0_TRG_CMT_IRQHandler</a> from startup_gd32f30x_hd.o(.text) referenced from startup_gd32f30x_hd.o(RESET)
 <LI><a href="#[27]">TIMER0_UP_IRQHandler</a> from startup_gd32f30x_hd.o(.text) referenced from startup_gd32f30x_hd.o(RESET)
 <LI><a href="#[2a]">TIMER1_IRQHandler</a> from startup_gd32f30x_hd.o(.text) referenced from startup_gd32f30x_hd.o(RESET)
 <LI><a href="#[2b]">TIMER2_IRQHandler</a> from startup_gd32f30x_hd.o(.text) referenced from startup_gd32f30x_hd.o(RESET)
 <LI><a href="#[2c]">TIMER3_IRQHandler</a> from startup_gd32f30x_hd.o(.text) referenced from startup_gd32f30x_hd.o(RESET)
 <LI><a href="#[40]">TIMER4_IRQHandler</a> from startup_gd32f30x_hd.o(.text) referenced from startup_gd32f30x_hd.o(RESET)
 <LI><a href="#[44]">TIMER5_IRQHandler</a> from startup_gd32f30x_hd.o(.text) referenced from startup_gd32f30x_hd.o(RESET)
 <LI><a href="#[45]">TIMER6_IRQHandler</a> from startup_gd32f30x_hd.o(.text) referenced from startup_gd32f30x_hd.o(RESET)
 <LI><a href="#[39]">TIMER7_BRK_IRQHandler</a> from startup_gd32f30x_hd.o(.text) referenced from startup_gd32f30x_hd.o(RESET)
 <LI><a href="#[3c]">TIMER7_Channel_IRQHandler</a> from startup_gd32f30x_hd.o(.text) referenced from startup_gd32f30x_hd.o(RESET)
 <LI><a href="#[3b]">TIMER7_TRG_CMT_IRQHandler</a> from startup_gd32f30x_hd.o(.text) referenced from startup_gd32f30x_hd.o(RESET)
 <LI><a href="#[3a]">TIMER7_UP_IRQHandler</a> from startup_gd32f30x_hd.o(.text) referenced from startup_gd32f30x_hd.o(RESET)
 <LI><a href="#[42]">UART3_IRQHandler</a> from startup_gd32f30x_hd.o(.text) referenced from startup_gd32f30x_hd.o(RESET)
 <LI><a href="#[43]">UART4_IRQHandler</a> from startup_gd32f30x_hd.o(.text) referenced from startup_gd32f30x_hd.o(RESET)
 <LI><a href="#[33]">USART0_IRQHandler</a> from usart.o(i.USART0_IRQHandler) referenced from startup_gd32f30x_hd.o(RESET)
 <LI><a href="#[34]">USART1_IRQHandler</a> from startup_gd32f30x_hd.o(.text) referenced from startup_gd32f30x_hd.o(RESET)
 <LI><a href="#[35]">USART2_IRQHandler</a> from startup_gd32f30x_hd.o(.text) referenced from startup_gd32f30x_hd.o(RESET)
 <LI><a href="#[21]">USBD_HP_CAN0_TX_IRQHandler</a> from startup_gd32f30x_hd.o(.text) referenced from startup_gd32f30x_hd.o(RESET)
 <LI><a href="#[22]">USBD_LP_CAN0_RX0_IRQHandler</a> from startup_gd32f30x_hd.o(.text) referenced from startup_gd32f30x_hd.o(RESET)
 <LI><a href="#[38]">USBD_WKUP_IRQHandler</a> from startup_gd32f30x_hd.o(.text) referenced from startup_gd32f30x_hd.o(RESET)
 <LI><a href="#[9]">UsageFault_Handler</a> from startup_gd32f30x_hd.o(.text) referenced from startup_gd32f30x_hd.o(RESET)
 <LI><a href="#[e]">WWDGT_IRQHandler</a> from startup_gd32f30x_hd.o(.text) referenced from startup_gd32f30x_hd.o(RESET)
 <LI><a href="#[62]">__main</a> from __main.o(!!!main) referenced from startup_gd32f30x_hd.o(.text)
 <LI><a href="#[5a]">__sti___10_canvas_cpp_canvas</a> from canvas.o(i.__sti___10_canvas_cpp_canvas) referenced from canvas.o(.init_array)
 <LI><a href="#[4c]">__sti___10_search_cpp_search</a> from search.o(i.__sti___10_search_cpp_search) referenced from search.o(.init_array)
 <LI><a href="#[56]">__sti___10_slider_cpp_slider</a> from slider.o(i.__sti___10_slider_cpp_slider) referenced from slider.o(.init_array)
 <LI><a href="#[4e]">__sti___10_system_cpp_air</a> from system.o(i.__sti___10_system_cpp_air) referenced from system.o(.init_array)
 <LI><a href="#[5f]">__sti___11_display_cpp_display</a> from display.o(i.__sti___11_display_cpp_display) referenced from display.o(.init_array)
 <LI><a href="#[5d]">__sti___11_pgn_rvc_cpp_b5b58dd4</a> from pgn_rvc.o(i.__sti___11_pgn_rvc_cpp_b5b58dd4) referenced from pgn_rvc.o(.init_array)
 <LI><a href="#[57]">__sti___12_checkbox_cpp_checkbox</a> from checkbox.o(i.__sti___12_checkbox_cpp_checkbox) referenced from checkbox.o(.init_array)
 <LI><a href="#[52]">__sti___15_setup_clock_cpp_ccf099aa</a> from setup_clock.o(i.__sti___15_setup_clock_cpp_ccf099aa) referenced from setup_clock.o(.init_array)
 <LI><a href="#[55]">__sti___15_start_timer_cpp_c98decc7</a> from start_timer.o(i.__sti___15_start_timer_cpp_c98decc7) referenced from start_timer.o(.init_array)
 <LI><a href="#[5e]">__sti___15_temperature_cpp_be4e2a6c</a> from temperature.o(i.__sti___15_temperature_cpp_be4e2a6c) referenced from temperature.o(.init_array)
 <LI><a href="#[50]">__sti___16_start_timers_cpp_1ec715f4</a> from start_timers.o(i.__sti___16_start_timers_cpp_1ec715f4) referenced from start_timers.o(.init_array)
 <LI><a href="#[5b]">__sti___7_can_cpp_can</a> from can.o(i.__sti___7_can_cpp_can) referenced from can.o(.init_array)
 <LI><a href="#[60]">__sti___7_hcu_cpp_hcu</a> from hcu.o(i.__sti___7_hcu_cpp_hcu) referenced from hcu.o(.init_array)
 <LI><a href="#[5c]">__sti___7_rvc_cpp_rvc</a> from rvc.o(i.__sti___7_rvc_cpp_rvc) referenced from rvc.o(.init_array)
 <LI><a href="#[59]">__sti___8_core_cpp_core</a> from core.o(i.__sti___8_core_cpp_core) referenced from core.o(.init_array)
 <LI><a href="#[54]">__sti___8_text_cpp_text</a> from text.o(i.__sti___8_text_cpp_text) referenced from text.o(.init_array)
 <LI><a href="#[53]">__sti___9_about_cpp_about</a> from about.o(i.__sti___9_about_cpp_about) referenced from about.o(.init_array)
 <LI><a href="#[58]">__sti___9_clock_cpp_clock</a> from clock.o(i.__sti___9_clock_cpp_clock) referenced from clock.o(.init_array)
 <LI><a href="#[4d]">__sti___9_error_cpp_error</a> from error.o(i.__sti___9_error_cpp_error) referenced from error.o(.init_array)
 <LI><a href="#[51]">__sti___9_setup_cpp_setup</a> from setup.o(i.__sti___9_setup_cpp_setup) referenced from setup.o(.init_array)
 <LI><a href="#[4f]">__sti___9_sleep_cpp_sleep</a> from sleep.o(i.__sti___9_sleep_cpp_sleep) referenced from sleep.o(.init_array)
 <LI><a href="#[61]">__sti___9_usart_cpp_usart</a> from usart.o(i.__sti___9_usart_cpp_usart) referenced from usart.o(.init_array)
</UL>
<P>
<H3>
Global Symbols
</H3>
<P><STRONG><a name="[62]"></a>__main</STRONG> (Thumb, 8 bytes, Stack size 0 bytes, __main.o(!!!main))
<BR><BR>[Calls]<UL><LI><a href="#[65]">&gt;&gt;</a>&nbsp;&nbsp;&nbsp;__rt_entry
<LI><a href="#[64]">&gt;&gt;</a>&nbsp;&nbsp;&nbsp;__scatterload
</UL>

<P><STRONG><a name="[64]"></a>__scatterload</STRONG> (Thumb, 0 bytes, Stack size unknown bytes, __scatter.o(!!!scatter))
<BR><BR>[Called By]<UL><LI><a href="#[62]">&gt;&gt;</a>&nbsp;&nbsp;&nbsp;__main
</UL>

<P><STRONG><a name="[66]"></a>__scatterload_rt2</STRONG> (Thumb, 44 bytes, Stack size unknown bytes, __scatter.o(!!!scatter), UNUSED)
<BR><BR>[Calls]<UL><LI><a href="#[65]">&gt;&gt;</a>&nbsp;&nbsp;&nbsp;__rt_entry
</UL>

<P><STRONG><a name="[231]"></a>__scatterload_rt2_thumb_only</STRONG> (Thumb, 0 bytes, Stack size unknown bytes, __scatter.o(!!!scatter), UNUSED)

<P><STRONG><a name="[232]"></a>__scatterload_null</STRONG> (Thumb, 0 bytes, Stack size unknown bytes, __scatter.o(!!!scatter), UNUSED)

<P><STRONG><a name="[67]"></a>__scatterload_copy</STRONG> (Thumb, 26 bytes, Stack size unknown bytes, __scatter_copy.o(!!handler_copy), UNUSED)
<BR><BR>[Calls]<UL><LI><a href="#[67]">&gt;&gt;</a>&nbsp;&nbsp;&nbsp;__scatterload_copy
</UL>
<BR>[Called By]<UL><LI><a href="#[67]">&gt;&gt;</a>&nbsp;&nbsp;&nbsp;__scatterload_copy
</UL>

<P><STRONG><a name="[233]"></a>__scatterload_zeroinit</STRONG> (Thumb, 28 bytes, Stack size unknown bytes, __scatter_zi.o(!!handler_zi), UNUSED)

<P><STRONG><a name="[6e]"></a>__rt_lib_init</STRONG> (Thumb, 0 bytes, Stack size unknown bytes, libinit.o(.ARM.Collect$$libinit$$00000000))
<BR><BR>[Called By]<UL><LI><a href="#[6d]">&gt;&gt;</a>&nbsp;&nbsp;&nbsp;__rt_entry_li
</UL>

<P><STRONG><a name="[68]"></a>__rt_lib_init_fp_1</STRONG> (Thumb, 0 bytes, Stack size unknown bytes, libinit2.o(.ARM.Collect$$libinit$$00000001))
<BR><BR>[Calls]<UL><LI><a href="#[69]">&gt;&gt;</a>&nbsp;&nbsp;&nbsp;_fp_init
</UL>

<P><STRONG><a name="[234]"></a>__rt_lib_init_alloca_1</STRONG> (Thumb, 0 bytes, Stack size unknown bytes, libinit2.o(.ARM.Collect$$libinit$$0000002E))

<P><STRONG><a name="[235]"></a>__rt_lib_init_argv_1</STRONG> (Thumb, 0 bytes, Stack size unknown bytes, libinit2.o(.ARM.Collect$$libinit$$0000002C))

<P><STRONG><a name="[236]"></a>__rt_lib_init_atexit_1</STRONG> (Thumb, 0 bytes, Stack size unknown bytes, libinit2.o(.ARM.Collect$$libinit$$0000001B))

<P><STRONG><a name="[237]"></a>__rt_lib_init_clock_1</STRONG> (Thumb, 0 bytes, Stack size unknown bytes, libinit2.o(.ARM.Collect$$libinit$$00000021))

<P><STRONG><a name="[6a]"></a>__rt_lib_init_cpp_2</STRONG> (Thumb, 0 bytes, Stack size unknown bytes, libinit2.o(.ARM.Collect$$libinit$$00000031))
<BR><BR>[Stack]<UL><LI>Max Depth = 16 + Unknown Stack Size
<LI>Call Chain = __rt_lib_init_cpp_2 &rArr; __cpp_initialize__aeabi_
</UL>
<BR>[Calls]<UL><LI><a href="#[63]">&gt;&gt;</a>&nbsp;&nbsp;&nbsp;__cpp_initialize__aeabi_
</UL>

<P><STRONG><a name="[238]"></a>__rt_lib_init_exceptions_1</STRONG> (Thumb, 0 bytes, Stack size unknown bytes, libinit2.o(.ARM.Collect$$libinit$$00000030))

<P><STRONG><a name="[239]"></a>__rt_lib_init_fp_trap_1</STRONG> (Thumb, 0 bytes, Stack size unknown bytes, libinit2.o(.ARM.Collect$$libinit$$0000001F))

<P><STRONG><a name="[23a]"></a>__rt_lib_init_getenv_1</STRONG> (Thumb, 0 bytes, Stack size unknown bytes, libinit2.o(.ARM.Collect$$libinit$$00000023))

<P><STRONG><a name="[23b]"></a>__rt_lib_init_heap_1</STRONG> (Thumb, 0 bytes, Stack size unknown bytes, libinit2.o(.ARM.Collect$$libinit$$0000000A))

<P><STRONG><a name="[23c]"></a>__rt_lib_init_lc_collate_1</STRONG> (Thumb, 0 bytes, Stack size unknown bytes, libinit2.o(.ARM.Collect$$libinit$$00000011))

<P><STRONG><a name="[23d]"></a>__rt_lib_init_lc_ctype_1</STRONG> (Thumb, 0 bytes, Stack size unknown bytes, libinit2.o(.ARM.Collect$$libinit$$00000013))

<P><STRONG><a name="[23e]"></a>__rt_lib_init_lc_monetary_1</STRONG> (Thumb, 0 bytes, Stack size unknown bytes, libinit2.o(.ARM.Collect$$libinit$$00000015))

<P><STRONG><a name="[23f]"></a>__rt_lib_init_lc_numeric_1</STRONG> (Thumb, 0 bytes, Stack size unknown bytes, libinit2.o(.ARM.Collect$$libinit$$00000017))

<P><STRONG><a name="[240]"></a>__rt_lib_init_lc_time_1</STRONG> (Thumb, 0 bytes, Stack size unknown bytes, libinit2.o(.ARM.Collect$$libinit$$00000019))

<P><STRONG><a name="[241]"></a>__rt_lib_init_preinit_1</STRONG> (Thumb, 0 bytes, Stack size unknown bytes, libinit2.o(.ARM.Collect$$libinit$$00000004))

<P><STRONG><a name="[242]"></a>__rt_lib_init_rand_1</STRONG> (Thumb, 0 bytes, Stack size unknown bytes, libinit2.o(.ARM.Collect$$libinit$$0000000E))

<P><STRONG><a name="[243]"></a>__rt_lib_init_signal_1</STRONG> (Thumb, 0 bytes, Stack size unknown bytes, libinit2.o(.ARM.Collect$$libinit$$0000001D))

<P><STRONG><a name="[244]"></a>__rt_lib_init_stdio_1</STRONG> (Thumb, 0 bytes, Stack size unknown bytes, libinit2.o(.ARM.Collect$$libinit$$00000025))

<P><STRONG><a name="[245]"></a>__rt_lib_init_user_alloc_1</STRONG> (Thumb, 0 bytes, Stack size unknown bytes, libinit2.o(.ARM.Collect$$libinit$$0000000C))

<P><STRONG><a name="[246]"></a>__rt_lib_init_cpp_1</STRONG> (Thumb, 0 bytes, Stack size unknown bytes, libinit2.o(.ARM.Collect$$libinit$$00000032))

<P><STRONG><a name="[247]"></a>__rt_lib_init_return</STRONG> (Thumb, 0 bytes, Stack size unknown bytes, libinit2.o(.ARM.Collect$$libinit$$00000033))

<P><STRONG><a name="[73]"></a>__rt_lib_shutdown</STRONG> (Thumb, 0 bytes, Stack size unknown bytes, libshutdown.o(.ARM.Collect$$libshutdown$$00000000))
<BR><BR>[Called By]<UL><LI><a href="#[72]">&gt;&gt;</a>&nbsp;&nbsp;&nbsp;__rt_exit_ls
</UL>

<P><STRONG><a name="[248]"></a>__rt_lib_shutdown_cpp_1</STRONG> (Thumb, 0 bytes, Stack size unknown bytes, libshutdown2.o(.ARM.Collect$$libshutdown$$00000004))

<P><STRONG><a name="[249]"></a>__rt_lib_shutdown_fini_1</STRONG> (Thumb, 0 bytes, Stack size unknown bytes, libshutdown2.o(.ARM.Collect$$libshutdown$$00000002))

<P><STRONG><a name="[24a]"></a>__rt_lib_shutdown_fp_trap_1</STRONG> (Thumb, 0 bytes, Stack size unknown bytes, libshutdown2.o(.ARM.Collect$$libshutdown$$00000009))

<P><STRONG><a name="[24b]"></a>__rt_lib_shutdown_heap_1</STRONG> (Thumb, 0 bytes, Stack size unknown bytes, libshutdown2.o(.ARM.Collect$$libshutdown$$00000011))

<P><STRONG><a name="[24c]"></a>__rt_lib_shutdown_return</STRONG> (Thumb, 0 bytes, Stack size unknown bytes, libshutdown2.o(.ARM.Collect$$libshutdown$$00000012))

<P><STRONG><a name="[24d]"></a>__rt_lib_shutdown_signal_1</STRONG> (Thumb, 0 bytes, Stack size unknown bytes, libshutdown2.o(.ARM.Collect$$libshutdown$$0000000C))

<P><STRONG><a name="[24e]"></a>__rt_lib_shutdown_stdio_1</STRONG> (Thumb, 0 bytes, Stack size unknown bytes, libshutdown2.o(.ARM.Collect$$libshutdown$$00000006))

<P><STRONG><a name="[24f]"></a>__rt_lib_shutdown_user_alloc_1</STRONG> (Thumb, 0 bytes, Stack size unknown bytes, libshutdown2.o(.ARM.Collect$$libshutdown$$0000000E))

<P><STRONG><a name="[65]"></a>__rt_entry</STRONG> (Thumb, 0 bytes, Stack size unknown bytes, __rtentry.o(.ARM.Collect$$rtentry$$00000000))
<BR><BR>[Called By]<UL><LI><a href="#[62]">&gt;&gt;</a>&nbsp;&nbsp;&nbsp;__main
<LI><a href="#[66]">&gt;&gt;</a>&nbsp;&nbsp;&nbsp;__scatterload_rt2
</UL>

<P><STRONG><a name="[250]"></a>__rt_entry_presh_1</STRONG> (Thumb, 0 bytes, Stack size unknown bytes, __rtentry2.o(.ARM.Collect$$rtentry$$00000002))

<P><STRONG><a name="[6b]"></a>__rt_entry_sh</STRONG> (Thumb, 0 bytes, Stack size unknown bytes, __rtentry4.o(.ARM.Collect$$rtentry$$00000004))
<BR><BR>[Stack]<UL><LI>Max Depth = 8 + Unknown Stack Size
<LI>Call Chain = __rt_entry_sh &rArr; __user_setup_stackheap
</UL>
<BR>[Calls]<UL><LI><a href="#[6c]">&gt;&gt;</a>&nbsp;&nbsp;&nbsp;__user_setup_stackheap
</UL>

<P><STRONG><a name="[6d]"></a>__rt_entry_li</STRONG> (Thumb, 0 bytes, Stack size unknown bytes, __rtentry2.o(.ARM.Collect$$rtentry$$0000000A))
<BR><BR>[Calls]<UL><LI><a href="#[6e]">&gt;&gt;</a>&nbsp;&nbsp;&nbsp;__rt_lib_init
</UL>

<P><STRONG><a name="[251]"></a>__rt_entry_postsh_1</STRONG> (Thumb, 0 bytes, Stack size unknown bytes, __rtentry2.o(.ARM.Collect$$rtentry$$00000009))

<P><STRONG><a name="[6f]"></a>__rt_entry_main</STRONG> (Thumb, 0 bytes, Stack size unknown bytes, __rtentry2.o(.ARM.Collect$$rtentry$$0000000D))
<BR><BR>[Stack]<UL><LI>Max Depth = 652 + Unknown Stack Size
<LI>Call Chain = __rt_entry_main &rArr; main &rArr; activityAir() &rArr; Setup::viewScreen() &rArr; Setup::viewPage(unsigned char, unsigned char) &rArr; Setup::viewScreen11(unsigned char) &rArr; Text::writeDigit(unsigned short, unsigned short, const char*, unsigned, unsigned char) &rArr; Text::writeOneDigit(unsigned short, unsigned short, char, unsigned, unsigned char) &rArr; Canvas::loadImageOverColor(unsigned short, unsigned short, unsigned, unsigned, unsigned char, unsigned) &rArr; Canvas::writePixel(short, short, unsigned) &rArr; Display::setAddrWindow(unsigned short, unsigned short, unsigned short, unsigned short) &rArr; Display::writeData(unsigned char) &rArr; Sleep::setLowPower(bool) &rArr; Usart::changeBaudrate(unsigned) &rArr; usart_baudrate_set(unsigned, unsigned) &rArr; rcu_clock_freq_get(rcu_clock_freq_enum)
</UL>
<BR>[Calls]<UL><LI><a href="#[70]">&gt;&gt;</a>&nbsp;&nbsp;&nbsp;main
<LI><a href="#[71]">&gt;&gt;</a>&nbsp;&nbsp;&nbsp;exit
</UL>

<P><STRONG><a name="[252]"></a>__rt_entry_postli_1</STRONG> (Thumb, 0 bytes, Stack size unknown bytes, __rtentry2.o(.ARM.Collect$$rtentry$$0000000C))

<P><STRONG><a name="[7b]"></a>__rt_exit</STRONG> (Thumb, 0 bytes, Stack size unknown bytes, rtexit.o(.ARM.Collect$$rtexit$$00000000))
<BR><BR>[Called By]<UL><LI><a href="#[71]">&gt;&gt;</a>&nbsp;&nbsp;&nbsp;exit
</UL>

<P><STRONG><a name="[72]"></a>__rt_exit_ls</STRONG> (Thumb, 0 bytes, Stack size unknown bytes, rtexit2.o(.ARM.Collect$$rtexit$$00000003))
<BR><BR>[Calls]<UL><LI><a href="#[73]">&gt;&gt;</a>&nbsp;&nbsp;&nbsp;__rt_lib_shutdown
</UL>

<P><STRONG><a name="[253]"></a>__rt_exit_prels_1</STRONG> (Thumb, 0 bytes, Stack size unknown bytes, rtexit2.o(.ARM.Collect$$rtexit$$00000002))

<P><STRONG><a name="[74]"></a>__rt_exit_exit</STRONG> (Thumb, 0 bytes, Stack size unknown bytes, rtexit2.o(.ARM.Collect$$rtexit$$00000004))
<BR><BR>[Calls]<UL><LI><a href="#[75]">&gt;&gt;</a>&nbsp;&nbsp;&nbsp;_sys_exit
</UL>

<P><STRONG><a name="[4]"></a>Reset_Handler</STRONG> (Thumb, 8 bytes, Stack size 0 bytes, startup_gd32f30x_hd.o(.text))
<BR>[Address Reference Count : 1]<UL><LI> startup_gd32f30x_hd.o(RESET)
</UL>
<P><STRONG><a name="[7]"></a>MemManage_Handler</STRONG> (Thumb, 2 bytes, Stack size 0 bytes, startup_gd32f30x_hd.o(.text))
<BR><BR>[Calls]<UL><LI><a href="#[7]">&gt;&gt;</a>&nbsp;&nbsp;&nbsp;MemManage_Handler
</UL>
<BR>[Called By]<UL><LI><a href="#[7]">&gt;&gt;</a>&nbsp;&nbsp;&nbsp;MemManage_Handler
</UL>
<BR>[Address Reference Count : 1]<UL><LI> startup_gd32f30x_hd.o(RESET)
</UL>
<P><STRONG><a name="[8]"></a>BusFault_Handler</STRONG> (Thumb, 2 bytes, Stack size 0 bytes, startup_gd32f30x_hd.o(.text))
<BR><BR>[Calls]<UL><LI><a href="#[8]">&gt;&gt;</a>&nbsp;&nbsp;&nbsp;BusFault_Handler
</UL>
<BR>[Called By]<UL><LI><a href="#[8]">&gt;&gt;</a>&nbsp;&nbsp;&nbsp;BusFault_Handler
</UL>
<BR>[Address Reference Count : 1]<UL><LI> startup_gd32f30x_hd.o(RESET)
</UL>
<P><STRONG><a name="[9]"></a>UsageFault_Handler</STRONG> (Thumb, 2 bytes, Stack size 0 bytes, startup_gd32f30x_hd.o(.text))
<BR><BR>[Calls]<UL><LI><a href="#[9]">&gt;&gt;</a>&nbsp;&nbsp;&nbsp;UsageFault_Handler
</UL>
<BR>[Called By]<UL><LI><a href="#[9]">&gt;&gt;</a>&nbsp;&nbsp;&nbsp;UsageFault_Handler
</UL>
<BR>[Address Reference Count : 1]<UL><LI> startup_gd32f30x_hd.o(RESET)
</UL>
<P><STRONG><a name="[a]"></a>SVC_Handler</STRONG> (Thumb, 2 bytes, Stack size 0 bytes, startup_gd32f30x_hd.o(.text))
<BR><BR>[Calls]<UL><LI><a href="#[a]">&gt;&gt;</a>&nbsp;&nbsp;&nbsp;SVC_Handler
</UL>
<BR>[Called By]<UL><LI><a href="#[a]">&gt;&gt;</a>&nbsp;&nbsp;&nbsp;SVC_Handler
</UL>
<BR>[Address Reference Count : 1]<UL><LI> startup_gd32f30x_hd.o(RESET)
</UL>
<P><STRONG><a name="[b]"></a>DebugMon_Handler</STRONG> (Thumb, 2 bytes, Stack size 0 bytes, startup_gd32f30x_hd.o(.text))
<BR><BR>[Calls]<UL><LI><a href="#[b]">&gt;&gt;</a>&nbsp;&nbsp;&nbsp;DebugMon_Handler
</UL>
<BR>[Called By]<UL><LI><a href="#[b]">&gt;&gt;</a>&nbsp;&nbsp;&nbsp;DebugMon_Handler
</UL>
<BR>[Address Reference Count : 1]<UL><LI> startup_gd32f30x_hd.o(RESET)
</UL>
<P><STRONG><a name="[c]"></a>PendSV_Handler</STRONG> (Thumb, 2 bytes, Stack size 0 bytes, startup_gd32f30x_hd.o(.text))
<BR><BR>[Calls]<UL><LI><a href="#[c]">&gt;&gt;</a>&nbsp;&nbsp;&nbsp;PendSV_Handler
</UL>
<BR>[Called By]<UL><LI><a href="#[c]">&gt;&gt;</a>&nbsp;&nbsp;&nbsp;PendSV_Handler
</UL>
<BR>[Address Reference Count : 1]<UL><LI> startup_gd32f30x_hd.o(RESET)
</UL>
<P><STRONG><a name="[20]"></a>ADC0_1_IRQHandler</STRONG> (Thumb, 0 bytes, Stack size 0 bytes, startup_gd32f30x_hd.o(.text))
<BR><BR>[Calls]<UL><LI><a href="#[20]">&gt;&gt;</a>&nbsp;&nbsp;&nbsp;ADC0_1_IRQHandler
</UL>
<BR>[Called By]<UL><LI><a href="#[20]">&gt;&gt;</a>&nbsp;&nbsp;&nbsp;ADC0_1_IRQHandler
</UL>
<BR>[Address Reference Count : 1]<UL><LI> startup_gd32f30x_hd.o(RESET)
</UL>
<P><STRONG><a name="[3d]"></a>ADC2_IRQHandler</STRONG> (Thumb, 0 bytes, Stack size 0 bytes, startup_gd32f30x_hd.o(.text))
<BR>[Address Reference Count : 1]<UL><LI> startup_gd32f30x_hd.o(RESET)
</UL>
<P><STRONG><a name="[24]"></a>CAN0_EWMC_IRQHandler</STRONG> (Thumb, 0 bytes, Stack size 0 bytes, startup_gd32f30x_hd.o(.text))
<BR>[Address Reference Count : 1]<UL><LI> startup_gd32f30x_hd.o(RESET)
</UL>
<P><STRONG><a name="[19]"></a>DMA0_Channel0_IRQHandler</STRONG> (Thumb, 0 bytes, Stack size 0 bytes, startup_gd32f30x_hd.o(.text))
<BR>[Address Reference Count : 1]<UL><LI> startup_gd32f30x_hd.o(RESET)
</UL>
<P><STRONG><a name="[1a]"></a>DMA0_Channel1_IRQHandler</STRONG> (Thumb, 0 bytes, Stack size 0 bytes, startup_gd32f30x_hd.o(.text))
<BR>[Address Reference Count : 1]<UL><LI> startup_gd32f30x_hd.o(RESET)
</UL>
<P><STRONG><a name="[1b]"></a>DMA0_Channel2_IRQHandler</STRONG> (Thumb, 0 bytes, Stack size 0 bytes, startup_gd32f30x_hd.o(.text))
<BR>[Address Reference Count : 1]<UL><LI> startup_gd32f30x_hd.o(RESET)
</UL>
<P><STRONG><a name="[1c]"></a>DMA0_Channel3_IRQHandler</STRONG> (Thumb, 0 bytes, Stack size 0 bytes, startup_gd32f30x_hd.o(.text))
<BR>[Address Reference Count : 1]<UL><LI> startup_gd32f30x_hd.o(RESET)
</UL>
<P><STRONG><a name="[1d]"></a>DMA0_Channel4_IRQHandler</STRONG> (Thumb, 0 bytes, Stack size 0 bytes, startup_gd32f30x_hd.o(.text))
<BR>[Address Reference Count : 1]<UL><LI> startup_gd32f30x_hd.o(RESET)
</UL>
<P><STRONG><a name="[1e]"></a>DMA0_Channel5_IRQHandler</STRONG> (Thumb, 0 bytes, Stack size 0 bytes, startup_gd32f30x_hd.o(.text))
<BR>[Address Reference Count : 1]<UL><LI> startup_gd32f30x_hd.o(RESET)
</UL>
<P><STRONG><a name="[1f]"></a>DMA0_Channel6_IRQHandler</STRONG> (Thumb, 0 bytes, Stack size 0 bytes, startup_gd32f30x_hd.o(.text))
<BR>[Address Reference Count : 1]<UL><LI> startup_gd32f30x_hd.o(RESET)
</UL>
<P><STRONG><a name="[46]"></a>DMA1_Channel0_IRQHandler</STRONG> (Thumb, 0 bytes, Stack size 0 bytes, startup_gd32f30x_hd.o(.text))
<BR>[Address Reference Count : 1]<UL><LI> startup_gd32f30x_hd.o(RESET)
</UL>
<P><STRONG><a name="[47]"></a>DMA1_Channel1_IRQHandler</STRONG> (Thumb, 0 bytes, Stack size 0 bytes, startup_gd32f30x_hd.o(.text))
<BR>[Address Reference Count : 1]<UL><LI> startup_gd32f30x_hd.o(RESET)
</UL>
<P><STRONG><a name="[48]"></a>DMA1_Channel2_IRQHandler</STRONG> (Thumb, 0 bytes, Stack size 0 bytes, startup_gd32f30x_hd.o(.text))
<BR>[Address Reference Count : 1]<UL><LI> startup_gd32f30x_hd.o(RESET)
</UL>
<P><STRONG><a name="[49]"></a>DMA1_Channel3_4_IRQHandler</STRONG> (Thumb, 0 bytes, Stack size 0 bytes, startup_gd32f30x_hd.o(.text))
<BR>[Address Reference Count : 1]<UL><LI> startup_gd32f30x_hd.o(RESET)
</UL>
<P><STRONG><a name="[3e]"></a>EXMC_IRQHandler</STRONG> (Thumb, 0 bytes, Stack size 0 bytes, startup_gd32f30x_hd.o(.text))
<BR>[Address Reference Count : 1]<UL><LI> startup_gd32f30x_hd.o(RESET)
</UL>
<P><STRONG><a name="[36]"></a>EXTI10_15_IRQHandler</STRONG> (Thumb, 0 bytes, Stack size 0 bytes, startup_gd32f30x_hd.o(.text))
<BR>[Address Reference Count : 1]<UL><LI> startup_gd32f30x_hd.o(RESET)
</UL>
<P><STRONG><a name="[15]"></a>EXTI1_IRQHandler</STRONG> (Thumb, 0 bytes, Stack size 0 bytes, startup_gd32f30x_hd.o(.text))
<BR>[Address Reference Count : 1]<UL><LI> startup_gd32f30x_hd.o(RESET)
</UL>
<P><STRONG><a name="[16]"></a>EXTI2_IRQHandler</STRONG> (Thumb, 0 bytes, Stack size 0 bytes, startup_gd32f30x_hd.o(.text))
<BR>[Address Reference Count : 1]<UL><LI> startup_gd32f30x_hd.o(RESET)
</UL>
<P><STRONG><a name="[17]"></a>EXTI3_IRQHandler</STRONG> (Thumb, 0 bytes, Stack size 0 bytes, startup_gd32f30x_hd.o(.text))
<BR>[Address Reference Count : 1]<UL><LI> startup_gd32f30x_hd.o(RESET)
</UL>
<P><STRONG><a name="[18]"></a>EXTI4_IRQHandler</STRONG> (Thumb, 0 bytes, Stack size 0 bytes, startup_gd32f30x_hd.o(.text))
<BR>[Address Reference Count : 1]<UL><LI> startup_gd32f30x_hd.o(RESET)
</UL>
<P><STRONG><a name="[12]"></a>FMC_IRQHandler</STRONG> (Thumb, 0 bytes, Stack size 0 bytes, startup_gd32f30x_hd.o(.text))
<BR>[Address Reference Count : 1]<UL><LI> startup_gd32f30x_hd.o(RESET)
</UL>
<P><STRONG><a name="[2e]"></a>I2C0_ER_IRQHandler</STRONG> (Thumb, 0 bytes, Stack size 0 bytes, startup_gd32f30x_hd.o(.text))
<BR>[Address Reference Count : 1]<UL><LI> startup_gd32f30x_hd.o(RESET)
</UL>
<P><STRONG><a name="[2d]"></a>I2C0_EV_IRQHandler</STRONG> (Thumb, 0 bytes, Stack size 0 bytes, startup_gd32f30x_hd.o(.text))
<BR>[Address Reference Count : 1]<UL><LI> startup_gd32f30x_hd.o(RESET)
</UL>
<P><STRONG><a name="[30]"></a>I2C1_ER_IRQHandler</STRONG> (Thumb, 0 bytes, Stack size 0 bytes, startup_gd32f30x_hd.o(.text))
<BR>[Address Reference Count : 1]<UL><LI> startup_gd32f30x_hd.o(RESET)
</UL>
<P><STRONG><a name="[2f]"></a>I2C1_EV_IRQHandler</STRONG> (Thumb, 0 bytes, Stack size 0 bytes, startup_gd32f30x_hd.o(.text))
<BR>[Address Reference Count : 1]<UL><LI> startup_gd32f30x_hd.o(RESET)
</UL>
<P><STRONG><a name="[f]"></a>LVD_IRQHandler</STRONG> (Thumb, 0 bytes, Stack size 0 bytes, startup_gd32f30x_hd.o(.text))
<BR>[Address Reference Count : 1]<UL><LI> startup_gd32f30x_hd.o(RESET)
</UL>
<P><STRONG><a name="[13]"></a>RCU_CTC_IRQHandler</STRONG> (Thumb, 0 bytes, Stack size 0 bytes, startup_gd32f30x_hd.o(.text))
<BR>[Address Reference Count : 1]<UL><LI> startup_gd32f30x_hd.o(RESET)
</UL>
<P><STRONG><a name="[37]"></a>RTC_Alarm_IRQHandler</STRONG> (Thumb, 0 bytes, Stack size 0 bytes, startup_gd32f30x_hd.o(.text))
<BR>[Address Reference Count : 1]<UL><LI> startup_gd32f30x_hd.o(RESET)
</UL>
<P><STRONG><a name="[11]"></a>RTC_IRQHandler</STRONG> (Thumb, 0 bytes, Stack size 0 bytes, startup_gd32f30x_hd.o(.text))
<BR>[Address Reference Count : 1]<UL><LI> startup_gd32f30x_hd.o(RESET)
</UL>
<P><STRONG><a name="[3f]"></a>SDIO_IRQHandler</STRONG> (Thumb, 0 bytes, Stack size 0 bytes, startup_gd32f30x_hd.o(.text))
<BR>[Address Reference Count : 1]<UL><LI> startup_gd32f30x_hd.o(RESET)
</UL>
<P><STRONG><a name="[31]"></a>SPI0_IRQHandler</STRONG> (Thumb, 0 bytes, Stack size 0 bytes, startup_gd32f30x_hd.o(.text))
<BR>[Address Reference Count : 1]<UL><LI> startup_gd32f30x_hd.o(RESET)
</UL>
<P><STRONG><a name="[32]"></a>SPI1_IRQHandler</STRONG> (Thumb, 0 bytes, Stack size 0 bytes, startup_gd32f30x_hd.o(.text))
<BR>[Address Reference Count : 1]<UL><LI> startup_gd32f30x_hd.o(RESET)
</UL>
<P><STRONG><a name="[41]"></a>SPI2_IRQHandler</STRONG> (Thumb, 0 bytes, Stack size 0 bytes, startup_gd32f30x_hd.o(.text))
<BR>[Address Reference Count : 1]<UL><LI> startup_gd32f30x_hd.o(RESET)
</UL>
<P><STRONG><a name="[10]"></a>TAMPER_IRQHandler</STRONG> (Thumb, 0 bytes, Stack size 0 bytes, startup_gd32f30x_hd.o(.text))
<BR>[Address Reference Count : 1]<UL><LI> startup_gd32f30x_hd.o(RESET)
</UL>
<P><STRONG><a name="[26]"></a>TIMER0_BRK_IRQHandler</STRONG> (Thumb, 0 bytes, Stack size 0 bytes, startup_gd32f30x_hd.o(.text))
<BR>[Address Reference Count : 1]<UL><LI> startup_gd32f30x_hd.o(RESET)
</UL>
<P><STRONG><a name="[29]"></a>TIMER0_Channel_IRQHandler</STRONG> (Thumb, 0 bytes, Stack size 0 bytes, startup_gd32f30x_hd.o(.text))
<BR>[Address Reference Count : 1]<UL><LI> startup_gd32f30x_hd.o(RESET)
</UL>
<P><STRONG><a name="[28]"></a>TIMER0_TRG_CMT_IRQHandler</STRONG> (Thumb, 0 bytes, Stack size 0 bytes, startup_gd32f30x_hd.o(.text))
<BR>[Address Reference Count : 1]<UL><LI> startup_gd32f30x_hd.o(RESET)
</UL>
<P><STRONG><a name="[27]"></a>TIMER0_UP_IRQHandler</STRONG> (Thumb, 0 bytes, Stack size 0 bytes, startup_gd32f30x_hd.o(.text))
<BR>[Address Reference Count : 1]<UL><LI> startup_gd32f30x_hd.o(RESET)
</UL>
<P><STRONG><a name="[2a]"></a>TIMER1_IRQHandler</STRONG> (Thumb, 0 bytes, Stack size 0 bytes, startup_gd32f30x_hd.o(.text))
<BR>[Address Reference Count : 1]<UL><LI> startup_gd32f30x_hd.o(RESET)
</UL>
<P><STRONG><a name="[2b]"></a>TIMER2_IRQHandler</STRONG> (Thumb, 0 bytes, Stack size 0 bytes, startup_gd32f30x_hd.o(.text))
<BR>[Address Reference Count : 1]<UL><LI> startup_gd32f30x_hd.o(RESET)
</UL>
<P><STRONG><a name="[2c]"></a>TIMER3_IRQHandler</STRONG> (Thumb, 0 bytes, Stack size 0 bytes, startup_gd32f30x_hd.o(.text))
<BR>[Address Reference Count : 1]<UL><LI> startup_gd32f30x_hd.o(RESET)
</UL>
<P><STRONG><a name="[40]"></a>TIMER4_IRQHandler</STRONG> (Thumb, 0 bytes, Stack size 0 bytes, startup_gd32f30x_hd.o(.text))
<BR>[Address Reference Count : 1]<UL><LI> startup_gd32f30x_hd.o(RESET)
</UL>
<P><STRONG><a name="[44]"></a>TIMER5_IRQHandler</STRONG> (Thumb, 0 bytes, Stack size 0 bytes, startup_gd32f30x_hd.o(.text))
<BR>[Address Reference Count : 1]<UL><LI> startup_gd32f30x_hd.o(RESET)
</UL>
<P><STRONG><a name="[45]"></a>TIMER6_IRQHandler</STRONG> (Thumb, 0 bytes, Stack size 0 bytes, startup_gd32f30x_hd.o(.text))
<BR>[Address Reference Count : 1]<UL><LI> startup_gd32f30x_hd.o(RESET)
</UL>
<P><STRONG><a name="[39]"></a>TIMER7_BRK_IRQHandler</STRONG> (Thumb, 0 bytes, Stack size 0 bytes, startup_gd32f30x_hd.o(.text))
<BR>[Address Reference Count : 1]<UL><LI> startup_gd32f30x_hd.o(RESET)
</UL>
<P><STRONG><a name="[3c]"></a>TIMER7_Channel_IRQHandler</STRONG> (Thumb, 0 bytes, Stack size 0 bytes, startup_gd32f30x_hd.o(.text))
<BR>[Address Reference Count : 1]<UL><LI> startup_gd32f30x_hd.o(RESET)
</UL>
<P><STRONG><a name="[3b]"></a>TIMER7_TRG_CMT_IRQHandler</STRONG> (Thumb, 0 bytes, Stack size 0 bytes, startup_gd32f30x_hd.o(.text))
<BR>[Address Reference Count : 1]<UL><LI> startup_gd32f30x_hd.o(RESET)
</UL>
<P><STRONG><a name="[3a]"></a>TIMER7_UP_IRQHandler</STRONG> (Thumb, 0 bytes, Stack size 0 bytes, startup_gd32f30x_hd.o(.text))
<BR>[Address Reference Count : 1]<UL><LI> startup_gd32f30x_hd.o(RESET)
</UL>
<P><STRONG><a name="[42]"></a>UART3_IRQHandler</STRONG> (Thumb, 0 bytes, Stack size 0 bytes, startup_gd32f30x_hd.o(.text))
<BR>[Address Reference Count : 1]<UL><LI> startup_gd32f30x_hd.o(RESET)
</UL>
<P><STRONG><a name="[43]"></a>UART4_IRQHandler</STRONG> (Thumb, 0 bytes, Stack size 0 bytes, startup_gd32f30x_hd.o(.text))
<BR>[Address Reference Count : 1]<UL><LI> startup_gd32f30x_hd.o(RESET)
</UL>
<P><STRONG><a name="[34]"></a>USART1_IRQHandler</STRONG> (Thumb, 0 bytes, Stack size 0 bytes, startup_gd32f30x_hd.o(.text))
<BR>[Address Reference Count : 1]<UL><LI> startup_gd32f30x_hd.o(RESET)
</UL>
<P><STRONG><a name="[35]"></a>USART2_IRQHandler</STRONG> (Thumb, 0 bytes, Stack size 0 bytes, startup_gd32f30x_hd.o(.text))
<BR>[Address Reference Count : 1]<UL><LI> startup_gd32f30x_hd.o(RESET)
</UL>
<P><STRONG><a name="[21]"></a>USBD_HP_CAN0_TX_IRQHandler</STRONG> (Thumb, 0 bytes, Stack size 0 bytes, startup_gd32f30x_hd.o(.text))
<BR>[Address Reference Count : 1]<UL><LI> startup_gd32f30x_hd.o(RESET)
</UL>
<P><STRONG><a name="[22]"></a>USBD_LP_CAN0_RX0_IRQHandler</STRONG> (Thumb, 0 bytes, Stack size 0 bytes, startup_gd32f30x_hd.o(.text))
<BR>[Address Reference Count : 1]<UL><LI> startup_gd32f30x_hd.o(RESET)
</UL>
<P><STRONG><a name="[38]"></a>USBD_WKUP_IRQHandler</STRONG> (Thumb, 0 bytes, Stack size 0 bytes, startup_gd32f30x_hd.o(.text))
<BR>[Address Reference Count : 1]<UL><LI> startup_gd32f30x_hd.o(RESET)
</UL>
<P><STRONG><a name="[e]"></a>WWDGT_IRQHandler</STRONG> (Thumb, 0 bytes, Stack size 0 bytes, startup_gd32f30x_hd.o(.text))
<BR>[Address Reference Count : 1]<UL><LI> startup_gd32f30x_hd.o(RESET)
</UL>
<P><STRONG><a name="[7a]"></a>__user_initial_stackheap</STRONG> (Thumb, 10 bytes, Stack size 0 bytes, startup_gd32f30x_hd.o(.text))
<BR><BR>[Called By]<UL><LI><a href="#[6c]">&gt;&gt;</a>&nbsp;&nbsp;&nbsp;__user_setup_stackheap
</UL>

<P><STRONG><a name="[17f]"></a>strncat</STRONG> (Thumb, 36 bytes, Stack size 8 bytes, strncat.o(.text))
<BR><BR>[Stack]<UL><LI>Max Depth = 8<LI>Call Chain = strncat
</UL>
<BR>[Called By]<UL><LI><a href="#[17e]">&gt;&gt;</a>&nbsp;&nbsp;&nbsp;Clock::Clock()
</UL>

<P><STRONG><a name="[107]"></a>__aeabi_memcpy4</STRONG> (Thumb, 0 bytes, Stack size 8 bytes, rt_memcpy_w.o(.text))
<BR><BR>[Stack]<UL><LI>Max Depth = 8<LI>Call Chain = __aeabi_memcpy4
</UL>
<BR>[Called By]<UL><LI><a href="#[102]">&gt;&gt;</a>&nbsp;&nbsp;&nbsp;SetupClock::viewWeek(bool)
<LI><a href="#[18c]">&gt;&gt;</a>&nbsp;&nbsp;&nbsp;Canvas::writePlus(unsigned short, unsigned short)
<LI><a href="#[18b]">&gt;&gt;</a>&nbsp;&nbsp;&nbsp;Canvas::writeMinus(unsigned short, unsigned short)
<LI><a href="#[109]">&gt;&gt;</a>&nbsp;&nbsp;&nbsp;StartTimer::viewScreen(unsigned char)
<LI><a href="#[7e]">&gt;&gt;</a>&nbsp;&nbsp;&nbsp;Can::SaveMessage()
</UL>

<P><STRONG><a name="[254]"></a>__aeabi_memcpy8</STRONG> (Thumb, 0 bytes, Stack size 8 bytes, rt_memcpy_w.o(.text), UNUSED)

<P><STRONG><a name="[255]"></a>__rt_memcpy_w</STRONG> (Thumb, 100 bytes, Stack size 8 bytes, rt_memcpy_w.o(.text), UNUSED)

<P><STRONG><a name="[256]"></a>_memcpy_lastbytes_aligned</STRONG> (Thumb, 0 bytes, Stack size unknown bytes, rt_memcpy_w.o(.text), UNUSED)

<P><STRONG><a name="[257]"></a>__use_two_region_memory</STRONG> (Thumb, 2 bytes, Stack size 0 bytes, heapauxi.o(.text), UNUSED)

<P><STRONG><a name="[258]"></a>__rt_heap_escrow$2region</STRONG> (Thumb, 2 bytes, Stack size 0 bytes, heapauxi.o(.text), UNUSED)

<P><STRONG><a name="[259]"></a>__rt_heap_expand$2region</STRONG> (Thumb, 2 bytes, Stack size 0 bytes, heapauxi.o(.text), UNUSED)

<P><STRONG><a name="[63]"></a>__cpp_initialize__aeabi_</STRONG> (Thumb, 26 bytes, Stack size 16 bytes, init_aeabi.o(.text))
<BR><BR>[Stack]<UL><LI>Max Depth = 16<LI>Call Chain = __cpp_initialize__aeabi_
</UL>
<BR>[Called By]<UL><LI><a href="#[6a]">&gt;&gt;</a>&nbsp;&nbsp;&nbsp;__rt_lib_init_cpp_2
</UL>

<P><STRONG><a name="[76]"></a>__read_errno</STRONG> (Thumb, 10 bytes, Stack size 8 bytes, _rserrno.o(.text), UNUSED)
<BR><BR>[Calls]<UL><LI><a href="#[77]">&gt;&gt;</a>&nbsp;&nbsp;&nbsp;__aeabi_errno_addr
</UL>

<P><STRONG><a name="[78]"></a>__set_errno</STRONG> (Thumb, 12 bytes, Stack size 8 bytes, _rserrno.o(.text))
<BR><BR>[Stack]<UL><LI>Max Depth = 8<LI>Call Chain = __set_errno
</UL>
<BR>[Calls]<UL><LI><a href="#[77]">&gt;&gt;</a>&nbsp;&nbsp;&nbsp;__aeabi_errno_addr
</UL>
<BR>[Called By]<UL><LI><a href="#[1e9]">&gt;&gt;</a>&nbsp;&nbsp;&nbsp;__hardfp_sqrtf
<LI><a href="#[203]">&gt;&gt;</a>&nbsp;&nbsp;&nbsp;__hardfp_sinf
<LI><a href="#[202]">&gt;&gt;</a>&nbsp;&nbsp;&nbsp;__hardfp_powf
<LI><a href="#[130]">&gt;&gt;</a>&nbsp;&nbsp;&nbsp;__hardfp_logf
<LI><a href="#[201]">&gt;&gt;</a>&nbsp;&nbsp;&nbsp;__hardfp_cosf
</UL>

<P><STRONG><a name="[77]"></a>__aeabi_errno_addr</STRONG> (Thumb, 8 bytes, Stack size 0 bytes, rt_errno_addr_intlibspace.o(.text))
<BR><BR>[Called By]<UL><LI><a href="#[78]">&gt;&gt;</a>&nbsp;&nbsp;&nbsp;__set_errno
<LI><a href="#[76]">&gt;&gt;</a>&nbsp;&nbsp;&nbsp;__read_errno
</UL>

<P><STRONG><a name="[25a]"></a>__errno$intlibspace</STRONG> (Thumb, 0 bytes, Stack size 0 bytes, rt_errno_addr_intlibspace.o(.text), UNUSED)

<P><STRONG><a name="[25b]"></a>__rt_errno_addr$intlibspace</STRONG> (Thumb, 0 bytes, Stack size 0 bytes, rt_errno_addr_intlibspace.o(.text), UNUSED)

<P><STRONG><a name="[25c]"></a>__user_libspace</STRONG> (Thumb, 8 bytes, Stack size 0 bytes, libspace.o(.text), UNUSED)

<P><STRONG><a name="[79]"></a>__user_perproc_libspace</STRONG> (Thumb, 0 bytes, Stack size 0 bytes, libspace.o(.text))
<BR><BR>[Called By]<UL><LI><a href="#[6c]">&gt;&gt;</a>&nbsp;&nbsp;&nbsp;__user_setup_stackheap
</UL>

<P><STRONG><a name="[25d]"></a>__user_perthread_libspace</STRONG> (Thumb, 0 bytes, Stack size 0 bytes, libspace.o(.text), UNUSED)

<P><STRONG><a name="[6c]"></a>__user_setup_stackheap</STRONG> (Thumb, 74 bytes, Stack size 8 bytes, sys_stackheap_outer.o(.text))
<BR><BR>[Stack]<UL><LI>Max Depth = 8<LI>Call Chain = __user_setup_stackheap
</UL>
<BR>[Calls]<UL><LI><a href="#[7a]">&gt;&gt;</a>&nbsp;&nbsp;&nbsp;__user_initial_stackheap
<LI><a href="#[79]">&gt;&gt;</a>&nbsp;&nbsp;&nbsp;__user_perproc_libspace
</UL>
<BR>[Called By]<UL><LI><a href="#[6b]">&gt;&gt;</a>&nbsp;&nbsp;&nbsp;__rt_entry_sh
</UL>

<P><STRONG><a name="[71]"></a>exit</STRONG> (Thumb, 18 bytes, Stack size 8 bytes, exit.o(.text))
<BR><BR>[Stack]<UL><LI>Max Depth = 8 + Unknown Stack Size
<LI>Call Chain = exit
</UL>
<BR>[Calls]<UL><LI><a href="#[7b]">&gt;&gt;</a>&nbsp;&nbsp;&nbsp;__rt_exit
</UL>
<BR>[Called By]<UL><LI><a href="#[6f]">&gt;&gt;</a>&nbsp;&nbsp;&nbsp;__rt_entry_main
</UL>

<P><STRONG><a name="[25e]"></a>__I$use$semihosting</STRONG> (Thumb, 0 bytes, Stack size 0 bytes, use_no_semi.o(.text), UNUSED)

<P><STRONG><a name="[25f]"></a>__use_no_semihosting_swi</STRONG> (Thumb, 2 bytes, Stack size 0 bytes, use_no_semi.o(.text), UNUSED)

<P><STRONG><a name="[260]"></a>__semihosting_library_function</STRONG> (Thumb, 0 bytes, Stack size unknown bytes, indicate_semi.o(.text), UNUSED)

<P><STRONG><a name="[75]"></a>_sys_exit</STRONG> (Thumb, 8 bytes, Stack size 0 bytes, sys_exit.o(.text))
<BR><BR>[Called By]<UL><LI><a href="#[74]">&gt;&gt;</a>&nbsp;&nbsp;&nbsp;__rt_exit_exit
</UL>

<P><STRONG><a name="[23]"></a>CAN0_RX1_IRQHandler</STRONG> (Thumb, 84 bytes, Stack size 8 bytes, can.o(i.CAN0_RX1_IRQHandler))
<BR><BR>[Stack]<UL><LI>Max Depth = 32<LI>Call Chain = CAN0_RX1_IRQHandler &rArr; Can::SaveMessage() &rArr; __aeabi_memcpy4
</UL>
<BR>[Calls]<UL><LI><a href="#[7f]">&gt;&gt;</a>&nbsp;&nbsp;&nbsp;can_interrupt_flag_clear(unsigned, can_interrupt_flag_enum)
<LI><a href="#[7c]">&gt;&gt;</a>&nbsp;&nbsp;&nbsp;can_interrupt_flag_get(unsigned, can_interrupt_flag_enum)
<LI><a href="#[7d]">&gt;&gt;</a>&nbsp;&nbsp;&nbsp;can_message_receive(unsigned, unsigned char, can_receive_message_struct*)
<LI><a href="#[7e]">&gt;&gt;</a>&nbsp;&nbsp;&nbsp;Can::SaveMessage()
</UL>
<BR>[Address Reference Count : 1]<UL><LI> startup_gd32f30x_hd.o(RESET)
</UL>
<P><STRONG><a name="[14]"></a>EXTI0_IRQHandler</STRONG> (Thumb, 68 bytes, Stack size 8 bytes, sensor.o(i.EXTI0_IRQHandler))
<BR><BR>[Stack]<UL><LI>Max Depth = 8<LI>Call Chain = EXTI0_IRQHandler
</UL>
<BR>[Calls]<UL><LI><a href="#[82]">&gt;&gt;</a>&nbsp;&nbsp;&nbsp;gpio_input_bit_get(unsigned, unsigned)
<LI><a href="#[83]">&gt;&gt;</a>&nbsp;&nbsp;&nbsp;Core::getTick()
<LI><a href="#[81]">&gt;&gt;</a>&nbsp;&nbsp;&nbsp;exti_interrupt_flag_clear(exti_line_enum)
<LI><a href="#[80]">&gt;&gt;</a>&nbsp;&nbsp;&nbsp;exti_interrupt_flag_get(exti_line_enum)
</UL>
<BR>[Address Reference Count : 1]<UL><LI> startup_gd32f30x_hd.o(RESET)
</UL>
<P><STRONG><a name="[25]"></a>EXTI5_9_IRQHandler</STRONG> (Thumb, 24 bytes, Stack size 8 bytes, sensor.o(i.EXTI5_9_IRQHandler))
<BR><BR>[Stack]<UL><LI>Max Depth = 8<LI>Call Chain = EXTI5_9_IRQHandler
</UL>
<BR>[Calls]<UL><LI><a href="#[81]">&gt;&gt;</a>&nbsp;&nbsp;&nbsp;exti_interrupt_flag_clear(exti_line_enum)
<LI><a href="#[80]">&gt;&gt;</a>&nbsp;&nbsp;&nbsp;exti_interrupt_flag_get(exti_line_enum)
</UL>
<BR>[Address Reference Count : 1]<UL><LI> startup_gd32f30x_hd.o(RESET)
</UL>
<P><STRONG><a name="[6]"></a>HardFault_Handler</STRONG> (Thumb, 4 bytes, Stack size 0 bytes, core.o(i.HardFault_Handler))
<BR>[Address Reference Count : 1]<UL><LI> startup_gd32f30x_hd.o(RESET)
</UL>
<P><STRONG><a name="[5]"></a>NMI_Handler</STRONG> (Thumb, 2 bytes, Stack size 0 bytes, core.o(i.NMI_Handler))
<BR>[Address Reference Count : 1]<UL><LI> startup_gd32f30x_hd.o(RESET)
</UL>
<P><STRONG><a name="[d]"></a>SysTick_Handler</STRONG> (Thumb, 10 bytes, Stack size 4 bytes, core.o(i.SysTick_Handler))
<BR><BR>[Stack]<UL><LI>Max Depth = 4<LI>Call Chain = SysTick_Handler
</UL>
<BR>[Calls]<UL><LI><a href="#[84]">&gt;&gt;</a>&nbsp;&nbsp;&nbsp;Core::incTick()
</UL>
<BR>[Address Reference Count : 1]<UL><LI> startup_gd32f30x_hd.o(RESET)
</UL>
<P><STRONG><a name="[141]"></a>SystemCoreClockUpdate</STRONG> (Thumb, 162 bytes, Stack size 20 bytes, system_gd32f30x.o(i.SystemCoreClockUpdate))
<BR><BR>[Stack]<UL><LI>Max Depth = 20<LI>Call Chain = SystemCoreClockUpdate
</UL>
<BR>[Called By]<UL><LI><a href="#[b4]">&gt;&gt;</a>&nbsp;&nbsp;&nbsp;Sleep::setLowPower(bool)
<LI><a href="#[ed]">&gt;&gt;</a>&nbsp;&nbsp;&nbsp;Core::initialize()
</UL>

<P><STRONG><a name="[4a]"></a>SystemInit</STRONG> (Thumb, 66 bytes, Stack size 8 bytes, system_gd32f30x.o(i.SystemInit))
<BR><BR>[Stack]<UL><LI>Max Depth = 16<LI>Call Chain = SystemInit &rArr; system_clock_config()
</UL>
<BR>[Calls]<UL><LI><a href="#[85]">&gt;&gt;</a>&nbsp;&nbsp;&nbsp;system_clock_config()
</UL>
<BR>[Called By]<UL><LI><a href="#[e9]">&gt;&gt;</a>&nbsp;&nbsp;&nbsp;initAll()
</UL>
<BR>[Address Reference Count : 1]<UL><LI> startup_gd32f30x_hd.o(.text)
</UL>
<P><STRONG><a name="[33]"></a>USART0_IRQHandler</STRONG> (Thumb, 216 bytes, Stack size 16 bytes, usart.o(i.USART0_IRQHandler))
<BR><BR>[Stack]<UL><LI>Max Depth = 32<LI>Call Chain = USART0_IRQHandler &rArr; usart_interrupt_flag_get(unsigned, unsigned)
</UL>
<BR>[Calls]<UL><LI><a href="#[87]">&gt;&gt;</a>&nbsp;&nbsp;&nbsp;usart_interrupt_flag_clear(unsigned, unsigned)
<LI><a href="#[86]">&gt;&gt;</a>&nbsp;&nbsp;&nbsp;usart_interrupt_flag_get(unsigned, unsigned)
<LI><a href="#[88]">&gt;&gt;</a>&nbsp;&nbsp;&nbsp;usart_data_receive(unsigned)
<LI><a href="#[89]">&gt;&gt;</a>&nbsp;&nbsp;&nbsp;Usart::receiveIntHandler(unsigned char)
<LI><a href="#[8a]">&gt;&gt;</a>&nbsp;&nbsp;&nbsp;Usart::transmitNextByte()
</UL>
<BR>[Address Reference Count : 1]<UL><LI> startup_gd32f30x_hd.o(RESET)
</UL>
<P><STRONG><a name="[8b]"></a>adc_deinit(unsigned)</STRONG> (Thumb, 84 bytes, Stack size 8 bytes, gd32f30x_adc.o(i._Z10adc_deinitj))
<BR><BR>[Stack]<UL><LI>Max Depth = 8<LI>Call Chain = adc_deinit(unsigned)
</UL>
<BR>[Calls]<UL><LI><a href="#[8d]">&gt;&gt;</a>&nbsp;&nbsp;&nbsp;rcu_periph_reset_disable(rcu_periph_reset_enum)
<LI><a href="#[8c]">&gt;&gt;</a>&nbsp;&nbsp;&nbsp;rcu_periph_reset_enable(rcu_periph_reset_enum)
</UL>
<BR>[Called By]<UL><LI><a href="#[f1]">&gt;&gt;</a>&nbsp;&nbsp;&nbsp;Temperature::initialize()
</UL>

<P><STRONG><a name="[12c]"></a>adc_enable(unsigned)</STRONG> (Thumb, 18 bytes, Stack size 0 bytes, gd32f30x_adc.o(i._Z10adc_enablej))
<BR><BR>[Called By]<UL><LI><a href="#[f1]">&gt;&gt;</a>&nbsp;&nbsp;&nbsp;Temperature::initialize()
</UL>

<P><STRONG><a name="[8e]"></a>bkp_deinit()</STRONG> (Thumb, 12 bytes, Stack size 8 bytes, gd32f30x_bkp.o(i._Z10bkp_deinitv))
<BR><BR>[Stack]<UL><LI>Max Depth = 8<LI>Call Chain = bkp_deinit()
</UL>
<BR>[Calls]<UL><LI><a href="#[90]">&gt;&gt;</a>&nbsp;&nbsp;&nbsp;rcu_bkp_reset_disable()
<LI><a href="#[8f]">&gt;&gt;</a>&nbsp;&nbsp;&nbsp;rcu_bkp_reset_enable()
</UL>
<BR>[Called By]<UL><LI><a href="#[163]">&gt;&gt;</a>&nbsp;&nbsp;&nbsp;Clock::config()
</UL>

<P><STRONG><a name="[91]"></a>can_deinit(unsigned)</STRONG> (Thumb, 28 bytes, Stack size 8 bytes, gd32f30x_can.o(i._Z10can_deinitj))
<BR><BR>[Stack]<UL><LI>Max Depth = 8<LI>Call Chain = can_deinit(unsigned)
</UL>
<BR>[Calls]<UL><LI><a href="#[8d]">&gt;&gt;</a>&nbsp;&nbsp;&nbsp;rcu_periph_reset_disable(rcu_periph_reset_enum)
<LI><a href="#[8c]">&gt;&gt;</a>&nbsp;&nbsp;&nbsp;rcu_periph_reset_enable(rcu_periph_reset_enum)
</UL>
<BR>[Called By]<UL><LI><a href="#[ef]">&gt;&gt;</a>&nbsp;&nbsp;&nbsp;Can::initialize()
</UL>

<P><STRONG><a name="[92]"></a>dma_deinit(unsigned, dma_channel_enum)</STRONG> (Thumb, 112 bytes, Stack size 16 bytes, gd32f30x_dma.o(i._Z10dma_deinitj16dma_channel_enum))
<BR><BR>[Stack]<UL><LI>Max Depth = 16<LI>Call Chain = dma_deinit(unsigned, dma_channel_enum)
</UL>
<BR>[Calls]<UL><LI><a href="#[93]">&gt;&gt;</a>&nbsp;&nbsp;&nbsp;dma_periph_and_channel_check(unsigned, dma_channel_enum)
</UL>
<BR>[Called By]<UL><LI><a href="#[f1]">&gt;&gt;</a>&nbsp;&nbsp;&nbsp;Temperature::initialize()
</UL>

<P><STRONG><a name="[96]"></a>fmc_unlock()</STRONG> (Thumb, 52 bytes, Stack size 0 bytes, gd32f30x_fmc.o(i._Z10fmc_unlockv))
<BR><BR>[Called By]<UL><LI><a href="#[f9]">&gt;&gt;</a>&nbsp;&nbsp;&nbsp;setNewKey()
<LI><a href="#[f6]">&gt;&gt;</a>&nbsp;&nbsp;&nbsp;setNewId()
<LI><a href="#[95]">&gt;&gt;</a>&nbsp;&nbsp;&nbsp;writeSetup()
</UL>

<P><STRONG><a name="[94]"></a>i2c_deinit(unsigned)</STRONG> (Thumb, 60 bytes, Stack size 8 bytes, gd32f30x_i2c.o(i._Z10i2c_deinitj))
<BR><BR>[Stack]<UL><LI>Max Depth = 8<LI>Call Chain = i2c_deinit(unsigned)
</UL>
<BR>[Calls]<UL><LI><a href="#[8d]">&gt;&gt;</a>&nbsp;&nbsp;&nbsp;rcu_periph_reset_disable(rcu_periph_reset_enum)
<LI><a href="#[8c]">&gt;&gt;</a>&nbsp;&nbsp;&nbsp;rcu_periph_reset_enable(rcu_periph_reset_enum)
</UL>
<BR>[Called By]<UL><LI><a href="#[f5]">&gt;&gt;</a>&nbsp;&nbsp;&nbsp;Sensor::initialize()
</UL>

<P><STRONG><a name="[1c6]"></a>i2c_enable(unsigned)</STRONG> (Thumb, 10 bytes, Stack size 0 bytes, gd32f30x_i2c.o(i._Z10i2c_enablej))
<BR><BR>[Called By]<UL><LI><a href="#[f5]">&gt;&gt;</a>&nbsp;&nbsp;&nbsp;Sensor::initialize()
<LI><a href="#[1c8]">&gt;&gt;</a>&nbsp;&nbsp;&nbsp;Sensor::read(unsigned char*, unsigned char, unsigned char)
</UL>

<P><STRONG><a name="[1f0]"></a>spi_enable(unsigned)</STRONG> (Thumb, 10 bytes, Stack size 0 bytes, gd32f30x_spi.o(i._Z10spi_enablej))
<BR><BR>[Called By]<UL><LI><a href="#[1ee]">&gt;&gt;</a>&nbsp;&nbsp;&nbsp;Display::initPeriph()
</UL>

<P><STRONG><a name="[1f1]"></a>timer_init(unsigned, timer_parameter_struct*)</STRONG> (Thumb, 122 bytes, Stack size 0 bytes, gd32f30x_timer.o(i._Z10timer_initjP22timer_parameter_struct))
<BR><BR>[Called By]<UL><LI><a href="#[1ee]">&gt;&gt;</a>&nbsp;&nbsp;&nbsp;Display::initPeriph()
</UL>

<P><STRONG><a name="[95]"></a>writeSetup()</STRONG> (Thumb, 386 bytes, Stack size 368 bytes, main.o(i._Z10writeSetupv))
<BR><BR>[Stack]<UL><LI>Max Depth = 388<LI>Call Chain = writeSetup() &rArr; fmc_word_program(unsigned, unsigned) &rArr; fmc_bank1_ready_wait(unsigned)
</UL>
<BR>[Calls]<UL><LI><a href="#[9a]">&gt;&gt;</a>&nbsp;&nbsp;&nbsp;fmc_lock()
<LI><a href="#[99]">&gt;&gt;</a>&nbsp;&nbsp;&nbsp;fmc_word_program(unsigned, unsigned)
<LI><a href="#[98]">&gt;&gt;</a>&nbsp;&nbsp;&nbsp;fmc_page_erase(unsigned)
<LI><a href="#[97]">&gt;&gt;</a>&nbsp;&nbsp;&nbsp;fmc_flag_get(unsigned)
<LI><a href="#[96]">&gt;&gt;</a>&nbsp;&nbsp;&nbsp;fmc_unlock()
</UL>
<BR>[Called By]<UL><LI><a href="#[d2]">&gt;&gt;</a>&nbsp;&nbsp;&nbsp;SetupClock::handler()
<LI><a href="#[f7]">&gt;&gt;</a>&nbsp;&nbsp;&nbsp;readSetup()
<LI><a href="#[ba]">&gt;&gt;</a>&nbsp;&nbsp;&nbsp;activitySetup()
</UL>

<P><STRONG><a name="[9b]"></a>activityAir()</STRONG> (Thumb, 524 bytes, Stack size 24 bytes, main.o(i._Z11activityAirv))
<BR><BR>[Stack]<UL><LI>Max Depth = 628<LI>Call Chain = activityAir() &rArr; Setup::viewScreen() &rArr; Setup::viewPage(unsigned char, unsigned char) &rArr; Setup::viewScreen11(unsigned char) &rArr; Text::writeDigit(unsigned short, unsigned short, const char*, unsigned, unsigned char) &rArr; Text::writeOneDigit(unsigned short, unsigned short, char, unsigned, unsigned char) &rArr; Canvas::loadImageOverColor(unsigned short, unsigned short, unsigned, unsigned, unsigned char, unsigned) &rArr; Canvas::writePixel(short, short, unsigned) &rArr; Display::setAddrWindow(unsigned short, unsigned short, unsigned short, unsigned short) &rArr; Display::writeData(unsigned char) &rArr; Sleep::setLowPower(bool) &rArr; Usart::changeBaudrate(unsigned) &rArr; usart_baudrate_set(unsigned, unsigned) &rArr; rcu_clock_freq_get(rcu_clock_freq_enum)
</UL>
<BR>[Calls]<UL><LI><a href="#[a0]">&gt;&gt;</a>&nbsp;&nbsp;&nbsp;System::viewHandler()
<LI><a href="#[9c]">&gt;&gt;</a>&nbsp;&nbsp;&nbsp;Slider::setPosition(short)
<LI><a href="#[a2]">&gt;&gt;</a>&nbsp;&nbsp;&nbsp;Setup::viewScreen()
<LI><a href="#[a1]">&gt;&gt;</a>&nbsp;&nbsp;&nbsp;About::viewScreen()
<LI><a href="#[83]">&gt;&gt;</a>&nbsp;&nbsp;&nbsp;Core::getTick()
<LI><a href="#[9f]">&gt;&gt;</a>&nbsp;&nbsp;&nbsp;__aeabi_cdrcmple
<LI><a href="#[9e]">&gt;&gt;</a>&nbsp;&nbsp;&nbsp;__aeabi_cdcmple
<LI><a href="#[9d]">&gt;&gt;</a>&nbsp;&nbsp;&nbsp;__aeabi_i2d
</UL>
<BR>[Called By]<UL><LI><a href="#[70]">&gt;&gt;</a>&nbsp;&nbsp;&nbsp;main
</UL>

<P><STRONG><a name="[120]"></a>adc_disable(unsigned)</STRONG> (Thumb, 10 bytes, Stack size 0 bytes, gd32f30x_adc.o(i._Z11adc_disablej))
<BR><BR>[Called By]<UL><LI><a href="#[f1]">&gt;&gt;</a>&nbsp;&nbsp;&nbsp;Temperature::initialize()
</UL>

<P><STRONG><a name="[a3]"></a>ConfigFilter(unsigned, unsigned char)</STRONG> (Thumb, 92 bytes, Stack size 48 bytes, can.o(i._Z12ConfigFilterjh))
<BR><BR>[Stack]<UL><LI>Max Depth = 56<LI>Call Chain = ConfigFilter(unsigned, unsigned char) &rArr; can_struct_para_init(can_struct_type_enum, void*)
</UL>
<BR>[Calls]<UL><LI><a href="#[a4]">&gt;&gt;</a>&nbsp;&nbsp;&nbsp;can_struct_para_init(can_struct_type_enum, void*)
<LI><a href="#[a5]">&gt;&gt;</a>&nbsp;&nbsp;&nbsp;can_filter_init(can_filter_parameter_struct*)
</UL>
<BR>[Called By]<UL><LI><a href="#[ef]">&gt;&gt;</a>&nbsp;&nbsp;&nbsp;Can::initialize()
</UL>

<P><STRONG><a name="[97]"></a>fmc_flag_get(unsigned)</STRONG> (Thumb, 30 bytes, Stack size 0 bytes, gd32f30x_fmc.o(i._Z12fmc_flag_getj))
<BR><BR>[Called By]<UL><LI><a href="#[f9]">&gt;&gt;</a>&nbsp;&nbsp;&nbsp;setNewKey()
<LI><a href="#[f6]">&gt;&gt;</a>&nbsp;&nbsp;&nbsp;setNewId()
<LI><a href="#[95]">&gt;&gt;</a>&nbsp;&nbsp;&nbsp;writeSetup()
</UL>

<P><STRONG><a name="[159]"></a>gpio_bit_set(unsigned, unsigned)</STRONG> (Thumb, 4 bytes, Stack size 0 bytes, gd32f30x_gpio.o(i._Z12gpio_bit_setjj))
<BR><BR>[Called By]<UL><LI><a href="#[1dd]">&gt;&gt;</a>&nbsp;&nbsp;&nbsp;Slider::viewGridSens(unsigned short, unsigned, bool)
<LI><a href="#[ff]">&gt;&gt;</a>&nbsp;&nbsp;&nbsp;Canvas::writeFillRect(unsigned short, unsigned short, unsigned short, unsigned short, unsigned)
<LI><a href="#[ee]">&gt;&gt;</a>&nbsp;&nbsp;&nbsp;Display::initialize()
<LI><a href="#[f5]">&gt;&gt;</a>&nbsp;&nbsp;&nbsp;Sensor::initialize()
<LI><a href="#[f2]">&gt;&gt;</a>&nbsp;&nbsp;&nbsp;Memory::initializeQuad()
<LI><a href="#[f3]">&gt;&gt;</a>&nbsp;&nbsp;&nbsp;Memory::lockMemory(bool)
<LI><a href="#[1ab]">&gt;&gt;</a>&nbsp;&nbsp;&nbsp;Memory::readPage(unsigned char*, unsigned, unsigned)
<LI><a href="#[1ad]">&gt;&gt;</a>&nbsp;&nbsp;&nbsp;Memory::quadSend(unsigned char)
<LI><a href="#[1af]">&gt;&gt;</a>&nbsp;&nbsp;&nbsp;Memory::quadReceiv()
<LI><a href="#[1b1]">&gt;&gt;</a>&nbsp;&nbsp;&nbsp;Canvas::writePixelDouble(short, short, unsigned, unsigned)
<LI><a href="#[1b0]">&gt;&gt;</a>&nbsp;&nbsp;&nbsp;Canvas::writePixelCount(short, short, unsigned*, unsigned char)
<LI><a href="#[1df]">&gt;&gt;</a>&nbsp;&nbsp;&nbsp;Slider::viewGrid(unsigned short, unsigned)
<LI><a href="#[1e1]">&gt;&gt;</a>&nbsp;&nbsp;&nbsp;Slider::viewGridInvert(unsigned short, unsigned)
<LI><a href="#[153]">&gt;&gt;</a>&nbsp;&nbsp;&nbsp;Canvas::loadImageColor(unsigned short, unsigned short, unsigned, unsigned)
<LI><a href="#[14e]">&gt;&gt;</a>&nbsp;&nbsp;&nbsp;Text::writeChar(unsigned short, unsigned short, char, FontDef, unsigned, unsigned)
<LI><a href="#[15a]">&gt;&gt;</a>&nbsp;&nbsp;&nbsp;Canvas::loadImage(unsigned short, unsigned short, unsigned)
<LI><a href="#[fb]">&gt;&gt;</a>&nbsp;&nbsp;&nbsp;Canvas::drawRoundRect(unsigned short, unsigned short, unsigned short, unsigned short, unsigned, unsigned, unsigned)
<LI><a href="#[18c]">&gt;&gt;</a>&nbsp;&nbsp;&nbsp;Canvas::writePlus(unsigned short, unsigned short)
<LI><a href="#[18b]">&gt;&gt;</a>&nbsp;&nbsp;&nbsp;Canvas::writeMinus(unsigned short, unsigned short)
<LI><a href="#[1a9]">&gt;&gt;</a>&nbsp;&nbsp;&nbsp;Display::writeData(unsigned char)
<LI><a href="#[1a8]">&gt;&gt;</a>&nbsp;&nbsp;&nbsp;Display::writeCommand(unsigned char)
<LI><a href="#[1b5]">&gt;&gt;</a>&nbsp;&nbsp;&nbsp;Memory::spiSend(unsigned char)
<LI><a href="#[15e]">&gt;&gt;</a>&nbsp;&nbsp;&nbsp;Canvas::writeDot(unsigned short, unsigned short, char, char)
<LI><a href="#[179]">&gt;&gt;</a>&nbsp;&nbsp;&nbsp;Canvas::clearDot(unsigned short, unsigned short, char, char)
<LI><a href="#[1bc]">&gt;&gt;</a>&nbsp;&nbsp;&nbsp;Memory::powerUp()
<LI><a href="#[1bb]">&gt;&gt;</a>&nbsp;&nbsp;&nbsp;Memory::initSpi()
<LI><a href="#[1bd]">&gt;&gt;</a>&nbsp;&nbsp;&nbsp;Memory::ident()
<LI><a href="#[1b7]">&gt;&gt;</a>&nbsp;&nbsp;&nbsp;Memory::volatileWriteEnable()
<LI><a href="#[1ba]">&gt;&gt;</a>&nbsp;&nbsp;&nbsp;Memory::writeDisable()
<LI><a href="#[1b8]">&gt;&gt;</a>&nbsp;&nbsp;&nbsp;Memory::writeEnable()
<LI><a href="#[1b9]">&gt;&gt;</a>&nbsp;&nbsp;&nbsp;Memory::readStatus()
</UL>

<P><STRONG><a name="[a6]"></a>handlerClock()</STRONG> (Thumb, 10 bytes, Stack size 8 bytes, main.o(i._Z12handlerClockv))
<BR><BR>[Stack]<UL><LI>Max Depth = 56<LI>Call Chain = handlerClock() &rArr; Clock::handler() &rArr; Clock::timeUpdate() &rArr; UnixTime::timerToCal(unsigned long)
</UL>
<BR>[Calls]<UL><LI><a href="#[a7]">&gt;&gt;</a>&nbsp;&nbsp;&nbsp;Clock::handler()
</UL>
<BR>[Called By]<UL><LI><a href="#[70]">&gt;&gt;</a>&nbsp;&nbsp;&nbsp;main
</UL>

<P><STRONG><a name="[a8]"></a>handlerSleep()</STRONG> (Thumb, 48 bytes, Stack size 8 bytes, main.o(i._Z12handlerSleepv))
<BR><BR>[Stack]<UL><LI>Max Depth = 492<LI>Call Chain = handlerSleep() &rArr; Sleep::viewScreen() &rArr; Clock::viewAnClock(unsigned char) &rArr; Clock::viewCenterDigClock(char) &rArr; Text::writeDigit(unsigned short, unsigned short, const char*, unsigned, unsigned char) &rArr; Text::writeOneDigit(unsigned short, unsigned short, char, unsigned, unsigned char) &rArr; Canvas::loadImageOverColor(unsigned short, unsigned short, unsigned, unsigned, unsigned char, unsigned) &rArr; Canvas::writePixel(short, short, unsigned) &rArr; Display::setAddrWindow(unsigned short, unsigned short, unsigned short, unsigned short) &rArr; Display::writeData(unsigned char) &rArr; Sleep::setLowPower(bool) &rArr; Usart::changeBaudrate(unsigned) &rArr; usart_baudrate_set(unsigned, unsigned) &rArr; rcu_clock_freq_get(rcu_clock_freq_enum)
</UL>
<BR>[Calls]<UL><LI><a href="#[a9]">&gt;&gt;</a>&nbsp;&nbsp;&nbsp;Sleep::checkSleepMode()
<LI><a href="#[aa]">&gt;&gt;</a>&nbsp;&nbsp;&nbsp;Sleep::viewScreen()
</UL>
<BR>[Called By]<UL><LI><a href="#[70]">&gt;&gt;</a>&nbsp;&nbsp;&nbsp;main
</UL>

<P><STRONG><a name="[ab]"></a>handlerTimer()</STRONG> (Thumb, 112 bytes, Stack size 8 bytes, main.o(i._Z12handlerTimerv))
<BR><BR>[Stack]<UL><LI>Max Depth = 8<LI>Call Chain = handlerTimer()
</UL>
<BR>[Calls]<UL><LI><a href="#[83]">&gt;&gt;</a>&nbsp;&nbsp;&nbsp;Core::getTick()
</UL>
<BR>[Called By]<UL><LI><a href="#[70]">&gt;&gt;</a>&nbsp;&nbsp;&nbsp;main
</UL>

<P><STRONG><a name="[ac]"></a>handlerUsart()</STRONG> (Thumb, 10 bytes, Stack size 8 bytes, main.o(i._Z12handlerUsartv))
<BR><BR>[Stack]<UL><LI>Max Depth = 104<LI>Call Chain = handlerUsart() &rArr; Hcu::handler() &rArr; Hcu::parsing() &rArr; __aeabi_d2iz
</UL>
<BR>[Calls]<UL><LI><a href="#[ad]">&gt;&gt;</a>&nbsp;&nbsp;&nbsp;Hcu::handler()
</UL>
<BR>[Called By]<UL><LI><a href="#[70]">&gt;&gt;</a>&nbsp;&nbsp;&nbsp;main
</UL>

<P><STRONG><a name="[1ca]"></a>i2c_flag_get(unsigned, unsigned)</STRONG> (Thumb, 50 bytes, Stack size 12 bytes, gd32f30x_i2c.o(i._Z12i2c_flag_getjj))
<BR><BR>[Stack]<UL><LI>Max Depth = 12<LI>Call Chain = i2c_flag_get(unsigned, unsigned)
</UL>
<BR>[Called By]<UL><LI><a href="#[1c8]">&gt;&gt;</a>&nbsp;&nbsp;&nbsp;Sensor::read(unsigned char*, unsigned char, unsigned char)
</UL>

<P><STRONG><a name="[ae]"></a>timer_deinit(unsigned)</STRONG> (Thumb, 210 bytes, Stack size 8 bytes, gd32f30x_timer.o(i._Z12timer_deinitj))
<BR><BR>[Stack]<UL><LI>Max Depth = 8<LI>Call Chain = timer_deinit(unsigned)
</UL>
<BR>[Calls]<UL><LI><a href="#[8d]">&gt;&gt;</a>&nbsp;&nbsp;&nbsp;rcu_periph_reset_disable(rcu_periph_reset_enum)
<LI><a href="#[8c]">&gt;&gt;</a>&nbsp;&nbsp;&nbsp;rcu_periph_reset_enable(rcu_periph_reset_enum)
</UL>
<BR>[Called By]<UL><LI><a href="#[1ee]">&gt;&gt;</a>&nbsp;&nbsp;&nbsp;Display::initPeriph()
</UL>

<P><STRONG><a name="[145]"></a>timer_enable(unsigned)</STRONG> (Thumb, 10 bytes, Stack size 0 bytes, gd32f30x_timer.o(i._Z12timer_enablej))
<BR><BR>[Called By]<UL><LI><a href="#[ed]">&gt;&gt;</a>&nbsp;&nbsp;&nbsp;Core::initialize()
<LI><a href="#[148]">&gt;&gt;</a>&nbsp;&nbsp;&nbsp;Core::delayUs(unsigned)
<LI><a href="#[1ee]">&gt;&gt;</a>&nbsp;&nbsp;&nbsp;Display::initPeriph()
</UL>

<P><STRONG><a name="[af]"></a>usart_deinit(unsigned)</STRONG> (Thumb, 136 bytes, Stack size 8 bytes, gd32f30x_usart.o(i._Z12usart_deinitj))
<BR><BR>[Stack]<UL><LI>Max Depth = 8<LI>Call Chain = usart_deinit(unsigned)
</UL>
<BR>[Calls]<UL><LI><a href="#[8d]">&gt;&gt;</a>&nbsp;&nbsp;&nbsp;rcu_periph_reset_disable(rcu_periph_reset_enum)
<LI><a href="#[8c]">&gt;&gt;</a>&nbsp;&nbsp;&nbsp;rcu_periph_reset_enable(rcu_periph_reset_enum)
</UL>
<BR>[Called By]<UL><LI><a href="#[f0]">&gt;&gt;</a>&nbsp;&nbsp;&nbsp;Usart::initialize()
</UL>

<P><STRONG><a name="[1a4]"></a>usart_enable(unsigned)</STRONG> (Thumb, 10 bytes, Stack size 0 bytes, gd32f30x_usart.o(i._Z12usart_enablej))
<BR><BR>[Called By]<UL><LI><a href="#[f0]">&gt;&gt;</a>&nbsp;&nbsp;&nbsp;Usart::initialize()
<LI><a href="#[198]">&gt;&gt;</a>&nbsp;&nbsp;&nbsp;Usart::changeBaudrate(unsigned)
</UL>

<P><STRONG><a name="[b0]"></a>activityAbout()</STRONG> (Thumb, 50 bytes, Stack size 8 bytes, main.o(i._Z13activityAboutv))
<BR><BR>[Stack]<UL><LI>Max Depth = 500<LI>Call Chain = activityAbout() &rArr; System::viewScreen(bool) &rArr; Slider::setMinMax(short, unsigned char, unsigned char, unsigned char, unsigned char) &rArr; Slider::drawDigGrid() &rArr; Text::writeStringOver(short, short, char*, FontDef, unsigned, unsigned, unsigned char) &rArr; Text::writeCharOver(unsigned short, unsigned short, char, FontDef, unsigned, unsigned, unsigned char) &rArr; Display::setAddrWindow(unsigned short, unsigned short, unsigned short, unsigned short) &rArr; Display::writeData(unsigned char) &rArr; Sleep::setLowPower(bool) &rArr; Usart::changeBaudrate(unsigned) &rArr; usart_baudrate_set(unsigned, unsigned) &rArr; rcu_clock_freq_get(rcu_clock_freq_enum)
</UL>
<BR>[Calls]<UL><LI><a href="#[b2]">&gt;&gt;</a>&nbsp;&nbsp;&nbsp;System::viewScreen(bool)
<LI><a href="#[b1]">&gt;&gt;</a>&nbsp;&nbsp;&nbsp;About::viewHandler()
</UL>
<BR>[Called By]<UL><LI><a href="#[70]">&gt;&gt;</a>&nbsp;&nbsp;&nbsp;main
</UL>

<P><STRONG><a name="[b3]"></a>activityError()</STRONG> (Thumb, 284 bytes, Stack size 8 bytes, main.o(i._Z13activityErrorv))
<BR><BR>[Stack]<UL><LI>Max Depth = 500<LI>Call Chain = activityError() &rArr; System::viewScreen(bool) &rArr; Slider::setMinMax(short, unsigned char, unsigned char, unsigned char, unsigned char) &rArr; Slider::drawDigGrid() &rArr; Text::writeStringOver(short, short, char*, FontDef, unsigned, unsigned, unsigned char) &rArr; Text::writeCharOver(unsigned short, unsigned short, char, FontDef, unsigned, unsigned, unsigned char) &rArr; Display::setAddrWindow(unsigned short, unsigned short, unsigned short, unsigned short) &rArr; Display::writeData(unsigned char) &rArr; Sleep::setLowPower(bool) &rArr; Usart::changeBaudrate(unsigned) &rArr; usart_baudrate_set(unsigned, unsigned) &rArr; rcu_clock_freq_get(rcu_clock_freq_enum)
</UL>
<BR>[Calls]<UL><LI><a href="#[b5]">&gt;&gt;</a>&nbsp;&nbsp;&nbsp;Display::switchOn()
<LI><a href="#[b6]">&gt;&gt;</a>&nbsp;&nbsp;&nbsp;Display::setLight(unsigned short)
<LI><a href="#[b2]">&gt;&gt;</a>&nbsp;&nbsp;&nbsp;System::viewScreen(bool)
<LI><a href="#[b9]">&gt;&gt;</a>&nbsp;&nbsp;&nbsp;Search::viewScreen()
<LI><a href="#[b4]">&gt;&gt;</a>&nbsp;&nbsp;&nbsp;Sleep::setLowPower(bool)
<LI><a href="#[b8]">&gt;&gt;</a>&nbsp;&nbsp;&nbsp;Error::viewHandler()
<LI><a href="#[b7]">&gt;&gt;</a>&nbsp;&nbsp;&nbsp;Error::viewScreen()
</UL>
<BR>[Called By]<UL><LI><a href="#[70]">&gt;&gt;</a>&nbsp;&nbsp;&nbsp;main
</UL>

<P><STRONG><a name="[ba]"></a>activitySetup()</STRONG> (Thumb, 188 bytes, Stack size 8 bytes, main.o(i._Z13activitySetupv))
<BR><BR>[Stack]<UL><LI>Max Depth = 612<LI>Call Chain = activitySetup() &rArr; Setup::handler() &rArr; Setup::viewPage(unsigned char, unsigned char) &rArr; Setup::viewScreen11(unsigned char) &rArr; Text::writeDigit(unsigned short, unsigned short, const char*, unsigned, unsigned char) &rArr; Text::writeOneDigit(unsigned short, unsigned short, char, unsigned, unsigned char) &rArr; Canvas::loadImageOverColor(unsigned short, unsigned short, unsigned, unsigned, unsigned char, unsigned) &rArr; Canvas::writePixel(short, short, unsigned) &rArr; Display::setAddrWindow(unsigned short, unsigned short, unsigned short, unsigned short) &rArr; Display::writeData(unsigned char) &rArr; Sleep::setLowPower(bool) &rArr; Usart::changeBaudrate(unsigned) &rArr; usart_baudrate_set(unsigned, unsigned) &rArr; rcu_clock_freq_get(rcu_clock_freq_enum)
</UL>
<BR>[Calls]<UL><LI><a href="#[b2]">&gt;&gt;</a>&nbsp;&nbsp;&nbsp;System::viewScreen(bool)
<LI><a href="#[bb]">&gt;&gt;</a>&nbsp;&nbsp;&nbsp;Setup::handler()
<LI><a href="#[bc]">&gt;&gt;</a>&nbsp;&nbsp;&nbsp;SetupClock::viewScreen()
<LI><a href="#[95]">&gt;&gt;</a>&nbsp;&nbsp;&nbsp;writeSetup()
</UL>
<BR>[Called By]<UL><LI><a href="#[70]">&gt;&gt;</a>&nbsp;&nbsp;&nbsp;main
</UL>

<P><STRONG><a name="[bd]"></a>activitySleep()</STRONG> (Thumb, 162 bytes, Stack size 8 bytes, main.o(i._Z13activitySleepv))
<BR><BR>[Stack]<UL><LI>Max Depth = 612<LI>Call Chain = activitySleep() &rArr; Setup::viewScreen() &rArr; Setup::viewPage(unsigned char, unsigned char) &rArr; Setup::viewScreen11(unsigned char) &rArr; Text::writeDigit(unsigned short, unsigned short, const char*, unsigned, unsigned char) &rArr; Text::writeOneDigit(unsigned short, unsigned short, char, unsigned, unsigned char) &rArr; Canvas::loadImageOverColor(unsigned short, unsigned short, unsigned, unsigned, unsigned char, unsigned) &rArr; Canvas::writePixel(short, short, unsigned) &rArr; Display::setAddrWindow(unsigned short, unsigned short, unsigned short, unsigned short) &rArr; Display::writeData(unsigned char) &rArr; Sleep::setLowPower(bool) &rArr; Usart::changeBaudrate(unsigned) &rArr; usart_baudrate_set(unsigned, unsigned) &rArr; rcu_clock_freq_get(rcu_clock_freq_enum)
</UL>
<BR>[Calls]<UL><LI><a href="#[b5]">&gt;&gt;</a>&nbsp;&nbsp;&nbsp;Display::switchOn()
<LI><a href="#[b6]">&gt;&gt;</a>&nbsp;&nbsp;&nbsp;Display::setLight(unsigned short)
<LI><a href="#[b2]">&gt;&gt;</a>&nbsp;&nbsp;&nbsp;System::viewScreen(bool)
<LI><a href="#[be]">&gt;&gt;</a>&nbsp;&nbsp;&nbsp;Sleep::handler()
<LI><a href="#[b4]">&gt;&gt;</a>&nbsp;&nbsp;&nbsp;Sleep::setLowPower(bool)
<LI><a href="#[a2]">&gt;&gt;</a>&nbsp;&nbsp;&nbsp;Setup::viewScreen()
<LI><a href="#[bf]">&gt;&gt;</a>&nbsp;&nbsp;&nbsp;StartTimers::viewScreen()
</UL>
<BR>[Called By]<UL><LI><a href="#[70]">&gt;&gt;</a>&nbsp;&nbsp;&nbsp;main
</UL>

<P><STRONG><a name="[17d]"></a>bkp_read_data(bkp_data_register_enum)</STRONG> (Thumb, 50 bytes, Stack size 0 bytes, gd32f30x_bkp.o(i._Z13bkp_read_data22bkp_data_register_enum))
<BR><BR>[Called By]<UL><LI><a href="#[162]">&gt;&gt;</a>&nbsp;&nbsp;&nbsp;Clock::isTimeOk()
</UL>

<P><STRONG><a name="[df]"></a>can_error_get(unsigned)</STRONG> (Thumb, 12 bytes, Stack size 0 bytes, gd32f30x_can.o(i._Z13can_error_getj))
<BR><BR>[Called By]<UL><LI><a href="#[7c]">&gt;&gt;</a>&nbsp;&nbsp;&nbsp;can_interrupt_flag_get(unsigned, can_interrupt_flag_enum)
</UL>

<P><STRONG><a name="[c0]"></a>handlerSensor()</STRONG> (Thumb, 46 bytes, Stack size 8 bytes, main.o(i._Z13handlerSensorv))
<BR><BR>[Stack]<UL><LI>Max Depth = 172<LI>Call Chain = handlerSensor() &rArr; Sensor::handler() &rArr; Sensor::testProg() &rArr; Sensor::initialize() &rArr; i2c_clock_config(unsigned, unsigned, unsigned) &rArr; rcu_clock_freq_get(rcu_clock_freq_enum)
</UL>
<BR>[Calls]<UL><LI><a href="#[c2]">&gt;&gt;</a>&nbsp;&nbsp;&nbsp;Display::setTimer(unsigned)
<LI><a href="#[c1]">&gt;&gt;</a>&nbsp;&nbsp;&nbsp;Sensor::handler()
</UL>
<BR>[Called By]<UL><LI><a href="#[70]">&gt;&gt;</a>&nbsp;&nbsp;&nbsp;main
</UL>

<P><STRONG><a name="[149]"></a>timer_disable(unsigned)</STRONG> (Thumb, 10 bytes, Stack size 0 bytes, gd32f30x_timer.o(i._Z13timer_disablej))
<BR><BR>[Called By]<UL><LI><a href="#[148]">&gt;&gt;</a>&nbsp;&nbsp;&nbsp;Core::delayUs(unsigned)
</UL>

<P><STRONG><a name="[19a]"></a>usart_disable(unsigned)</STRONG> (Thumb, 10 bytes, Stack size 0 bytes, gd32f30x_usart.o(i._Z13usart_disablej))
<BR><BR>[Called By]<UL><LI><a href="#[f0]">&gt;&gt;</a>&nbsp;&nbsp;&nbsp;Usart::initialize()
<LI><a href="#[198]">&gt;&gt;</a>&nbsp;&nbsp;&nbsp;Usart::changeBaudrate(unsigned)
</UL>

<P><STRONG><a name="[c5]"></a>activitySearch()</STRONG> (Thumb, 136 bytes, Stack size 8 bytes, main.o(i._Z14activitySearchv))
<BR><BR>[Stack]<UL><LI>Max Depth = 500<LI>Call Chain = activitySearch() &rArr; System::viewScreen(bool) &rArr; Slider::setMinMax(short, unsigned char, unsigned char, unsigned char, unsigned char) &rArr; Slider::drawDigGrid() &rArr; Text::writeStringOver(short, short, char*, FontDef, unsigned, unsigned, unsigned char) &rArr; Text::writeCharOver(unsigned short, unsigned short, char, FontDef, unsigned, unsigned, unsigned char) &rArr; Display::setAddrWindow(unsigned short, unsigned short, unsigned short, unsigned short) &rArr; Display::writeData(unsigned char) &rArr; Sleep::setLowPower(bool) &rArr; Usart::changeBaudrate(unsigned) &rArr; usart_baudrate_set(unsigned, unsigned) &rArr; rcu_clock_freq_get(rcu_clock_freq_enum)
</UL>
<BR>[Calls]<UL><LI><a href="#[b2]">&gt;&gt;</a>&nbsp;&nbsp;&nbsp;System::viewScreen(bool)
<LI><a href="#[c6]">&gt;&gt;</a>&nbsp;&nbsp;&nbsp;Search::viewHandler()
<LI><a href="#[b9]">&gt;&gt;</a>&nbsp;&nbsp;&nbsp;Search::viewScreen()
</UL>
<BR>[Called By]<UL><LI><a href="#[70]">&gt;&gt;</a>&nbsp;&nbsp;&nbsp;main
</UL>

<P><STRONG><a name="[129]"></a>adc_flag_clear(unsigned, unsigned)</STRONG> (Thumb, 8 bytes, Stack size 0 bytes, gd32f30x_adc.o(i._Z14adc_flag_clearjj))
<BR><BR>[Called By]<UL><LI><a href="#[f1]">&gt;&gt;</a>&nbsp;&nbsp;&nbsp;Temperature::initialize()
</UL>

<P><STRONG><a name="[178]"></a>bkp_write_data(bkp_data_register_enum, unsigned short)</STRONG> (Thumb, 46 bytes, Stack size 0 bytes, gd32f30x_bkp.o(i._Z14bkp_write_data22bkp_data_register_enumt))
<BR><BR>[Called By]<UL><LI><a href="#[d3]">&gt;&gt;</a>&nbsp;&nbsp;&nbsp;Clock::timeRegulate()
</UL>

<P><STRONG><a name="[98]"></a>fmc_page_erase(unsigned)</STRONG> (Thumb, 222 bytes, Stack size 12 bytes, gd32f30x_fmc.o(i._Z14fmc_page_erasej))
<BR><BR>[Stack]<UL><LI>Max Depth = 16<LI>Call Chain = fmc_page_erase(unsigned) &rArr; fmc_bank1_ready_wait(unsigned)
</UL>
<BR>[Calls]<UL><LI><a href="#[c8]">&gt;&gt;</a>&nbsp;&nbsp;&nbsp;fmc_bank1_ready_wait(unsigned)
<LI><a href="#[c7]">&gt;&gt;</a>&nbsp;&nbsp;&nbsp;fmc_bank0_ready_wait(unsigned)
</UL>
<BR>[Called By]<UL><LI><a href="#[f6]">&gt;&gt;</a>&nbsp;&nbsp;&nbsp;setNewId()
<LI><a href="#[95]">&gt;&gt;</a>&nbsp;&nbsp;&nbsp;writeSetup()
</UL>

<P><STRONG><a name="[134]"></a>gpio_bit_reset(unsigned, unsigned)</STRONG> (Thumb, 4 bytes, Stack size 0 bytes, gd32f30x_gpio.o(i._Z14gpio_bit_resetjj))
<BR><BR>[Called By]<UL><LI><a href="#[1dd]">&gt;&gt;</a>&nbsp;&nbsp;&nbsp;Slider::viewGridSens(unsigned short, unsigned, bool)
<LI><a href="#[ff]">&gt;&gt;</a>&nbsp;&nbsp;&nbsp;Canvas::writeFillRect(unsigned short, unsigned short, unsigned short, unsigned short, unsigned)
<LI><a href="#[ee]">&gt;&gt;</a>&nbsp;&nbsp;&nbsp;Display::initialize()
<LI><a href="#[f5]">&gt;&gt;</a>&nbsp;&nbsp;&nbsp;Sensor::initialize()
<LI><a href="#[f2]">&gt;&gt;</a>&nbsp;&nbsp;&nbsp;Memory::initializeQuad()
<LI><a href="#[f3]">&gt;&gt;</a>&nbsp;&nbsp;&nbsp;Memory::lockMemory(bool)
<LI><a href="#[ef]">&gt;&gt;</a>&nbsp;&nbsp;&nbsp;Can::initialize()
<LI><a href="#[1ab]">&gt;&gt;</a>&nbsp;&nbsp;&nbsp;Memory::readPage(unsigned char*, unsigned, unsigned)
<LI><a href="#[1ad]">&gt;&gt;</a>&nbsp;&nbsp;&nbsp;Memory::quadSend(unsigned char)
<LI><a href="#[1af]">&gt;&gt;</a>&nbsp;&nbsp;&nbsp;Memory::quadReceiv()
<LI><a href="#[1b1]">&gt;&gt;</a>&nbsp;&nbsp;&nbsp;Canvas::writePixelDouble(short, short, unsigned, unsigned)
<LI><a href="#[1b0]">&gt;&gt;</a>&nbsp;&nbsp;&nbsp;Canvas::writePixelCount(short, short, unsigned*, unsigned char)
<LI><a href="#[1df]">&gt;&gt;</a>&nbsp;&nbsp;&nbsp;Slider::viewGrid(unsigned short, unsigned)
<LI><a href="#[1e1]">&gt;&gt;</a>&nbsp;&nbsp;&nbsp;Slider::viewGridInvert(unsigned short, unsigned)
<LI><a href="#[153]">&gt;&gt;</a>&nbsp;&nbsp;&nbsp;Canvas::loadImageColor(unsigned short, unsigned short, unsigned, unsigned)
<LI><a href="#[14e]">&gt;&gt;</a>&nbsp;&nbsp;&nbsp;Text::writeChar(unsigned short, unsigned short, char, FontDef, unsigned, unsigned)
<LI><a href="#[15a]">&gt;&gt;</a>&nbsp;&nbsp;&nbsp;Canvas::loadImage(unsigned short, unsigned short, unsigned)
<LI><a href="#[fb]">&gt;&gt;</a>&nbsp;&nbsp;&nbsp;Canvas::drawRoundRect(unsigned short, unsigned short, unsigned short, unsigned short, unsigned, unsigned, unsigned)
<LI><a href="#[18c]">&gt;&gt;</a>&nbsp;&nbsp;&nbsp;Canvas::writePlus(unsigned short, unsigned short)
<LI><a href="#[18b]">&gt;&gt;</a>&nbsp;&nbsp;&nbsp;Canvas::writeMinus(unsigned short, unsigned short)
<LI><a href="#[1a9]">&gt;&gt;</a>&nbsp;&nbsp;&nbsp;Display::writeData(unsigned char)
<LI><a href="#[1a8]">&gt;&gt;</a>&nbsp;&nbsp;&nbsp;Display::writeCommand(unsigned char)
<LI><a href="#[1b5]">&gt;&gt;</a>&nbsp;&nbsp;&nbsp;Memory::spiSend(unsigned char)
<LI><a href="#[15e]">&gt;&gt;</a>&nbsp;&nbsp;&nbsp;Canvas::writeDot(unsigned short, unsigned short, char, char)
<LI><a href="#[179]">&gt;&gt;</a>&nbsp;&nbsp;&nbsp;Canvas::clearDot(unsigned short, unsigned short, char, char)
<LI><a href="#[1bc]">&gt;&gt;</a>&nbsp;&nbsp;&nbsp;Memory::powerUp()
<LI><a href="#[1bd]">&gt;&gt;</a>&nbsp;&nbsp;&nbsp;Memory::ident()
<LI><a href="#[1b7]">&gt;&gt;</a>&nbsp;&nbsp;&nbsp;Memory::volatileWriteEnable()
<LI><a href="#[1ba]">&gt;&gt;</a>&nbsp;&nbsp;&nbsp;Memory::writeDisable()
<LI><a href="#[1b8]">&gt;&gt;</a>&nbsp;&nbsp;&nbsp;Memory::writeEnable()
<LI><a href="#[1b9]">&gt;&gt;</a>&nbsp;&nbsp;&nbsp;Memory::readStatus()
</UL>

<P><STRONG><a name="[1c7]"></a>i2c_ack_config(unsigned, unsigned)</STRONG> (Thumb, 24 bytes, Stack size 0 bytes, gd32f30x_i2c.o(i._Z14i2c_ack_configjj))
<BR><BR>[Called By]<UL><LI><a href="#[f5]">&gt;&gt;</a>&nbsp;&nbsp;&nbsp;Sensor::initialize()
<LI><a href="#[1c8]">&gt;&gt;</a>&nbsp;&nbsp;&nbsp;Sensor::read(unsigned char*, unsigned char, unsigned char)
</UL>

<P><STRONG><a name="[176]"></a>rtc_lwoff_wait()</STRONG> (Thumb, 16 bytes, Stack size 0 bytes, gd32f30x_rtc.o(i._Z14rtc_lwoff_waitv))
<BR><BR>[Called By]<UL><LI><a href="#[d3]">&gt;&gt;</a>&nbsp;&nbsp;&nbsp;Clock::timeRegulate()
<LI><a href="#[163]">&gt;&gt;</a>&nbsp;&nbsp;&nbsp;Clock::config()
</UL>

<P><STRONG><a name="[122]"></a>adc_mode_config(unsigned)</STRONG> (Thumb, 22 bytes, Stack size 0 bytes, gd32f30x_adc.o(i._Z15adc_mode_configj))
<BR><BR>[Called By]<UL><LI><a href="#[f1]">&gt;&gt;</a>&nbsp;&nbsp;&nbsp;Temperature::initialize()
</UL>

<P><STRONG><a name="[a5]"></a>can_filter_init(can_filter_parameter_struct*)</STRONG> (Thumb, 262 bytes, Stack size 8 bytes, gd32f30x_can.o(i._Z15can_filter_initP27can_filter_parameter_struct))
<BR><BR>[Stack]<UL><LI>Max Depth = 8<LI>Call Chain = can_filter_init(can_filter_parameter_struct*)
</UL>
<BR>[Called By]<UL><LI><a href="#[a3]">&gt;&gt;</a>&nbsp;&nbsp;&nbsp;ConfigFilter(unsigned, unsigned char)
</UL>

<P><STRONG><a name="[1c9]"></a>i2c_stop_on_bus(unsigned)</STRONG> (Thumb, 10 bytes, Stack size 0 bytes, gd32f30x_i2c.o(i._Z15i2c_stop_on_busj))
<BR><BR>[Called By]<UL><LI><a href="#[1c8]">&gt;&gt;</a>&nbsp;&nbsp;&nbsp;Sensor::read(unsigned char*, unsigned char, unsigned char)
</UL>

<P><STRONG><a name="[c9]"></a>nvic_irq_enable(unsigned char, unsigned char, unsigned char)</STRONG> (Thumb, 186 bytes, Stack size 24 bytes, gd32f30x_misc.o(i._Z15nvic_irq_enablehhh))
<BR><BR>[Stack]<UL><LI>Max Depth = 24<LI>Call Chain = nvic_irq_enable(unsigned char, unsigned char, unsigned char)
</UL>
<BR>[Calls]<UL><LI><a href="#[ca]">&gt;&gt;</a>&nbsp;&nbsp;&nbsp;nvic_priority_group_set(unsigned)
</UL>
<BR>[Called By]<UL><LI><a href="#[f5]">&gt;&gt;</a>&nbsp;&nbsp;&nbsp;Sensor::initialize()
<LI><a href="#[f0]">&gt;&gt;</a>&nbsp;&nbsp;&nbsp;Usart::initialize()
<LI><a href="#[ef]">&gt;&gt;</a>&nbsp;&nbsp;&nbsp;Can::initialize()
<LI><a href="#[1c2]">&gt;&gt;</a>&nbsp;&nbsp;&nbsp;Sensor::initButton()
</UL>

<P><STRONG><a name="[166]"></a>rtc_counter_get()</STRONG> (Thumb, 16 bytes, Stack size 0 bytes, gd32f30x_rtc.o(i._Z15rtc_counter_getv))
<BR><BR>[Called By]<UL><LI><a href="#[164]">&gt;&gt;</a>&nbsp;&nbsp;&nbsp;Clock::timeUpdate()
</UL>

<P><STRONG><a name="[cb]"></a>rtc_counter_set(unsigned)</STRONG> (Thumb, 26 bytes, Stack size 4 bytes, gd32f30x_rtc.o(i._Z15rtc_counter_setj))
<BR><BR>[Stack]<UL><LI>Max Depth = 4<LI>Call Chain = rtc_counter_set(unsigned)
</UL>
<BR>[Calls]<UL><LI><a href="#[cc]">&gt;&gt;</a>&nbsp;&nbsp;&nbsp;rtc_configuration_mode_enter()
<LI><a href="#[cd]">&gt;&gt;</a>&nbsp;&nbsp;&nbsp;rtc_configuration_mode_exit()
</UL>
<BR>[Called By]<UL><LI><a href="#[d3]">&gt;&gt;</a>&nbsp;&nbsp;&nbsp;Clock::timeRegulate()
</UL>

<P><STRONG><a name="[99]"></a>fmc_word_program(unsigned, unsigned)</STRONG> (Thumb, 178 bytes, Stack size 16 bytes, gd32f30x_fmc.o(i._Z16fmc_word_programjj))
<BR><BR>[Stack]<UL><LI>Max Depth = 20<LI>Call Chain = fmc_word_program(unsigned, unsigned) &rArr; fmc_bank1_ready_wait(unsigned)
</UL>
<BR>[Calls]<UL><LI><a href="#[c8]">&gt;&gt;</a>&nbsp;&nbsp;&nbsp;fmc_bank1_ready_wait(unsigned)
<LI><a href="#[c7]">&gt;&gt;</a>&nbsp;&nbsp;&nbsp;fmc_bank0_ready_wait(unsigned)
</UL>
[...]
<LI><a href="#[d6]">&gt;&gt;</a>&nbsp;&nbsp;&nbsp;Temperature::request()
<LI><a href="#[9b]">&gt;&gt;</a>&nbsp;&nbsp;&nbsp;activityAir()
<LI><a href="#[191]">&gt;&gt;</a>&nbsp;&nbsp;&nbsp;Setup::viewScreen13(unsigned char)
<LI><a href="#[18a]">&gt;&gt;</a>&nbsp;&nbsp;&nbsp;Setup::viewScreen11(unsigned char)
<LI><a href="#[109]">&gt;&gt;</a>&nbsp;&nbsp;&nbsp;StartTimer::viewScreen(unsigned char)
<LI><a href="#[117]">&gt;&gt;</a>&nbsp;&nbsp;&nbsp;CAN_PGN_RVC::msgWaterHeater()
<LI><a href="#[114]">&gt;&gt;</a>&nbsp;&nbsp;&nbsp;CAN_PGN_RVC::msgAmbientTemp()
<LI><a href="#[112]">&gt;&gt;</a>&nbsp;&nbsp;&nbsp;CAN_PGN_RVC::msgExtMessage()
<LI><a href="#[16a]">&gt;&gt;</a>&nbsp;&nbsp;&nbsp;Clock::drawHour(unsigned short, char)
<LI><a href="#[13e]">&gt;&gt;</a>&nbsp;&nbsp;&nbsp;Hcu::parsing()
</UL>

<P><STRONG><a name="[278]"></a>_dflt</STRONG> (Thumb, 46 bytes, Stack size 0 bytes, dflt_clz.o(x$fpl$dflt), UNUSED)

<P><STRONG><a name="[140]"></a>__aeabi_ui2d</STRONG> (Thumb, 0 bytes, Stack size 0 bytes, dflt_clz.o(x$fpl$dfltu))
<BR><BR>[Called By]<UL><LI><a href="#[18a]">&gt;&gt;</a>&nbsp;&nbsp;&nbsp;Setup::viewScreen11(unsigned char)
<LI><a href="#[1fd]">&gt;&gt;</a>&nbsp;&nbsp;&nbsp;RVCModule::ProcessMessage(unsigned char)
<LI><a href="#[13e]">&gt;&gt;</a>&nbsp;&nbsp;&nbsp;Hcu::parsing()
</UL>

<P><STRONG><a name="[279]"></a>_dfltu</STRONG> (Thumb, 38 bytes, Stack size 0 bytes, dflt_clz.o(x$fpl$dfltu), UNUSED)

<P><STRONG><a name="[9e]"></a>__aeabi_cdcmple</STRONG> (Thumb, 0 bytes, Stack size 32 bytes, dleqf.o(x$fpl$dleqf))
<BR><BR>[Stack]<UL><LI>Max Depth = 32<LI>Call Chain = __aeabi_cdcmple
</UL>
<BR>[Called By]<UL><LI><a href="#[9b]">&gt;&gt;</a>&nbsp;&nbsp;&nbsp;activityAir()
<LI><a href="#[18a]">&gt;&gt;</a>&nbsp;&nbsp;&nbsp;Setup::viewScreen11(unsigned char)
</UL>

<P><STRONG><a name="[228]"></a>_dcmple</STRONG> (Thumb, 120 bytes, Stack size 32 bytes, dleqf.o(x$fpl$dleqf), UNUSED)
<BR><BR>[Calls]<UL><LI><a href="#[221]">&gt;&gt;</a>&nbsp;&nbsp;&nbsp;__fpl_dnaninf
<LI><a href="#[229]">&gt;&gt;</a>&nbsp;&nbsp;&nbsp;__fpl_dcmp_Inf
</UL>

<P><STRONG><a name="[22c]"></a>__fpl_dcmple_InfNaN</STRONG> (Thumb, 0 bytes, Stack size unknown bytes, dleqf.o(x$fpl$dleqf), UNUSED)
<BR><BR>[Called By]<UL><LI><a href="#[22b]">&gt;&gt;</a>&nbsp;&nbsp;&nbsp;_drcmple
</UL>

<P><STRONG><a name="[10c]"></a>__aeabi_dmul</STRONG> (Thumb, 0 bytes, Stack size 32 bytes, dmul.o(x$fpl$dmul))
<BR><BR>[Stack]<UL><LI>Max Depth = 32<LI>Call Chain = __aeabi_dmul
</UL>
<BR>[Called By]<UL><LI><a href="#[ef]">&gt;&gt;</a>&nbsp;&nbsp;&nbsp;Can::initialize()
<LI><a href="#[191]">&gt;&gt;</a>&nbsp;&nbsp;&nbsp;Setup::viewScreen13(unsigned char)
<LI><a href="#[18a]">&gt;&gt;</a>&nbsp;&nbsp;&nbsp;Setup::viewScreen11(unsigned char)
<LI><a href="#[109]">&gt;&gt;</a>&nbsp;&nbsp;&nbsp;StartTimer::viewScreen(unsigned char)
<LI><a href="#[117]">&gt;&gt;</a>&nbsp;&nbsp;&nbsp;CAN_PGN_RVC::msgWaterHeater()
<LI><a href="#[114]">&gt;&gt;</a>&nbsp;&nbsp;&nbsp;CAN_PGN_RVC::msgAmbientTemp()
<LI><a href="#[112]">&gt;&gt;</a>&nbsp;&nbsp;&nbsp;CAN_PGN_RVC::msgExtMessage()
<LI><a href="#[16a]">&gt;&gt;</a>&nbsp;&nbsp;&nbsp;Clock::drawHour(unsigned short, char)
</UL>

<P><STRONG><a name="[22a]"></a>_dmul</STRONG> (Thumb, 332 bytes, Stack size 32 bytes, dmul.o(x$fpl$dmul), UNUSED)
<BR><BR>[Calls]<UL><LI><a href="#[224]">&gt;&gt;</a>&nbsp;&nbsp;&nbsp;__fpl_dretinf
<LI><a href="#[221]">&gt;&gt;</a>&nbsp;&nbsp;&nbsp;__fpl_dnaninf
</UL>

<P><STRONG><a name="[221]"></a>__fpl_dnaninf</STRONG> (Thumb, 156 bytes, Stack size 16 bytes, dnaninf.o(x$fpl$dnaninf), UNUSED)
<BR><BR>[Called By]<UL><LI><a href="#[22a]">&gt;&gt;</a>&nbsp;&nbsp;&nbsp;_dmul
<LI><a href="#[228]">&gt;&gt;</a>&nbsp;&nbsp;&nbsp;_dcmple
<LI><a href="#[227]">&gt;&gt;</a>&nbsp;&nbsp;&nbsp;_dfixu
<LI><a href="#[226]">&gt;&gt;</a>&nbsp;&nbsp;&nbsp;_dfix
<LI><a href="#[225]">&gt;&gt;</a>&nbsp;&nbsp;&nbsp;_ddiv
<LI><a href="#[22d]">&gt;&gt;</a>&nbsp;&nbsp;&nbsp;_dsub
<LI><a href="#[222]">&gt;&gt;</a>&nbsp;&nbsp;&nbsp;_dadd
<LI><a href="#[21f]">&gt;&gt;</a>&nbsp;&nbsp;&nbsp;_d2f
</UL>

<P><STRONG><a name="[224]"></a>__fpl_dretinf</STRONG> (Thumb, 12 bytes, Stack size 0 bytes, dretinf.o(x$fpl$dretinf), UNUSED)
<BR><BR>[Called By]<UL><LI><a href="#[22f]">&gt;&gt;</a>&nbsp;&nbsp;&nbsp;_f2d
<LI><a href="#[22a]">&gt;&gt;</a>&nbsp;&nbsp;&nbsp;_dmul
<LI><a href="#[225]">&gt;&gt;</a>&nbsp;&nbsp;&nbsp;_ddiv
<LI><a href="#[222]">&gt;&gt;</a>&nbsp;&nbsp;&nbsp;_dadd
</UL>

<P><STRONG><a name="[9f]"></a>__aeabi_cdrcmple</STRONG> (Thumb, 0 bytes, Stack size 16 bytes, drleqf.o(x$fpl$drleqf))
<BR><BR>[Stack]<UL><LI>Max Depth = 16<LI>Call Chain = __aeabi_cdrcmple
</UL>
<BR>[Called By]<UL><LI><a href="#[9b]">&gt;&gt;</a>&nbsp;&nbsp;&nbsp;activityAir()
<LI><a href="#[18a]">&gt;&gt;</a>&nbsp;&nbsp;&nbsp;Setup::viewScreen11(unsigned char)
</UL>

<P><STRONG><a name="[22b]"></a>_drcmple</STRONG> (Thumb, 108 bytes, Stack size 16 bytes, drleqf.o(x$fpl$drleqf), UNUSED)
<BR><BR>[Calls]<UL><LI><a href="#[22c]">&gt;&gt;</a>&nbsp;&nbsp;&nbsp;__fpl_dcmple_InfNaN
</UL>

<P><STRONG><a name="[18f]"></a>__aeabi_dsub</STRONG> (Thumb, 0 bytes, Stack size 32 bytes, daddsub_clz.o(x$fpl$dsub))
<BR><BR>[Stack]<UL><LI>Max Depth = 32<LI>Call Chain = __aeabi_dsub
</UL>
<BR>[Called By]<UL><LI><a href="#[18a]">&gt;&gt;</a>&nbsp;&nbsp;&nbsp;Setup::viewScreen11(unsigned char)
<LI><a href="#[1fd]">&gt;&gt;</a>&nbsp;&nbsp;&nbsp;RVCModule::ProcessMessage(unsigned char)
</UL>

<P><STRONG><a name="[22d]"></a>_dsub</STRONG> (Thumb, 464 bytes, Stack size 32 bytes, daddsub_clz.o(x$fpl$dsub), UNUSED)
<BR><BR>[Calls]<UL><LI><a href="#[22e]">&gt;&gt;</a>&nbsp;&nbsp;&nbsp;_dadd1
<LI><a href="#[221]">&gt;&gt;</a>&nbsp;&nbsp;&nbsp;__fpl_dnaninf
</UL>

<P><STRONG><a name="[1fe]"></a>__aeabi_f2d</STRONG> (Thumb, 0 bytes, Stack size 16 bytes, f2d.o(x$fpl$f2d))
<BR><BR>[Stack]<UL><LI>Max Depth = 16<LI>Call Chain = __aeabi_f2d
</UL>
<BR>[Called By]<UL><LI><a href="#[1fd]">&gt;&gt;</a>&nbsp;&nbsp;&nbsp;RVCModule::ProcessMessage(unsigned char)
</UL>

<P><STRONG><a name="[22f]"></a>_f2d</STRONG> (Thumb, 86 bytes, Stack size 16 bytes, f2d.o(x$fpl$f2d), UNUSED)
<BR><BR>[Calls]<UL><LI><a href="#[230]">&gt;&gt;</a>&nbsp;&nbsp;&nbsp;__fpl_fnaninf
<LI><a href="#[224]">&gt;&gt;</a>&nbsp;&nbsp;&nbsp;__fpl_dretinf
</UL>

<P><STRONG><a name="[230]"></a>__fpl_fnaninf</STRONG> (Thumb, 140 bytes, Stack size 8 bytes, fnaninf.o(x$fpl$fnaninf), UNUSED)
<BR><BR>[Called By]<UL><LI><a href="#[22f]">&gt;&gt;</a>&nbsp;&nbsp;&nbsp;_f2d
</UL>

<P><STRONG><a name="[69]"></a>_fp_init</STRONG> (Thumb, 10 bytes, Stack size 0 bytes, fpinit.o(x$fpl$fpinit))
<BR><BR>[Called By]<UL><LI><a href="#[68]">&gt;&gt;</a>&nbsp;&nbsp;&nbsp;__rt_lib_init_fp_1
</UL>

<P><STRONG><a name="[27a]"></a>__fplib_config_fpu_vfp</STRONG> (Thumb, 0 bytes, Stack size unknown bytes, fpinit.o(x$fpl$fpinit), UNUSED)

<P><STRONG><a name="[27b]"></a>__fplib_config_pureend_doubles</STRONG> (Thumb, 0 bytes, Stack size unknown bytes, fpinit.o(x$fpl$fpinit), UNUSED)

<P><STRONG><a name="[220]"></a>__fpl_fretinf</STRONG> (Thumb, 10 bytes, Stack size 0 bytes, fretinf.o(x$fpl$fretinf), UNUSED)
<BR><BR>[Called By]<UL><LI><a href="#[21f]">&gt;&gt;</a>&nbsp;&nbsp;&nbsp;_d2f
</UL>
<P>
<H3>
Local Symbols
</H3>
<P><STRONG><a name="[4c]"></a>__sti___10_search_cpp_search</STRONG> (Thumb, 10 bytes, Stack size 4 bytes, search.o(i.__sti___10_search_cpp_search))
<BR><BR>[Stack]<UL><LI>Max Depth = 4<LI>Call Chain = __sti___10_search_cpp_search
</UL>
<BR>[Calls]<UL><LI><a href="#[20d]">&gt;&gt;</a>&nbsp;&nbsp;&nbsp;Search::Search()
</UL>
<BR>[Address Reference Count : 1]<UL><LI> search.o(.init_array)
</UL>
<P><STRONG><a name="[4d]"></a>__sti___9_error_cpp_error</STRONG> (Thumb, 10 bytes, Stack size 4 bytes, error.o(i.__sti___9_error_cpp_error))
<BR><BR>[Stack]<UL><LI>Max Depth = 4<LI>Call Chain = __sti___9_error_cpp_error
</UL>
<BR>[Calls]<UL><LI><a href="#[21b]">&gt;&gt;</a>&nbsp;&nbsp;&nbsp;Error::Error()
</UL>
<BR>[Address Reference Count : 1]<UL><LI> error.o(.init_array)
</UL>
<P><STRONG><a name="[4e]"></a>__sti___10_system_cpp_air</STRONG> (Thumb, 38 bytes, Stack size 24 bytes, system.o(i.__sti___10_system_cpp_air))
<BR><BR>[Stack]<UL><LI>Max Depth = 48<LI>Call Chain = __sti___10_system_cpp_air &rArr; System::System(unsigned char, unsigned char, unsigned char, unsigned char, unsigned char, unsigned char, unsigned char, unsigned char)
</UL>
<BR>[Calls]<UL><LI><a href="#[20e]">&gt;&gt;</a>&nbsp;&nbsp;&nbsp;System::System(unsigned char, unsigned char, unsigned char, unsigned char, unsigned char, unsigned char, unsigned char, unsigned char)
</UL>
<BR>[Address Reference Count : 1]<UL><LI> system.o(.init_array)
</UL>
<P><STRONG><a name="[c3]"></a>SysTick_Config(unsigned)</STRONG> (Thumb, 50 bytes, Stack size 8 bytes, sleep.o(i._Z14SysTick_Configj))
<BR><BR>[Stack]<UL><LI>Max Depth = 16<LI>Call Chain = SysTick_Config(unsigned) &rArr; __NVIC_SetPriority(IRQn, unsigned)
</UL>
<BR>[Calls]<UL><LI><a href="#[c4]">&gt;&gt;</a>&nbsp;&nbsp;&nbsp;__NVIC_SetPriority(IRQn, unsigned)
</UL>
<BR>[Called By]<UL><LI><a href="#[b4]">&gt;&gt;</a>&nbsp;&nbsp;&nbsp;Sleep::setLowPower(bool)
</UL>

<P><STRONG><a name="[c4]"></a>__NVIC_SetPriority(IRQn, unsigned)</STRONG> (Thumb, 32 bytes, Stack size 8 bytes, sleep.o(i._Z18__NVIC_SetPriority4IRQnj))
<BR><BR>[Stack]<UL><LI>Max Depth = 8<LI>Call Chain = __NVIC_SetPriority(IRQn, unsigned)
</UL>
<BR>[Called By]<UL><LI><a href="#[c3]">&gt;&gt;</a>&nbsp;&nbsp;&nbsp;SysTick_Config(unsigned)
<LI><a href="#[b4]">&gt;&gt;</a>&nbsp;&nbsp;&nbsp;Sleep::setLowPower(bool)
</UL>

<P><STRONG><a name="[4f]"></a>__sti___9_sleep_cpp_sleep</STRONG> (Thumb, 10 bytes, Stack size 4 bytes, sleep.o(i.__sti___9_sleep_cpp_sleep))
<BR><BR>[Stack]<UL><LI>Max Depth = 4<LI>Call Chain = __sti___9_sleep_cpp_sleep
</UL>
<BR>[Calls]<UL><LI><a href="#[21d]">&gt;&gt;</a>&nbsp;&nbsp;&nbsp;Sleep::Sleep()
</UL>
<BR>[Address Reference Count : 1]<UL><LI> sleep.o(.init_array)
</UL>
<P><STRONG><a name="[50]"></a>__sti___16_start_timers_cpp_1ec715f4</STRONG> (Thumb, 10 bytes, Stack size 4 bytes, start_timers.o(i.__sti___16_start_timers_cpp_1ec715f4))
<BR><BR>[Stack]<UL><LI>Max Depth = 4<LI>Call Chain = __sti___16_start_timers_cpp_1ec715f4
</UL>
<BR>[Calls]<UL><LI><a href="#[214]">&gt;&gt;</a>&nbsp;&nbsp;&nbsp;StartTimers::StartTimers()
</UL>
<BR>[Address Reference Count : 1]<UL><LI> start_timers.o(.init_array)
</UL>
<P><STRONG><a name="[51]"></a>__sti___9_setup_cpp_setup</STRONG> (Thumb, 10 bytes, Stack size 4 bytes, setup.o(i.__sti___9_setup_cpp_setup))
<BR><BR>[Stack]<UL><LI>Max Depth = 4<LI>Call Chain = __sti___9_setup_cpp_setup
</UL>
<BR>[Calls]<UL><LI><a href="#[21c]">&gt;&gt;</a>&nbsp;&nbsp;&nbsp;Setup::Setup()
</UL>
<BR>[Address Reference Count : 1]<UL><LI> setup.o(.init_array)
</UL>
<P><STRONG><a name="[52]"></a>__sti___15_setup_clock_cpp_ccf099aa</STRONG> (Thumb, 10 bytes, Stack size 4 bytes, setup_clock.o(i.__sti___15_setup_clock_cpp_ccf099aa))
<BR><BR>[Stack]<UL><LI>Max Depth = 4<LI>Call Chain = __sti___15_setup_clock_cpp_ccf099aa
</UL>
<BR>[Calls]<UL><LI><a href="#[211]">&gt;&gt;</a>&nbsp;&nbsp;&nbsp;SetupClock::SetupClock()
</UL>
<BR>[Address Reference Count : 1]<UL><LI> setup_clock.o(.init_array)
</UL>
<P><STRONG><a name="[53]"></a>__sti___9_about_cpp_about</STRONG> (Thumb, 10 bytes, Stack size 4 bytes, about.o(i.__sti___9_about_cpp_about))
<BR><BR>[Stack]<UL><LI>Max Depth = 4<LI>Call Chain = __sti___9_about_cpp_about
</UL>
<BR>[Calls]<UL><LI><a href="#[21a]">&gt;&gt;</a>&nbsp;&nbsp;&nbsp;About::About()
</UL>
<BR>[Address Reference Count : 1]<UL><LI> about.o(.init_array)
</UL>
<P><STRONG><a name="[54]"></a>__sti___8_text_cpp_text</STRONG> (Thumb, 10 bytes, Stack size 4 bytes, text.o(i.__sti___8_text_cpp_text))
<BR><BR>[Stack]<UL><LI>Max Depth = 4<LI>Call Chain = __sti___8_text_cpp_text
</UL>
<BR>[Calls]<UL><LI><a href="#[219]">&gt;&gt;</a>&nbsp;&nbsp;&nbsp;Text::Text()
</UL>
<BR>[Address Reference Count : 1]<UL><LI> text.o(.init_array)
</UL>
<P><STRONG><a name="[55]"></a>__sti___15_start_timer_cpp_c98decc7</STRONG> (Thumb, 10 bytes, Stack size 4 bytes, start_timer.o(i.__sti___15_start_timer_cpp_c98decc7))
<BR><BR>[Stack]<UL><LI>Max Depth = 4<LI>Call Chain = __sti___15_start_timer_cpp_c98decc7
</UL>
<BR>[Calls]<UL><LI><a href="#[212]">&gt;&gt;</a>&nbsp;&nbsp;&nbsp;StartTimer::StartTimer()
</UL>
<BR>[Address Reference Count : 1]<UL><LI> start_timer.o(.init_array)
</UL>
<P><STRONG><a name="[56]"></a>__sti___10_slider_cpp_slider</STRONG> (Thumb, 40 bytes, Stack size 0 bytes, slider.o(i.__sti___10_slider_cpp_slider))
<BR>[Address Reference Count : 1]<UL><LI> slider.o(.init_array)
</UL>
<P><STRONG><a name="[57]"></a>__sti___12_checkbox_cpp_checkbox</STRONG> (Thumb, 10 bytes, Stack size 4 bytes, checkbox.o(i.__sti___12_checkbox_cpp_checkbox))
<BR><BR>[Stack]<UL><LI>Max Depth = 4<LI>Call Chain = __sti___12_checkbox_cpp_checkbox
</UL>
<BR>[Calls]<UL><LI><a href="#[210]">&gt;&gt;</a>&nbsp;&nbsp;&nbsp;Checkbox::Checkbox()
</UL>
<BR>[Address Reference Count : 1]<UL><LI> checkbox.o(.init_array)
</UL>
<P><STRONG><a name="[58]"></a>__sti___9_clock_cpp_clock</STRONG> (Thumb, 10 bytes, Stack size 8 bytes, clock.o(i.__sti___9_clock_cpp_clock))
<BR><BR>[Stack]<UL><LI>Max Depth = 24<LI>Call Chain = __sti___9_clock_cpp_clock &rArr; Clock::Clock() &rArr; strncat
</UL>
<BR>[Calls]<UL><LI><a href="#[17e]">&gt;&gt;</a>&nbsp;&nbsp;&nbsp;Clock::Clock()
</UL>
<BR>[Address Reference Count : 1]<UL><LI> clock.o(.init_array)
</UL>
<P><STRONG><a name="[142]"></a>__NVIC_SetPriority(IRQn, unsigned)</STRONG> (Thumb, 32 bytes, Stack size 8 bytes, core.o(i._Z18__NVIC_SetPriority4IRQnj))
<BR><BR>[Stack]<UL><LI>Max Depth = 8<LI>Call Chain = __NVIC_SetPriority(IRQn, unsigned)
</UL>
<BR>[Called By]<UL><LI><a href="#[ed]">&gt;&gt;</a>&nbsp;&nbsp;&nbsp;Core::initialize()
</UL>

<P><STRONG><a name="[59]"></a>__sti___8_core_cpp_core</STRONG> (Thumb, 10 bytes, Stack size 4 bytes, core.o(i.__sti___8_core_cpp_core))
<BR><BR>[Stack]<UL><LI>Max Depth = 4<LI>Call Chain = __sti___8_core_cpp_core
</UL>
<BR>[Calls]<UL><LI><a href="#[218]">&gt;&gt;</a>&nbsp;&nbsp;&nbsp;Core::Core()
</UL>
<BR>[Address Reference Count : 1]<UL><LI> core.o(.init_array)
</UL>
<P><STRONG><a name="[5a]"></a>__sti___10_canvas_cpp_canvas</STRONG> (Thumb, 10 bytes, Stack size 4 bytes, canvas.o(i.__sti___10_canvas_cpp_canvas))
<BR><BR>[Stack]<UL><LI>Max Depth = 4<LI>Call Chain = __sti___10_canvas_cpp_canvas
</UL>
<BR>[Calls]<UL><LI><a href="#[20c]">&gt;&gt;</a>&nbsp;&nbsp;&nbsp;Canvas::Canvas()
</UL>
<BR>[Address Reference Count : 1]<UL><LI> canvas.o(.init_array)
</UL>
<P><STRONG><a name="[5b]"></a>__sti___7_can_cpp_can</STRONG> (Thumb, 10 bytes, Stack size 4 bytes, can.o(i.__sti___7_can_cpp_can))
<BR><BR>[Stack]<UL><LI>Max Depth = 12<LI>Call Chain = __sti___7_can_cpp_can &rArr; Can::Can()
</UL>
<BR>[Calls]<UL><LI><a href="#[215]">&gt;&gt;</a>&nbsp;&nbsp;&nbsp;Can::Can()
</UL>
<BR>[Address Reference Count : 1]<UL><LI> can.o(.init_array)
</UL>
<P><STRONG><a name="[5c]"></a>__sti___7_rvc_cpp_rvc</STRONG> (Thumb, 10 bytes, Stack size 4 bytes, rvc.o(i.__sti___7_rvc_cpp_rvc))
<BR><BR>[Stack]<UL><LI>Max Depth = 4<LI>Call Chain = __sti___7_rvc_cpp_rvc
</UL>
<BR>[Calls]<UL><LI><a href="#[217]">&gt;&gt;</a>&nbsp;&nbsp;&nbsp;RVCModule::RVCModule()
</UL>
<BR>[Address Reference Count : 1]<UL><LI> rvc.o(.init_array)
</UL>
<P><STRONG><a name="[5d]"></a>__sti___11_pgn_rvc_cpp_b5b58dd4</STRONG> (Thumb, 10 bytes, Stack size 4 bytes, pgn_rvc.o(i.__sti___11_pgn_rvc_cpp_b5b58dd4))
<BR><BR>[Stack]<UL><LI>Max Depth = 4<LI>Call Chain = __sti___11_pgn_rvc_cpp_b5b58dd4
</UL>
<BR>[Calls]<UL><LI><a href="#[20f]">&gt;&gt;</a>&nbsp;&nbsp;&nbsp;CAN_PGN_RVC::CAN_PGN_RVC()
</UL>
<BR>[Address Reference Count : 1]<UL><LI> pgn_rvc.o(.init_array)
</UL>
<P><STRONG><a name="[5e]"></a>__sti___15_temperature_cpp_be4e2a6c</STRONG> (Thumb, 10 bytes, Stack size 4 bytes, temperature.o(i.__sti___15_temperature_cpp_be4e2a6c))
<BR><BR>[Stack]<UL><LI>Max Depth = 4<LI>Call Chain = __sti___15_temperature_cpp_be4e2a6c
</UL>
<BR>[Calls]<UL><LI><a href="#[213]">&gt;&gt;</a>&nbsp;&nbsp;&nbsp;Temperature::Temperature()
</UL>
<BR>[Address Reference Count : 1]<UL><LI> temperature.o(.init_array)
</UL>
<P><STRONG><a name="[5f]"></a>__sti___11_display_cpp_display</STRONG> (Thumb, 10 bytes, Stack size 8 bytes, display.o(i.__sti___11_display_cpp_display))
<BR><BR>[Stack]<UL><LI>Max Depth = 32<LI>Call Chain = __sti___11_display_cpp_display &rArr; Display::Display() &rArr; Display::setTimer(unsigned)
</UL>
<BR>[Calls]<UL><LI><a href="#[1fc]">&gt;&gt;</a>&nbsp;&nbsp;&nbsp;Display::Display()
</UL>
<BR>[Address Reference Count : 1]<UL><LI> display.o(.init_array)
</UL>
<P><STRONG><a name="[60]"></a>__sti___7_hcu_cpp_hcu</STRONG> (Thumb, 10 bytes, Stack size 4 bytes, hcu.o(i.__sti___7_hcu_cpp_hcu))
<BR><BR>[Stack]<UL><LI>Max Depth = 4<LI>Call Chain = __sti___7_hcu_cpp_hcu
</UL>
<BR>[Calls]<UL><LI><a href="#[216]">&gt;&gt;</a>&nbsp;&nbsp;&nbsp;Hcu::Hcu()
</UL>
<BR>[Address Reference Count : 1]<UL><LI> hcu.o(.init_array)
</UL>
<P><STRONG><a name="[61]"></a>__sti___9_usart_cpp_usart</STRONG> (Thumb, 10 bytes, Stack size 4 bytes, usart.o(i.__sti___9_usart_cpp_usart))
<BR><BR>[Stack]<UL><LI>Max Depth = 4<LI>Call Chain = __sti___9_usart_cpp_usart
</UL>
<BR>[Calls]<UL><LI><a href="#[21e]">&gt;&gt;</a>&nbsp;&nbsp;&nbsp;Usart::Usart()
</UL>
<BR>[Address Reference Count : 1]<UL><LI> usart.o(.init_array)
</UL>
<P><STRONG><a name="[93]"></a>dma_periph_and_channel_check(unsigned, dma_channel_enum)</STRONG> (Thumb, 18 bytes, Stack size 0 bytes, gd32f30x_dma.o(i._Z28dma_periph_and_channel_checkj16dma_channel_enum))
<BR><BR>[Called By]<UL><LI><a href="#[e8]">&gt;&gt;</a>&nbsp;&nbsp;&nbsp;dma_transfer_direction_config(unsigned, dma_channel_enum, unsigned)
<LI><a href="#[e7]">&gt;&gt;</a>&nbsp;&nbsp;&nbsp;dma_periph_increase_disable(unsigned, dma_channel_enum)
<LI><a href="#[e6]">&gt;&gt;</a>&nbsp;&nbsp;&nbsp;dma_transfer_number_config(unsigned, dma_channel_enum, unsigned)
<LI><a href="#[e5]">&gt;&gt;</a>&nbsp;&nbsp;&nbsp;dma_memory_increase_enable(unsigned, dma_channel_enum)
<LI><a href="#[e4]">&gt;&gt;</a>&nbsp;&nbsp;&nbsp;dma_periph_address_config(unsigned, dma_channel_enum, unsigned)
<LI><a href="#[e3]">&gt;&gt;</a>&nbsp;&nbsp;&nbsp;dma_memory_address_config(unsigned, dma_channel_enum, unsigned)
<LI><a href="#[e2]">&gt;&gt;</a>&nbsp;&nbsp;&nbsp;dma_periph_width_config(unsigned, dma_channel_enum, unsigned)
<LI><a href="#[e1]">&gt;&gt;</a>&nbsp;&nbsp;&nbsp;dma_memory_width_config(unsigned, dma_channel_enum, unsigned)
<LI><a href="#[e0]">&gt;&gt;</a>&nbsp;&nbsp;&nbsp;dma_circulation_enable(unsigned, dma_channel_enum)
<LI><a href="#[da]">&gt;&gt;</a>&nbsp;&nbsp;&nbsp;dma_priority_config(unsigned, dma_channel_enum, unsigned)
<LI><a href="#[d4]">&gt;&gt;</a>&nbsp;&nbsp;&nbsp;dma_channel_enable(unsigned, dma_channel_enum)
<LI><a href="#[92]">&gt;&gt;</a>&nbsp;&nbsp;&nbsp;dma_deinit(unsigned, dma_channel_enum)
</UL>

<P><STRONG><a name="[85]"></a>system_clock_config()</STRONG> (Thumb, 8 bytes, Stack size 8 bytes, system_gd32f30x.o(i._Z19system_clock_configv))
<BR><BR>[Stack]<UL><LI>Max Depth = 8<LI>Call Chain = system_clock_config()
</UL>
<BR>[Calls]<UL><LI><a href="#[db]">&gt;&gt;</a>&nbsp;&nbsp;&nbsp;system_clock_120m_hxtal()
</UL>
<BR>[Called By]<UL><LI><a href="#[4a]">&gt;&gt;</a>&nbsp;&nbsp;&nbsp;SystemInit
</UL>

<P><STRONG><a name="[db]"></a>system_clock_120m_hxtal()</STRONG> (Thumb, 256 bytes, Stack size 0 bytes, system_gd32f30x.o(i._Z23system_clock_120m_hxtalv))
<BR><BR>[Called By]<UL><LI><a href="#[85]">&gt;&gt;</a>&nbsp;&nbsp;&nbsp;system_clock_config()
</UL>

<P><STRONG><a name="[22e]"></a>_dadd1</STRONG> (Thumb, 0 bytes, Stack size unknown bytes, daddsub_clz.o(x$fpl$dadd), UNUSED)
<BR><BR>[Called By]<UL><LI><a href="#[22d]">&gt;&gt;</a>&nbsp;&nbsp;&nbsp;_dsub
</UL>

<P><STRONG><a name="[223]"></a>_dsub1</STRONG> (Thumb, 0 bytes, Stack size unknown bytes, daddsub_clz.o(x$fpl$dsub), UNUSED)
<BR><BR>[Called By]<UL><LI><a href="#[222]">&gt;&gt;</a>&nbsp;&nbsp;&nbsp;_dadd
</UL>
<P>
<H3>
Undefined Global Symbols
</H3><HR></body></html>
