<html>
<body>
<pre>
<h1>µVision Build Log</h1>
<h2>Tool Versions:</h2>
IDE-Version: µVision V5.35.0.0
Copyright (C) 2021 ARM Ltd and ARM Germany GmbH. All rights reserved.
License Information: Petr Grifov, TSSKB, LIC=X96CK-ZBUV6-BSFYX-H5133-4QU6P-6F0ZA
 
Tool Versions:
Toolchain:       MDK-ARM Plus  Version: 5.35.0.2
Toolchain Path:  C:\Keil_v5\ARM\ARMCC\Bin
C Compiler:      Armcc.exe V5.06 update 7 (build 960)
Assembler:       Armasm.exe V5.06 update 7 (build 960)
Linker/Locator:  ArmLink.exe V5.06 update 7 (build 960)
Library Manager: ArmAr.exe V5.06 update 7 (build 960)
Hex Converter:   FromElf.exe V5.06 update 7 (build 960)
CPU DLL:         SARMCM3.DLL V5.35.0.2
Dialog DLL:      DCM.DLL V1.17.3.0
Target DLL:      Segger\JL2CM3.dll V2.99.40.0
Dialog DLL:      TCM.DLL V1.53.0.0
 
<h2>Project:</h2>
C:\source\Prg_v9.0.100.19 - elwell - GD\PU28RVC\PU-28.uvprojx
Project File Date:  06/23/2023

<h2>Output:</h2>
*** Using Compiler 'V5.06 update 7 (build 960)', folder: 'C:\Keil_v5\ARM\ARMCC\Bin'
Rebuild target 'Target'
compiling error.cpp...
compiling search.cpp...
compiling sleep.cpp...
compiling main.cpp...
compiling system.cpp...
compiling start_timers.cpp...
compiling about.cpp...
compiling setup_clock.cpp...
compiling text.cpp...
compiling setup.cpp...
compiling checkbox.cpp...
compiling start_timer.cpp...
compiling core.cpp...
compiling clock.cpp...
compiling slider.cpp...
compiling can.cpp...
compiling rvc.cpp...
User\Can\rvc.cpp(253): warning:  #546-D: transfer of control bypasses initialization of:
            variable "timer"  (declared at line 271)
      switch(DGN) {
      ^
User\Can\rvc.cpp: 1 warning, 0 errors
compiling temperature.cpp...
compiling pgn_rvc.cpp...
compiling canvas.cpp...
compiling font.c...
compiling memory.cpp...
compiling display.cpp...
compiling sensor.cpp...
compiling gd32f30x_can.c...
compiling unix_time.cpp...
compiling hcu.cpp...
compiling usart.cpp...
compiling gd32f30x_bkp.c...
compiling gd32f30x_adc.c...
compiling gd32f30x_crc.c...
compiling gd32f30x_ctc.c...
compiling gd32f30x_dac.c...
compiling gd32f30x_dbg.c...
compiling gd32f30x_dma.c...
compiling gd32f30x_enet.c...
compiling gd32f30x_exmc.c...
compiling gd32f30x_exti.c...
compiling gd32f30x_fwdgt.c...
compiling gd32f30x_fmc.c...
compiling gd32f30x_gpio.c...
compiling gd32f30x_i2c.c...
compiling gd32f30x_misc.c...
compiling gd32f30x_pmu.c...
compiling gd32f30x_rtc.c...
compiling gd32f30x_rcu.c...
compiling gd32f30x_sdio.c...
compiling gd32f30x_spi.c...
assembling startup_gd32f30x_hd.s...
compiling gd32f30x_wwdgt.c...
compiling gd32f30x_timer.c...
compiling gd32f30x_usart.c...
compiling system_gd32f30x.c...
linking...
Program Size: Code=92524 RO-data=12032 RW-data=304 ZI-data=14448  
FromELF: creating hex file...
After Build - User command #1: C:\Keil_v5\ARM\ARMCC\bin\fromelf.exe --bin Objects\PU-28.axf --output PU-28.bin
".\Objects\PU-28.axf" - 0 Error(s), 1 Warning(s).

<h2>Software Packages used:</h2>

Package Vendor: ARM
                http://www.keil.com/pack/ARM.CMSIS.5.8.0.pack
                ARM.CMSIS.5.8.0
                CMSIS (Common Microcontroller Software Interface Standard)
   * Component: CORE Version: 5.5.0

Package Vendor: GigaDevice
                http://gd32mcu.com/data/documents/pack/GigaDevice.GD32F30x_DFP.2.0.0.pack
                GigaDevice.GD32F30x_DFP.2.0.0
                GigaDevice GD32F30x Series Device Support and Examples
   * Component: ADC Version: 1.0.2
   * Component: BKP Version: 1.0.2
   * Component: CRC Version: 1.0.2
   * Component: CTC Version: 1.0.2
   * Component: DAC Version: 1.0.2
   * Component: DBG Version: 1.0.2
   * Component: DMA Version: 1.0.2
   * Component: ENET Version: 1.0.2
   * Component: EXMC Version: 1.0.2
   * Component: EXTI Version: 1.0.2
   * Component: FMC Version: 1.0.2
   * Component: FWDGT Version: 1.0.2
   * Component: GPIO Version: 1.0.2
   * Component: I2C Version: 1.0.2
   * Component: MISC Version: 1.0.2
   * Component: PMU Version: 1.0.2
   * Component: RCU Version: 1.0.2
   * Component: RTC Version: 1.0.2
   * Component: SDIO Version: 1.0.2
   * Component: SPI_I2S Version: 1.0.2
   * Component: TIMER Version: 1.0.2
   * Component: USART Version: 1.0.2
   * Component: WWDGT Version: 1.0.2
   * Component: GD32F30x_libopt Version: 1.0.2
   * Component: Startup Version: 1.0.2

<h2>Collection of Component include folders:</h2>
  .\RTE\_Target
  C:\Users\miai\AppData\Local\Arm\Packs\ARM\CMSIS\5.8.0\CMSIS\Core\Include
  C:\Users\miai\AppData\Local\Arm\Packs\GigaDevice\GD32F30x_DFP\2.0.0\Device\Firmware\Peripherals\inc
  C:\Users\miai\AppData\Local\Arm\Packs\GigaDevice\GD32F30x_DFP\2.0.0\Device\Include
  C:\Users\miai\AppData\Local\Arm\Packs\GigaDevice\GD32F30x_DFP\2.0.0\Device\Template

<h2>Collection of Component Files used:</h2>

   * Component: ARM::CMSIS:CORE:5.5.0

   * Component: GigaDevice::Device:GD32F30x_StdPeripherals:ADC:1.0.2
      Include file:  Device\Firmware\Peripherals\inc\gd32f30x_adc.h
      Source file:   Device\Firmware\Peripherals\src\gd32f30x_adc.c

   * Component: GigaDevice::Device:GD32F30x_StdPeripherals:BKP:1.0.2
      Source file:   Device\Firmware\Peripherals\src\gd32f30x_bkp.c
      Include file:  Device\Firmware\Peripherals\inc\gd32f30x_bkp.h

   * Component: GigaDevice::Device:GD32F30x_StdPeripherals:CRC:1.0.2
      Source file:   Device\Firmware\Peripherals\src\gd32f30x_crc.c
      Include file:  Device\Firmware\Peripherals\inc\gd32f30x_crc.h

   * Component: GigaDevice::Device:GD32F30x_StdPeripherals:CTC:1.0.2
      Source file:   Device\Firmware\Peripherals\src\gd32f30x_ctc.c
      Include file:  Device\Firmware\Peripherals\inc\gd32f30x_ctc.h

   * Component: GigaDevice::Device:GD32F30x_StdPeripherals:DAC:1.0.2
      Include file:  Device\Firmware\Peripherals\inc\gd32f30x_dac.h
      Source file:   Device\Firmware\Peripherals\src\gd32f30x_dac.c

   * Component: GigaDevice::Device:GD32F30x_StdPeripherals:DBG:1.0.2
      Source file:   Device\Firmware\Peripherals\src\gd32f30x_dbg.c
      Include file:  Device\Firmware\Peripherals\inc\gd32f30x_dbg.h

   * Component: GigaDevice::Device:GD32F30x_StdPeripherals:DMA:1.0.2
      Include file:  Device\Firmware\Peripherals\inc\gd32f30x_dma.h
      Source file:   Device\Firmware\Peripherals\src\gd32f30x_dma.c

   * Component: GigaDevice::Device:GD32F30x_StdPeripherals:ENET:1.0.2
      Include file:  Device\Firmware\Peripherals\inc\gd32f30x_enet.h
      Source file:   Device\Firmware\Peripherals\src\gd32f30x_enet.c

   * Component: GigaDevice::Device:GD32F30x_StdPeripherals:EXMC:1.0.2
      Include file:  Device\Firmware\Peripherals\inc\gd32f30x_exmc.h
      Source file:   Device\Firmware\Peripherals\src\gd32f30x_exmc.c

   * Component: GigaDevice::Device:GD32F30x_StdPeripherals:EXTI:1.0.2
      Include file:  Device\Firmware\Peripherals\inc\gd32f30x_exti.h
      Source file:   Device\Firmware\Peripherals\src\gd32f30x_exti.c

   * Component: GigaDevice::Device:GD32F30x_StdPeripherals:FMC:1.0.2
      Include file:  Device\Firmware\Peripherals\inc\gd32f30x_fmc.h
      Source file:   Device\Firmware\Peripherals\src\gd32f30x_fmc.c

   * Component: GigaDevice::Device:GD32F30x_StdPeripherals:FWDGT:1.0.2
      Source file:   Device\Firmware\Peripherals\src\gd32f30x_fwdgt.c
      Include file:  Device\Firmware\Peripherals\inc\gd32f30x_fwdgt.h

   * Component: GigaDevice::Device:GD32F30x_StdPeripherals:GPIO:1.0.2
      Include file:  Device\Firmware\Peripherals\inc\gd32f30x_gpio.h
      Source file:   Device\Firmware\Peripherals\src\gd32f30x_gpio.c

   * Component: GigaDevice::Device:GD32F30x_StdPeripherals:I2C:1.0.2
      Include file:  Device\Firmware\Peripherals\inc\gd32f30x_i2c.h
      Source file:   Device\Firmware\Peripherals\src\gd32f30x_i2c.c

   * Component: GigaDevice::Device:GD32F30x_StdPeripherals:MISC:1.0.2
      Include file:  Device\Firmware\Peripherals\inc\gd32f30x_misc.h
      Source file:   Device\Firmware\Peripherals\src\gd32f30x_misc.c

   * Component: GigaDevice::Device:GD32F30x_StdPeripherals:PMU:1.0.2
      Source file:   Device\Firmware\Peripherals\src\gd32f30x_pmu.c
      Include file:  Device\Firmware\Peripherals\inc\gd32f30x_pmu.h

   * Component: GigaDevice::Device:GD32F30x_StdPeripherals:RCU:1.0.2
      Include file:  Device\Firmware\Peripherals\inc\gd32f30x_rcu.h
      Source file:   Device\Firmware\Peripherals\src\gd32f30x_rcu.c

   * Component: GigaDevice::Device:GD32F30x_StdPeripherals:RTC:1.0.2
      Include file:  Device\Firmware\Peripherals\inc\gd32f30x_rtc.h
      Source file:   Device\Firmware\Peripherals\src\gd32f30x_rtc.c

   * Component: GigaDevice::Device:GD32F30x_StdPeripherals:SDIO:1.0.2
      Include file:  Device\Firmware\Peripherals\inc\gd32f30x_sdio.h
      Source file:   Device\Firmware\Peripherals\src\gd32f30x_sdio.c

   * Component: GigaDevice::Device:GD32F30x_StdPeripherals:SPI_I2S:1.0.2
      Include file:  Device\Firmware\Peripherals\inc\gd32f30x_spi.h
      Source file:   Device\Firmware\Peripherals\src\gd32f30x_spi.c

   * Component: GigaDevice::Device:GD32F30x_StdPeripherals:TIMER:1.0.2
      Include file:  Device\Firmware\Peripherals\inc\gd32f30x_timer.h
      Source file:   Device\Firmware\Peripherals\src\gd32f30x_timer.c

   * Component: GigaDevice::Device:GD32F30x_StdPeripherals:USART:1.0.2
      Source file:   Device\Firmware\Peripherals\src\gd32f30x_usart.c
      Include file:  Device\Firmware\Peripherals\inc\gd32f30x_usart.h

   * Component: GigaDevice::Device:GD32F30x_StdPeripherals:WWDGT:1.0.2
      Include file:  Device\Firmware\Peripherals\inc\gd32f30x_wwdgt.h
      Source file:   Device\Firmware\Peripherals\src\gd32f30x_wwdgt.c

   * Component: GigaDevice::Device:GD32F30x_libopt:1.0.2
      Include file:  Device\Template\gd32f30x_libopt.h

   * Component: GigaDevice::Device:Startup:1.0.2
      Include file:  Device\Include\gd32f30x.h
      Source file:   Device\Source\system_gd32f30x.c
      Source file:   Device\Source\ARM\startup_gd32f30x_hd.s
Build Time Elapsed:  00:00:07
</pre>
</body>
</html>
