Component: ARM Compiler 5.06 update 7 (build 960) Tool: armlink [4d3601]

==============================================================================

Section Cross References

    main.o(i._Z10writeSetupv) refers to gd32f30x_fmc.o(i._Z10fmc_unlockv) for fmc_unlock()
    main.o(i._Z10writeSetupv) refers to gd32f30x_fmc.o(i._Z12fmc_flag_getj) for fmc_flag_get(unsigned)
    main.o(i._Z10writeSetupv) refers to gd32f30x_fmc.o(i._Z14fmc_page_erasej) for fmc_page_erase(unsigned)
    main.o(i._Z10writeSetupv) refers to gd32f30x_fmc.o(i._Z16fmc_word_programjj) for fmc_word_program(unsigned, unsigned)
    main.o(i._Z10writeSetupv) refers to gd32f30x_fmc.o(i._Z8fmc_lockv) for fmc_lock()
    main.o(i._Z10writeSetupv) refers to display.o(.bss) for display
    main.o(i._Z10writeSetupv) refers to system.o(.bss) for air
    main.o(i._Z10writeSetupv) refers to hcu.o(.bss) for hcu
    main.o(i._Z10writeSetupv) refers to core.o(.bss) for core
    main.o(i._Z11activityAirv) refers to core.o(i._ZN4Core7getTickEv) for Core::getTick()
    main.o(i._Z11activityAirv) refers to slider.o(i._ZN6Slider11setPositionEs) for Slider::setPosition(short)
    main.o(i._Z11activityAirv) refers to dflt_clz.o(x$fpl$dflt) for __aeabi_i2d
    main.o(i._Z11activityAirv) refers to dleqf.o(x$fpl$dleqf) for __aeabi_cdcmple
    main.o(i._Z11activityAirv) refers to drleqf.o(x$fpl$drleqf) for __aeabi_cdrcmple
    main.o(i._Z11activityAirv) refers to system.o(i._ZN6System11viewHandlerEv) for System::viewHandler()
    main.o(i._Z11activityAirv) refers to about.o(i._ZN5About10viewScreenEv) for About::viewScreen()
    main.o(i._Z11activityAirv) refers to setup.o(i._ZN5Setup10viewScreenEv) for Setup::viewScreen()
    main.o(i._Z11activityAirv) refers to main.o(.data) for screen_visible
    main.o(i._Z11activityAirv) refers to core.o(.bss) for core
    main.o(i._Z11activityAirv) refers to hcu.o(.bss) for hcu
    main.o(i._Z11activityAirv) refers to sensor.o(.bss) for sensor
    main.o(i._Z11activityAirv) refers to system.o(.bss) for air
    main.o(i._Z11activityAirv) refers to slider.o(.bss) for slider
    main.o(i._Z11activityAirv) refers to display.o(.bss) for display
    main.o(i._Z11activityAirv) refers to about.o(.data) for about
    main.o(i._Z11activityAirv) refers to setup.o(.data) for setup
    main.o(i._Z12handlerClockv) refers to clock.o(i._ZN5Clock7handlerEv) for Clock::handler()
    main.o(i._Z12handlerClockv) refers to clock.o(.bss) for clock
    main.o(i._Z12handlerSleepv) refers to sleep.o(i._ZN5Sleep14checkSleepModeEv) for Sleep::checkSleepMode()
    main.o(i._Z12handlerSleepv) refers to sleep.o(i._ZN5Sleep10viewScreenEv) for Sleep::viewScreen()
    main.o(i._Z12handlerSleepv) refers to main.o(.data) for screen_visible
    main.o(i._Z12handlerSleepv) refers to sleep.o(.data) for sleep
    main.o(i._Z12handlerTimerv) refers to core.o(i._ZN4Core7getTickEv) for Core::getTick()
    main.o(i._Z12handlerTimerv) refers to system.o(.bss) for air
    main.o(i._Z12handlerTimerv) refers to hcu.o(.bss) for hcu
    main.o(i._Z12handlerTimerv) refers to core.o(.bss) for core
    main.o(i._Z12handlerUsartv) refers to hcu.o(i._ZN3Hcu7handlerEv) for Hcu::handler()
    main.o(i._Z12handlerUsartv) refers to hcu.o(.bss) for hcu
    main.o(i._Z13activityAboutv) refers to about.o(i._ZN5About11viewHandlerEv) for About::viewHandler()
    main.o(i._Z13activityAboutv) refers to system.o(i._ZN6System10viewScreenEb) for System::viewScreen(bool)
    main.o(i._Z13activityAboutv) refers to main.o(.data) for screen_visible
    main.o(i._Z13activityAboutv) refers to about.o(.data) for about
    main.o(i._Z13activityAboutv) refers to system.o(.bss) for air
    main.o(i._Z13activityErrorv) refers to sleep.o(i._ZN5Sleep11setLowPowerEb) for Sleep::setLowPower(bool)
    main.o(i._Z13activityErrorv) refers to display.o(i._ZN7Display8switchOnEv) for Display::switchOn()
    main.o(i._Z13activityErrorv) refers to display.o(i._ZN7Display8setLightEt) for Display::setLight(unsigned short)
    main.o(i._Z13activityErrorv) refers to error.o(i._ZN5Error10viewScreenEv) for Error::viewScreen()
    main.o(i._Z13activityErrorv) refers to system.o(i._ZN6System10viewScreenEb) for System::viewScreen(bool)
    main.o(i._Z13activityErrorv) refers to error.o(i._ZN5Error11viewHandlerEv) for Error::viewHandler()
    main.o(i._Z13activityErrorv) refers to search.o(i._ZN6Search10viewScreenEv) for Search::viewScreen()
    main.o(i._Z13activityErrorv) refers to hcu.o(.bss) for hcu
    main.o(i._Z13activityErrorv) refers to error.o(.data) for error
    main.o(i._Z13activityErrorv) refers to main.o(.data) for screen_visible
    main.o(i._Z13activityErrorv) refers to sleep.o(.data) for sleep
    main.o(i._Z13activityErrorv) refers to clock.o(.bss) for clock
    main.o(i._Z13activityErrorv) refers to display.o(.bss) for display
    main.o(i._Z13activityErrorv) refers to system.o(.bss) for air
    main.o(i._Z13activityErrorv) refers to search.o(.data) for search
[...]
    Slider::viewGridInvert(unsigned short, unsigned) 0x0801d345   Thumb Code   726  slider.o(i._ZN6Slider14viewGridInvertEtj)
    Slider::getCorrectXDigGrid(unsigned short, FontDef, unsigned char) 0x0801d62d   Thumb Code    90  slider.o(i._ZN6Slider18getCorrectXDigGridEt7FontDefh)
    Slider::setVal(unsigned short)           0x0801d687   Thumb Code     4  slider.o(i._ZN6Slider6setValEt)
    Slider::drawSlim(unsigned short, unsigned short, float, const char*, bool, bool*, bool, unsigned, unsigned char) 0x0801d68d   Thumb Code   476  slider.o(i._ZN6Slider8drawSlimEttfPKcbPbbjh)
    Slider::drawSlim(unsigned short, unsigned short, float, const char*, unsigned short, char, bool, bool*, bool, unsigned, unsigned char) 0x0801d885   Thumb Code   572  slider.o(i._ZN6Slider8drawSlimEttfPKctcbPbbjh)
    Slider::viewGrid(unsigned short, unsigned) 0x0801dadd   Thumb Code   722  slider.o(i._ZN6Slider8viewGridEtj)
    Slider::setMinMax(short, unsigned char, unsigned char, unsigned char, unsigned char) 0x0801ddc1   Thumb Code   472  slider.o(i._ZN6Slider9setMinMaxEshhhh)
    System::viewScreen(bool)                 0x0801dfad   Thumb Code   666  system.o(i._ZN6System10viewScreenEb)
    System::buttonCheck(unsigned char)       0x0801e269   Thumb Code   126  system.o(i._ZN6System11buttonCheckEh)
    System::buttonPress()                    0x0801e2f5   Thumb Code     2  system.o(i._ZN6System11buttonPressEv)
    System::changeScale(unsigned char, unsigned char, unsigned char, unsigned char, unsigned char, unsigned char, unsigned char, unsigned char) 0x0801e2f7   Thumb Code    64  system.o(i._ZN6System11changeScaleEhhhhhhhh)
    System::sensorCheck()                    0x0801e339   Thumb Code  2428  system.o(i._ZN6System11sensorCheckEv)
    System::viewHandler()                    0x0801ecd1   Thumb Code   128  system.o(i._ZN6System11viewHandlerEv)
    System::viewMessage(char*)               0x0801ed61   Thumb Code   252  system.o(i._ZN6System11viewMessageEPc)
    System::checkConnect()                   0x0801ee69   Thumb Code    36  system.o(i._ZN6System12checkConnectEv)
    System::viewDuration(bool, unsigned short) 0x0801ee95   Thumb Code    32  system.o(i._ZN6System12viewDurationEbt)
    System::viewDuration()                   0x0801eeb9   Thumb Code   314  system.o(i._ZN6System12viewDurationEv)
    System::checkDayNight()                  0x0801f029   Thumb Code   388  system.o(i._ZN6System13checkDayNightEv)
    System::viewTemperature(bool)            0x0801f1c9   Thumb Code   924  system.o(i._ZN6System15viewTemperatureEb)
    System::viewMode()                       0x0801f5a1   Thumb Code   208  system.o(i._ZN6System8viewModeEv)
    System::System(unsigned char, unsigned char, unsigned char, unsigned char, unsigned char, unsigned char, unsigned char, unsigned char) 0x0801f675   Thumb Code    64  system.o(i._ZN6SystemC1Ehhhhhhhh)
    System::System__sub_object(unsigned char, unsigned char, unsigned char, unsigned char, unsigned char, unsigned char, unsigned char, unsigned char) 0x0801f675   Thumb Code     0  system.o(i._ZN6SystemC1Ehhhhhhhh)
    Display::initPeriph()                    0x0801f6b5   Thumb Code   350  display.o(i._ZN7Display10initPeriphEv)
    Display::initialize()                    0x0801f825   Thumb Code   430  display.o(i._ZN7Display10initializeEv)
    Display::writeColor(unsigned)            0x0801f9dd   Thumb Code    48  display.o(i._ZN7Display10writeColorEj)
    Display::writeCommand(unsigned char)     0x0801fa0d   Thumb Code    74  display.o(i._ZN7Display12writeCommandEh)
    Display::setAddrWindow(unsigned short, unsigned short, unsigned short, unsigned short) 0x0801fa65   Thumb Code   142  display.o(i._ZN7Display13setAddrWindowEtttt)
    Display::writeColorFast(unsigned)        0x0801faf5   Thumb Code    62  display.o(i._ZN7Display14writeColorFastEj)
    Display::turnOff()                       0x0801fb39   Thumb Code    22  display.o(i._ZN7Display7turnOffEv)
    Display::getTimer()                      0x0801fb51   Thumb Code    24  display.o(i._ZN7Display8getTimerEv)
    Display::setLight(unsigned short)        0x0801fb6d   Thumb Code    20  display.o(i._ZN7Display8setLightEt)
    Display::setTimer(unsigned)              0x0801fb81   Thumb Code    18  display.o(i._ZN7Display8setTimerEj)
    Display::switchOn()                      0x0801fb99   Thumb Code    22  display.o(i._ZN7Display8switchOnEv)
    Display::writeData(unsigned char)        0x0801fbb1   Thumb Code    84  display.o(i._ZN7Display9writeDataEh)
    Display::Display()                       0x0801fc11   Thumb Code    22  display.o(i._ZN7DisplayC1Ev)
    Display::Display__sub_object()           0x0801fc11   Thumb Code     0  display.o(i._ZN7DisplayC1Ev)
    Checkbox::draw(unsigned short, unsigned short, const char*, char*) 0x0801fc29   Thumb Code   150  checkbox.o(i._ZN8Checkbox4drawEttPKcPc)
    Checkbox::draw(unsigned short, unsigned short, const char*, bool) 0x0801fcd1   Thumb Code   134  checkbox.o(i._ZN8Checkbox4drawEttPKcb)
    Checkbox::Checkbox()                     0x0801fd69   Thumb Code     2  checkbox.o(i._ZN8CheckboxC1Ev)
    Checkbox::Checkbox__sub_object()         0x0801fd69   Thumb Code     0  checkbox.o(i._ZN8CheckboxC1Ev)
    UnixTime::calToTimer()                   0x0801fd6d   Thumb Code   152  unix_time.o(i._ZN8UnixTime10calToTimerEv)
    UnixTime::timerToCal(unsigned long)      0x0801fe0d   Thumb Code   258  unix_time.o(i._ZN8UnixTime10timerToCalEm)
    RVCModule::ProcessMessage(unsigned char) 0x0801ff1d   Thumb Code  1354  rvc.o(i._ZN9RVCModule14ProcessMessageEh)
    RVCModule::TransmitMessage()             0x0802047d   Thumb Code   312  rvc.o(i._ZN9RVCModule15TransmitMessageEv)
    RVCModule::handler()                     0x080205d5   Thumb Code   756  rvc.o(i._ZN9RVCModule7handlerEv)
    RVCModule::RVCModule()                   0x080208e5   Thumb Code     2  rvc.o(i._ZN9RVCModuleC1Ev)
    RVCModule::RVCModule__sub_object()       0x080208e5   Thumb Code     0  rvc.o(i._ZN9RVCModuleC1Ev)
    std::cos(float)                          0x080208e7   Thumb Code    24  slider.o(i._ZSt3cosf)
    std::pow(float, int)                     0x080208ff   Thumb Code    34  clock.o(i._ZSt3powfi)
    std::sin(float)                          0x08020921   Thumb Code    24  slider.o(i._ZSt3sinf)
    std::sqrt(float)                         0x08020939   Thumb Code    24  clock.o(i._ZSt4sqrtf)
    __ARM_fpclassifyf                        0x08020951   Thumb Code    38  fpclassifyf.o(i.__ARM_fpclassifyf)
    __cxa_guard_acquire                      0x08020977   Thumb Code    16  cxa_guard_acquire.o(i.__cxa_guard_acquire)
    __hardfp_cosf                            0x08020989   Thumb Code   280  cosf.o(i.__hardfp_cosf)
    __hardfp_logf                            0x08020ad9   Thumb Code   320  logf.o(i.__hardfp_logf)
    __mathlib_logf                           0x08020ad9   Thumb Code     0  logf.o(i.__hardfp_logf)
    __hardfp_powf                            0x08020c45   Thumb Code  1606  powf.o(i.__hardfp_powf)
    __mathlib_powf                           0x08020c45   Thumb Code     0  powf.o(i.__hardfp_powf)
    __hardfp_sinf                            0x080212a9   Thumb Code   344  sinf.o(i.__hardfp_sinf)
    __hardfp_sqrtf                           0x08021439   Thumb Code    58  sqrtf.o(i.__hardfp_sqrtf)
    __mathlib_flt_divzero                    0x08021475   Thumb Code    14  funder.o(i.__mathlib_flt_divzero)
    __mathlib_flt_infnan                     0x08021489   Thumb Code     6  funder.o(i.__mathlib_flt_infnan)
    __mathlib_flt_infnan2                    0x0802148f   Thumb Code     6  funder.o(i.__mathlib_flt_infnan2)
    __mathlib_flt_invalid                    0x08021495   Thumb Code    10  funder.o(i.__mathlib_flt_invalid)
    __mathlib_flt_overflow                   0x080214a5   Thumb Code    10  funder.o(i.__mathlib_flt_overflow)
    __mathlib_flt_underflow                  0x080214b5   Thumb Code    10  funder.o(i.__mathlib_flt_underflow)
    __mathlib_rredf2                         0x080214c5   Thumb Code   316  rredf.o(i.__mathlib_rredf2)
    main                                     0x080217b1   Thumb Code   198  main.o(i.main)
    __aeabi_d2f                              0x08021895   Thumb Code     0  d2f.o(x$fpl$d2f)
    _d2f                                     0x08021895   Thumb Code    98  d2f.o(x$fpl$d2f)
    __aeabi_dadd                             0x080218f9   Thumb Code     0  daddsub_clz.o(x$fpl$dadd)
    _dadd                                    0x080218f9   Thumb Code   332  daddsub_clz.o(x$fpl$dadd)
    __fpl_dcmp_Inf                           0x08021a49   Thumb Code    24  dcmpi.o(x$fpl$dcmpinf)
    __aeabi_ddiv                             0x08021a61   Thumb Code     0  ddiv.o(x$fpl$ddiv)
    _ddiv                                    0x08021a61   Thumb Code   552  ddiv.o(x$fpl$ddiv)
    __aeabi_d2iz                             0x08021d11   Thumb Code     0  dfix.o(x$fpl$dfix)
    _dfix                                    0x08021d11   Thumb Code    94  dfix.o(x$fpl$dfix)
    __aeabi_d2uiz                            0x08021d71   Thumb Code     0  dfixu.o(x$fpl$dfixu)
    _dfixu                                   0x08021d71   Thumb Code    90  dfixu.o(x$fpl$dfixu)
    __aeabi_i2d                              0x08021dcb   Thumb Code     0  dflt_clz.o(x$fpl$dflt)
    _dflt                                    0x08021dcb   Thumb Code    46  dflt_clz.o(x$fpl$dflt)
    __aeabi_ui2d                             0x08021df9   Thumb Code     0  dflt_clz.o(x$fpl$dfltu)
    _dfltu                                   0x08021df9   Thumb Code    38  dflt_clz.o(x$fpl$dfltu)
    __aeabi_cdcmple                          0x08021e21   Thumb Code     0  dleqf.o(x$fpl$dleqf)
    _dcmple                                  0x08021e21   Thumb Code   120  dleqf.o(x$fpl$dleqf)
    __fpl_dcmple_InfNaN                      0x08021e83   Thumb Code     0  dleqf.o(x$fpl$dleqf)
    __aeabi_dmul                             0x08021e99   Thumb Code     0  dmul.o(x$fpl$dmul)
    _dmul                                    0x08021e99   Thumb Code   332  dmul.o(x$fpl$dmul)
    __fpl_dnaninf                            0x08021fed   Thumb Code   156  dnaninf.o(x$fpl$dnaninf)
    __fpl_dretinf                            0x08022089   Thumb Code    12  dretinf.o(x$fpl$dretinf)
    __aeabi_cdrcmple                         0x08022095   Thumb Code     0  drleqf.o(x$fpl$drleqf)
    _drcmple                                 0x08022095   Thumb Code   108  drleqf.o(x$fpl$drleqf)
    __aeabi_dsub                             0x08022101   Thumb Code     0  daddsub_clz.o(x$fpl$dsub)
    _dsub                                    0x08022101   Thumb Code   464  daddsub_clz.o(x$fpl$dsub)
    __aeabi_f2d                              0x080222d5   Thumb Code     0  f2d.o(x$fpl$f2d)
    _f2d                                     0x080222d5   Thumb Code    86  f2d.o(x$fpl$f2d)
    __fpl_fnaninf                            0x0802232b   Thumb Code   140  fnaninf.o(x$fpl$fnaninf)
    _fp_init                                 0x080223b7   Thumb Code    10  fpinit.o(x$fpl$fpinit)
    __fplib_config_fpu_vfp                   0x080223bf   Thumb Code     0  fpinit.o(x$fpl$fpinit)
    __fplib_config_pureend_doubles           0x080223bf   Thumb Code     0  fpinit.o(x$fpl$fpinit)
    __fpl_fretinf                            0x080223c1   Thumb Code    10  fretinf.o(x$fpl$fretinf)
    __I$use$fp                               0x080223ca   Number         0  usenofp.o(x$fpl$usenofp)
    errors                                   0x080225ac   Data         224  main.o(.constdata)
    Region$$Table$$Base                      0x08025118   Number         0  anon$$obj.o(Region$$Table)
    Region$$Table$$Limit                     0x08025138   Number         0  anon$$obj.o(Region$$Table)
    SHT$$INIT_ARRAY$$Base                    0x08025138   Number         0  search.o(.init_array)
    SHT$$INIT_ARRAY$$Limit                   0x08025190   Number         0  init_aeabi.o(.init_array)
    screen_visible                           0x20000000   Data           1  main.o(.data)
    screen_visible_old                       0x20000001   Data           1  main.o(.data)
    isBleAccept                              0x20000002   Data           1  main.o(.data)
    isBleCancel                              0x20000003   Data           1  main.o(.data)
    isBleSendKey                             0x20000004   Data           1  main.o(.data)
    isTest                                   0x20000005   Data           1  main.o(.data)
    timerCancel                              0x20000008   Data           4  main.o(.data)
    counterBleTemp                           0x2000000c   Data           4  main.o(.data)
    counterBleSendTemp                       0x20000010   Data           4  main.o(.data)
    counterBle                               0x20000014   Data           4  main.o(.data)
    counterBleSend                           0x20000018   Data           4  main.o(.data)
    BLE_SEND_LONG_PERIOD                     0x2000001c   Data           4  main.o(.data)
    BLE_SEND_SHORT_PERIOD                    0x20000020   Data           4  main.o(.data)
    BLE_PAUSE_PERIOD                         0x20000024   Data           4  main.o(.data)
    search                                   0x2000002c   Data           1  search.o(.data)
    error                                    0x2000002d   Data           1  error.o(.data)
    sleep                                    0x20000041   Data           3  sleep.o(.data)
    startTimers                              0x20000045   Data           1  start_timers.o(.data)
    setup                                    0x20000048   Data           7  setup.o(.data)
    about                                    0x20000079   Data           1  about.o(.data)
    checkbox                                 0x200000a8   Data           1  checkbox.o(.data)
    Font_7x10                                0x200000f8   Data           8  font.o(.data)
    Font_11x18                               0x20000100   Data           8  font.o(.data)
    Font_16x26                               0x20000108   Data           8  font.o(.data)
    SystemCoreClock                          0x20000120   Data           4  system_gd32f30x.o(.data)
    air                                      0x20000124   Data          48  system.o(.bss)
    setupClock                               0x20000164   Data          24  setup_clock.o(.bss)
    text                                     0x2000017c   Data         129  text.o(.bss)
    startTimer                               0x20000200   Data          68  start_timer.o(.bss)
    slider                                   0x20000244   Data        4028  slider.o(.bss)
    clock                                    0x2000120c   Data         400  clock.o(.bss)
    core                                     0x2000139c   Data          32  core.o(.bss)
    canvas                                   0x200013bc   Data          16  canvas.o(.bss)
    can                                      0x20001e58   Data        2476  can.o(.bss)
    rvc                                      0x20002804   Data          40  rvc.o(.bss)
    canPGNRVC                                0x2000282c   Data          10  pgn_rvc.o(.bss)
    temperature                              0x20002838   Data         492  temperature.o(.bss)
    memory                                   0x20002a24   Data          23  memory.o(.bss)
    display                                  0x20002a3c   Data          36  display.o(.bss)
    sensor                                   0x20002a60   Data          48  sensor.o(.bss)
    unixTime                                 0x20002a90   Data          12  unix_time.o(.bss)
    hcu                                      0x20002a9c   Data         100  hcu.o(.bss)
    usart                                    0x20002b00   Data        1564  usart.o(.bss)
    __libspace_start                         0x2000311c   Data          96  libspace.o(.bss)
    __temporary_stack_top$libspace           0x2000317c   Data           0  libspace.o(.bss)



==============================================================================

Memory Map of the image

  Image Entry point : 0x0800c131

  Load Region LR_IROM1 (Base: 0x0800c000, Size: 0x000192b4, Max: 0x00031000, ABSOLUTE)

    Execution Region ER_IROM1 (Exec base: 0x0800c000, Load base: 0x0800c000, Size: 0x00019190, Max: 0x00031000, ABSOLUTE)

    Exec Addr    Load Addr    Size         Type   Attr      Idx    E Section Name        Object

    0x0800c000   0x0800c000   0x00000130   Data   RO         7663    RESET               startup_gd32f30x_hd.o
    0x0800c130   0x0800c130   0x00000008   Code   RO         7726  * !!!main             c_w.l(__main.o)
    0x0800c138   0x0800c138   0x00000034   Code   RO         8098    !!!scatter          c_w.l(__scatter.o)
    0x0800c16c   0x0800c16c   0x0000001a   Code   RO         8100    !!handler_copy      c_w.l(__scatter_copy.o)
    0x0800c186   0x0800c186   0x00000002   PAD
    0x0800c188   0x0800c188   0x0000001c   Code   RO         8102    !!handler_zi        c_w.l(__scatter_zi.o)
    0x0800c1a4   0x0800c1a4   0x00000002   Code   RO         8022    .ARM.Collect$$libinit$$00000000  c_w.l(libinit.o)
    0x0800c1a6   0x0800c1a6   0x00000004   Code   RO         7867    .ARM.Collect$$libinit$$00000001  c_w.l(libinit2.o)
    0x0800c1aa   0x0800c1aa   0x00000000   Code   RO         7870    .ARM.Collect$$libinit$$00000004  c_w.l(libinit2.o)
    0x0800c1aa   0x0800c1aa   0x00000000   Code   RO         7873    .ARM.Collect$$libinit$$0000000A  c_w.l(libinit2.o)
    0x0800c1aa   0x0800c1aa   0x00000000   Code   RO         7875    .ARM.Collect$$libinit$$0000000C  c_w.l(libinit2.o)
    0x0800c1aa   0x0800c1aa   0x00000000   Code   RO         7877    .ARM.Collect$$libinit$$0000000E  c_w.l(libinit2.o)
    0x0800c1aa   0x0800c1aa   0x00000000   Code   RO         7880    .ARM.Collect$$libinit$$00000011  c_w.l(libinit2.o)
    0x0800c1aa   0x0800c1aa   0x00000000   Code   RO         7882    .ARM.Collect$$libinit$$00000013  c_w.l(libinit2.o)
    0x0800c1aa   0x0800c1aa   0x00000000   Code   RO         7884    .ARM.Collect$$libinit$$00000015  c_w.l(libinit2.o)
    0x0800c1aa   0x0800c1aa   0x00000000   Code   RO         7886    .ARM.Collect$$libinit$$00000017  c_w.l(libinit2.o)
    0x0800c1aa   0x0800c1aa   0x00000000   Code   RO         7888    .ARM.Collect$$libinit$$00000019  c_w.l(libinit2.o)
    0x0800c1aa   0x0800c1aa   0x00000000   Code   RO         7890    .ARM.Collect$$libinit$$0000001B  c_w.l(libinit2.o)
    0x0800c1aa   0x0800c1aa   0x00000000   Code   RO         7892    .ARM.Collect$$libinit$$0000001D  c_w.l(libinit2.o)
    0x0800c1aa   0x0800c1aa   0x00000000   Code   RO         7894    .ARM.Collect$$libinit$$0000001F  c_w.l(libinit2.o)
    0x0800c1aa   0x0800c1aa   0x00000000   Code   RO         7896    .ARM.Collect$$libinit$$00000021  c_w.l(libinit2.o)
    0x0800c1aa   0x0800c1aa   0x00000000   Code   RO         7898    .ARM.Collect$$libinit$$00000023  c_w.l(libinit2.o)
    0x0800c1aa   0x0800c1aa   0x00000000   Code   RO         7900    .ARM.Collect$$libinit$$00000025  c_w.l(libinit2.o)
    0x0800c1aa   0x0800c1aa   0x00000000   Code   RO         7904    .ARM.Collect$$libinit$$0000002C  c_w.l(libinit2.o)
    0x0800c1aa   0x0800c1aa   0x00000000   Code   RO         7906    .ARM.Collect$$libinit$$0000002E  c_w.l(libinit2.o)
    0x0800c1aa   0x0800c1aa   0x00000000   Code   RO         7908    .ARM.Collect$$libinit$$00000030  c_w.l(libinit2.o)
    0x0800c1aa   0x0800c1aa   0x00000004   Code   RO         7909    .ARM.Collect$$libinit$$00000031  c_w.l(libinit2.o)
    0x0800c1ae   0x0800c1ae   0x00000000   Code   RO         7910    .ARM.Collect$$libinit$$00000032  c_w.l(libinit2.o)
    0x0800c1ae   0x0800c1ae   0x00000002   Code   RO         7911    .ARM.Collect$$libinit$$00000033  c_w.l(libinit2.o)
    0x0800c1b0   0x0800c1b0   0x00000002   Code   RO         8057    .ARM.Collect$$libshutdown$$00000000  c_w.l(libshutdown.o)
    0x0800c1b2   0x0800c1b2   0x00000000   Code   RO         8063    .ARM.Collect$$libshutdown$$00000002  c_w.l(libshutdown2.o)
    0x0800c1b2   0x0800c1b2   0x00000000   Code   RO         8065    .ARM.Collect$$libshutdown$$00000004  c_w.l(libshutdown2.o)
    0x0800c1b2   0x0800c1b2   0x00000000   Code   RO         8067    .ARM.Collect$$libshutdown$$00000006  c_w.l(libshutdown2.o)
    0x0800c1b2   0x0800c1b2   0x00000000   Code   RO         8070    .ARM.Collect$$libshutdown$$00000009  c_w.l(libshutdown2.o)
    0x0800c1b2   0x0800c1b2   0x00000000   Code   RO         8073    .ARM.Collect$$libshutdown$$0000000C  c_w.l(libshutdown2.o)
    0x0800c1b2   0x0800c1b2   0x00000000   Code   RO         8075    .ARM.Collect$$libshutdown$$0000000E  c_w.l(libshutdown2.o)
    0x0800c1b2   0x0800c1b2   0x00000000   Code   RO         8078    .ARM.Collect$$libshutdown$$00000011  c_w.l(libshutdown2.o)
    0x0800c1b2   0x0800c1b2   0x00000002   Code   RO         8079    .ARM.Collect$$libshutdown$$00000012  c_w.l(libshutdown2.o)
    0x0800c1b4   0x0800c1b4   0x00000000   Code   RO         7864    .ARM.Collect$$rtentry$$00000000  c_w.l(__rtentry.o)
    0x0800c1b4   0x0800c1b4   0x00000000   Code   RO         7973    .ARM.Collect$$rtentry$$00000002  c_w.l(__rtentry2.o)
    0x0800c1b4   0x0800c1b4   0x00000006   Code   RO         7985    .ARM.Collect$$rtentry$$00000004  c_w.l(__rtentry4.o)
    0x0800c1ba   0x0800c1ba   0x00000000   Code   RO         7975    .ARM.Collect$$rtentry$$00000009  c_w.l(__rtentry2.o)
    0x0800c1ba   0x0800c1ba   0x00000004   Code   RO         7976    .ARM.Collect$$rtentry$$0000000A  c_w.l(__rtentry2.o)
    0x0800c1be   0x0800c1be   0x00000000   Code   RO         7978    .ARM.Collect$$rtentry$$0000000C  c_w.l(__rtentry2.o)
    0x0800c1be   0x0800c1be   0x00000008   Code   RO         7979    .ARM.Collect$$rtentry$$0000000D  c_w.l(__rtentry2.o)
    0x0800c1c6   0x0800c1c6   0x00000002   Code   RO         8025    .ARM.Collect$$rtexit$$00000000  c_w.l(rtexit.o)
    0x0800c1c8   0x0800c1c8   0x00000000   Code   RO         8037    .ARM.Collect$$rtexit$$00000002  c_w.l(rtexit2.o)
    0x0800c1c8   0x0800c1c8   0x00000004   Code   RO         8038    .ARM.Collect$$rtexit$$00000003  c_w.l(rtexit2.o)
    0x0800c1cc   0x0800c1cc   0x00000006   Code   RO         8039    .ARM.Collect$$rtexit$$00000004  c_w.l(rtexit2.o)
    0x0800c1d2   0x0800c1d2   0x00000002   PAD
    0x0800c1d4   0x0800c1d4   0x00000040   Code   RO         7664    .text               startup_gd32f30x_hd.o
    0x0800c214   0x0800c214   0x00000024   Code   RO         7720    .text               c_w.l(strncat.o)
    0x0800c238   0x0800c238   0x00000064   Code   RO         7722    .text               c_w.l(rt_memcpy_w.o)
    0x0800c29c   0x0800c29c   0x00000006   Code   RO         7724    .text               c_w.l(heapauxi.o)
    0x0800c2a2   0x0800c2a2   0x00000002   PAD
    0x0800c2a4   0x0800c2a4   0x00000024   Code   RO         7731    .text               c_w.l(init_aeabi.o)
    0x0800c2c8   0x0800c2c8   0x00000016   Code   RO         7865    .text               c_w.l(_rserrno.o)
    0x0800c2de   0x0800c2de   0x00000002   PAD
    0x0800c2e0   0x0800c2e0   0x00000008   Code   RO         7990    .text               c_w.l(rt_errno_addr_intlibspace.o)
    0x0800c2e8   0x0800c2e8   0x00000008   Code   RO         8006    .text               c_w.l(libspace.o)
    0x0800c2f0   0x0800c2f0   0x0000004a   Code   RO         8009    .text               c_w.l(sys_stackheap_outer.o)
    0x0800c33a   0x0800c33a   0x00000012   Code   RO         8011    .text               c_w.l(exit.o)
    0x0800c34c   0x0800c34c   0x00000002   Code   RO         8033    .text               c_w.l(use_no_semi.o)
    0x0800c34e   0x0800c34e   0x00000000   Code   RO         8035    .text               c_w.l(indicate_semi.o)
    0x0800c34e   0x0800c34e   0x00000002   PAD
    0x0800c350   0x0800c350   0x0000000c   Code   RO         8049    .text               c_w.l(sys_exit.o)
    0x0800c35c   0x0800c35c   0x00000060   Code   RO         2155    i.CAN0_RX1_IRQHandler  can.o
    0x0800c3bc   0x0800c3bc   0x00000050   Code   RO         2836    i.EXTI0_IRQHandler  sensor.o
    0x0800c40c   0x0800c40c   0x0000001c   Code   RO         2837    i.EXTI5_9_IRQHandler  sensor.o
    0x0800c428   0x0800c428   0x00000004   Code   RO         1731    i.HardFault_Handler  core.o
    0x0800c42c   0x0800c42c   0x00000002   Code   RO         1732    i.NMI_Handler       core.o
    0x0800c42e   0x0800c42e   0x00000002   PAD
    0x0800c430   0x0800c430   0x00000010   Code   RO         1733    i.SysTick_Handler   core.o
    0x0800c440   0x0800c440   0x000000bc   Code   RO         7671    i.SystemCoreClockUpdate  system_gd32f30x.o
    0x0800c4fc   0x0800c4fc   0x00000050   Code   RO         7672    i.SystemInit        system_gd32f30x.o
    0x0800c54c   0x0800c54c   0x000000fc   Code   RO         3255    i.USART0_IRQHandler  usart.o
    0x0800c648   0x0800c648   0x00000058   Code   RO         3345    i._Z10adc_deinitj   gd32f30x_adc.o
    0x0800c6a0   0x0800c6a0   0x00000012   Code   RO         3346    i._Z10adc_enablej   gd32f30x_adc.o
    0x0800c6b2   0x0800c6b2   0x0000000c   Code   RO         3615    i._Z10bkp_deinitv   gd32f30x_bkp.o
    0x0800c6be   0x0800c6be   0x00000002   PAD
    0x0800c6c0   0x0800c6c0   0x00000020   Code   RO         2939    i._Z10can_deinitj   gd32f30x_can.o
    0x0800c6e0   0x0800c6e0   0x00000070   Code   RO         4272    i._Z10dma_deinitj16dma_channel_enum  gd32f30x_dma.o
    0x0800c750   0x0800c750   0x00000044   Code   RO         4784    i._Z10fmc_unlockv   gd32f30x_fmc.o
    0x0800c794   0x0800c794   0x00000040   Code   RO         5258    i._Z10i2c_deinitj   gd32f30x_i2c.o
    0x0800c7d4   0x0800c7d4   0x0000000a   Code   RO         5259    i._Z10i2c_enablej   gd32f30x_i2c.o
    0x0800c7de   0x0800c7de   0x0000000a   Code   RO         6453    i._Z10spi_enablej   gd32f30x_spi.o
    0x0800c7e8   0x0800c7e8   0x00000098   Code   RO         6742    i._Z10timer_initjP22timer_parameter_struct  gd32f30x_timer.o
    0x0800c880   0x0800c880   0x00000198   Code   RO            4    i._Z10writeSetupv   main.o
    0x0800ca18   0x0800ca18   0x00000244   Code   RO            5    i._Z11activityAirv  main.o
    0x0800cc5c   0x0800cc5c   0x0000000a   Code   RO         3347    i._Z11adc_disablej  gd32f30x_adc.o
    0x0800cc66   0x0800cc66   0x0000005c   Code   RO         2156    i._Z12ConfigFilterjh  can.o
    0x0800ccc2   0x0800ccc2   0x00000002   PAD
    0x0800ccc4   0x0800ccc4   0x00000024   Code   RO         4788    i._Z12fmc_flag_getj  gd32f30x_fmc.o
    0x0800cce8   0x0800cce8   0x00000004   Code   RO         5108    i._Z12gpio_bit_setjj  gd32f30x_gpio.o
    0x0800ccec   0x0800ccec   0x00000010   Code   RO            6    i._Z12handlerClockv  main.o
    0x0800ccfc   0x0800ccfc   0x0000003c   Code   RO            7    i._Z12handlerSleepv  main.o
    0x0800cd38   0x0800cd38   0x0000007c   Code   RO            8    i._Z12handlerTimerv  main.o
    0x0800cdb4   0x0800cdb4   0x00000010   Code   RO            9    i._Z12handlerUsartv  main.o
    0x0800cdc4   0x0800cdc4   0x00000032   Code   RO         5261    i._Z12i2c_flag_getjj  gd32f30x_i2c.o
    0x0800cdf6   0x0800cdf6   0x00000002   PAD
    0x0800cdf8   0x0800cdf8   0x000000dc   Code   RO         6743    i._Z12timer_deinitj  gd32f30x_timer.o
    0x0800ced4   0x0800ced4   0x0000000a   Code   RO         6744    i._Z12timer_enablej  gd32f30x_timer.o
    0x0800cede   0x0800cede   0x00000002   PAD
    0x0800cee0   0x0800cee0   0x00000090   Code   RO         7229    i._Z12usart_deinitj  gd32f30x_usart.o
    0x0800cf70   0x0800cf70   0x0000000a   Code   RO         7230    i._Z12usart_enablej  gd32f30x_usart.o
    0x0800cf7a   0x0800cf7a   0x00000002   PAD
    0x0800cf7c   0x0800cf7c   0x00000040   Code   RO           10    i._Z13activityAboutv  main.o
    0x0800cfbc   0x0800cfbc   0x00000140   Code   RO           11    i._Z13activityErrorv  main.o
    0x0800d0fc   0x0800d0fc   0x000000dc   Code   RO           12    i._Z13activitySetupv  main.o
    0x0800d1d8   0x0800d1d8   0x000000c8   Code   RO           13    i._Z13activitySleepv  main.o
    0x0800d2a0   0x0800d2a0   0x00000038   Code   RO         3617    i._Z13bkp_read_data22bkp_data_register_enum  gd32f30x_bkp.o
    0x0800d2d8   0x0800d2d8   0x0000000c   Code   RO         2942    i._Z13can_error_getj  gd32f30x_can.o
    0x0800d2e4   0x0800d2e4   0x0000003c   Code   RO           14    i._Z13handlerSensorv  main.o
    0x0800d320   0x0800d320   0x0000000a   Code   RO         6745    i._Z13timer_disablej  gd32f30x_timer.o
    0x0800d32a   0x0800d32a   0x0000000a   Code   RO         7231    i._Z13usart_disablej  gd32f30x_usart.o
    0x0800d334   0x0800d334   0x00000032   Code   RO          666    i._Z14SysTick_Configj  sleep.o
    0x0800d366   0x0800d366   0x00000002   PAD
    0x0800d368   0x0800d368   0x0000009c   Code   RO           15    i._Z14activitySearchv  main.o
    0x0800d404   0x0800d404   0x00000008   Code   RO         3349    i._Z14adc_flag_clearjj  gd32f30x_adc.o
    0x0800d40c   0x0800d40c   0x00000034   Code   RO         3619    i._Z14bkp_write_data22bkp_data_register_enumt  gd32f30x_bkp.o
    0x0800d440   0x0800d440   0x000000ec   Code   RO         4795    i._Z14fmc_page_erasej  gd32f30x_fmc.o
    0x0800d52c   0x0800d52c   0x00000004   Code   RO         5110    i._Z14gpio_bit_resetjj  gd32f30x_gpio.o
    0x0800d530   0x0800d530   0x00000018   Code   RO         5262    i._Z14i2c_ack_configjj  gd32f30x_i2c.o
    0x0800d548   0x0800d548   0x00000014   Code   RO         6004    i._Z14rtc_lwoff_waitv  gd32f30x_rtc.o
    0x0800d55c   0x0800d55c   0x0000001c   Code   RO         3350    i._Z15adc_mode_configj  gd32f30x_adc.o
    0x0800d578   0x0800d578   0x00000110   Code   RO         2944    i._Z15can_filter_initP27can_filter_parameter_struct  gd32f30x_can.o
    0x0800d688   0x0800d688   0x0000000a   Code   RO         5266    i._Z15i2c_stop_on_busj  gd32f30x_i2c.o
    0x0800d692   0x0800d692   0x00000002   PAD
    0x0800d694   0x0800d694   0x000000c4   Code   RO         5486    i._Z15nvic_irq_enablehhh  gd32f30x_misc.o
    0x0800d758   0x0800d758   0x00000014   Code   RO         6005    i._Z15rtc_counter_getv  gd32f30x_rtc.o
    0x0800d76c   0x0800d76c   0x00000020   Code   RO         6006    i._Z15rtc_counter_setj  gd32f30x_rtc.o
    0x0800d78c   0x0800d78c   0x000000c0   Code   RO         4801    i._Z16fmc_word_programjj  gd32f30x_fmc.o
    0x0800d84c   0x0800d84c   0x0000012c   Code   RO         5267    i._Z16i2c_clock_configjjj  gd32f30x_i2c.o
    0x0800d978   0x0800d978   0x00000008   Code   RO         5268    i._Z16i2c_data_receivej  gd32f30x_i2c.o
    0x0800d980   0x0800d980   0x0000000a   Code   RO         5269    i._Z16i2c_start_on_busj  gd32f30x_i2c.o
    0x0800d98a   0x0800d98a   0x00000010   Code   RO         6466    i._Z16spi_i2s_flag_getjj  gd32f30x_spi.o
    0x0800d99a   0x0800d99a   0x00000016   Code   RO         5270    i._Z17i2c_ackpos_configjj  gd32f30x_i2c.o
    0x0800d9b0   0x0800d9b0   0x00000006   Code   RO         5271    i._Z17i2c_data_transmitjh  gd32f30x_i2c.o
    0x0800d9b6   0x0800d9b6   0x00000002   PAD
    0x0800d9b8   0x0800d9b8   0x00000020   Code   RO         6009    i._Z17rtc_prescaler_setj  gd32f30x_rtc.o
    0x0800d9d8   0x0800d9d8   0x00000028   Code   RO          667    i._Z18__NVIC_SetPriority4IRQnj  sleep.o
    0x0800da00   0x0800da00   0x00000028   Code   RO         1734    i._Z18__NVIC_SetPriority4IRQnj  core.o
    0x0800da28   0x0800da28   0x00000084   Code   RO           16    i._Z18activitySetupClockv  main.o
    0x0800daac   0x0800daac   0x00000032   Code   RO         4275    i._Z18dma_channel_enablej16dma_channel_enum  gd32f30x_dma.o
    0x0800dade   0x0800dade   0x00000010   Code   RO         5114    i._Z18gpio_input_bit_getjj  gd32f30x_gpio.o
    0x0800daee   0x0800daee   0x00000002   PAD
    0x0800daf0   0x0800daf0   0x00000030   Code   RO           17    i._Z18handlerTemperaturev  main.o
    0x0800db20   0x0800db20   0x0000015c   Code   RO         5718    i._Z18rcu_clock_freq_get19rcu_clock_freq_enum  gd32f30x_rcu.o
    0x0800dc7c   0x0800dc7c   0x00000090   Code   RO         7235    i._Z18usart_baudrate_setjj  gd32f30x_usart.o
    0x0800dd0c   0x0800dd0c   0x0000000a   Code   RO         7236    i._Z18usart_data_receivej  gd32f30x_usart.o
    0x0800dd16   0x0800dd16   0x00000010   Code   RO         7237    i._Z18usart_stop_bit_setjj  gd32f30x_usart.o
    0x0800dd26   0x0800dd26   0x00000002   PAD
    0x0800dd28   0x0800dd28   0x00000058   Code   RO           18    i._Z19activityStartTimersv  main.o
    0x0800dd80   0x0800dd80   0x0000000a   Code   RO         3351    i._Z19adc_dma_mode_enablej  gd32f30x_adc.o
    0x0800dd8a   0x0800dd8a   0x000000e4   Code   RO         2946    i._Z19can_message_receivejhP26can_receive_message_struct  gd32f30x_can.o
    0x0800de6e   0x0800de6e   0x0000003a   Code   RO         4277    i._Z19dma_priority_configj16dma_channel_enumj  gd32f30x_dma.o
    0x0800dea8   0x0800dea8   0x00000030   Code   RO         4803    i._Z19fmc_bank0_state_getv  gd32f30x_fmc.o
    0x0800ded8   0x0800ded8   0x00000030   Code   RO         4804    i._Z19fmc_bank1_state_getv  gd32f30x_fmc.o
    0x0800df08   0x0800df08   0x00000008   Code   RO         7673    i._Z19system_clock_configv  system_gd32f30x.o
    0x0800df10   0x0800df10   0x00000008   Code   RO         7238    i._Z19usart_data_transmitjj  gd32f30x_usart.o
    0x0800df18   0x0800df18   0x00000010   Code   RO         7240    i._Z19usart_parity_configjj  gd32f30x_usart.o
    0x0800df28   0x0800df28   0x00000008   Code   RO         2948    i._Z20can_interrupt_enablejj  gd32f30x_can.o
    0x0800df30   0x0800df30   0x00000150   Code   RO         2949    i._Z20can_message_transmitjP27can_trasnmit_message_struct  gd32f30x_can.o
    0x0800e080   0x0800e080   0x000000a4   Code   RO         2950    i._Z20can_struct_para_init20can_struct_type_enumPv  gd32f30x_can.o
    0x0800e124   0x0800e124   0x00000022   Code   RO         4805    i._Z20fmc_bank0_ready_waitj  gd32f30x_fmc.o
    0x0800e146   0x0800e146   0x00000022   Code   RO         4806    i._Z20fmc_bank1_ready_waitj  gd32f30x_fmc.o
    0x0800e168   0x0800e168   0x00000018   Code   RO         5275    i._Z20i2c_mode_addr_configjjjj  gd32f30x_i2c.o
    0x0800e180   0x0800e180   0x0000006c   Code   RO         5720    i._Z20rcu_adc_clock_configj  gd32f30x_rcu.o
    0x0800e1ec   0x0800e1ec   0x00000014   Code   RO         5722    i._Z20rcu_bkp_reset_enablev  gd32f30x_rcu.o
    0x0800e200   0x0800e200   0x00000018   Code   RO         5725    i._Z20rcu_rtc_clock_configj  gd32f30x_rcu.o
    0x0800e218   0x0800e218   0x00000010   Code   RO         7242    i._Z20usart_receive_configjj  gd32f30x_usart.o
    0x0800e228   0x0800e228   0x0000002c   Code   RO         3355    i._Z21adc_interrupt_disablejj  gd32f30x_adc.o
    0x0800e254   0x0800e254   0x00000014   Code   RO         3357    i._Z21adc_resolution_configjj  gd32f30x_adc.o
    0x0800e268   0x0800e268   0x00000090   Code   RO         5118    i._Z21gpio_pin_remap_configj11EventStatus  gd32f30x_gpio.o
    0x0800e2f8   0x0800e2f8   0x00000014   Code   RO         5278    i._Z21i2c_master_addressingjjj  gd32f30x_i2c.o
    0x0800e30c   0x0800e30c   0x00000014   Code   RO         5489    i._Z21nvic_vector_table_setjj  gd32f30x_misc.o
    0x0800e320   0x0800e320   0x00000018   Code   RO         5728    i._Z21rcu_apb2_clock_configj  gd32f30x_rcu.o
    0x0800e338   0x0800e338   0x00000014   Code   RO         5729    i._Z21rcu_bkp_reset_disablev  gd32f30x_rcu.o
    0x0800e34c   0x0800e34c   0x00000004   Code   RO         6474    i._Z21spi_i2s_data_transmitjt  gd32f30x_spi.o
    0x0800e350   0x0800e350   0x00000010   Code   RO         7244    i._Z21usart_transmit_configjj  gd32f30x_usart.o
    0x0800e360   0x0800e360   0x00000010   Code   RO         7245    i._Z21usart_word_length_setjj  gd32f30x_usart.o
    0x0800e370   0x0800e370   0x0000002a   Code   RO         3358    i._Z22adc_calibration_enablej  gd32f30x_adc.o
    0x0800e39a   0x0800e39a   0x00000002   PAD
    0x0800e39c   0x0800e39c   0x00000074   Code   RO         2955    i._Z22can_interrupt_flag_getj23can_interrupt_flag_enum  gd32f30x_can.o
    0x0800e410   0x0800e410   0x00000032   Code   RO         4280    i._Z22dma_circulation_enablej16dma_channel_enum  gd32f30x_dma.o
    0x0800e442   0x0800e442   0x00000002   PAD
    0x0800e444   0x0800e444   0x00000020   Code   RO         6012    i._Z22rtc_register_sync_waitv  gd32f30x_rtc.o
    0x0800e464   0x0800e464   0x0000000e   Code   RO         6757    i._Z22timer_prescaler_configjth  gd32f30x_timer.o
    0x0800e472   0x0800e472   0x0000001a   Code   RO         7246    i._Z22usart_interrupt_enablejj  gd32f30x_usart.o
    0x0800e48c   0x0800e48c   0x0000003a   Code   RO         4283    i._Z23dma_memory_width_configj16dma_channel_enumj  gd32f30x_dma.o
    0x0800e4c6   0x0800e4c6   0x0000003a   Code   RO         4284    i._Z23dma_periph_width_configj16dma_channel_enumj  gd32f30x_dma.o
    0x0800e500   0x0800e500   0x00000024   Code   RO         4689    i._Z23exti_interrupt_flag_get14exti_line_enum  gd32f30x_exti.o
    0x0800e524   0x0800e524   0x00000098   Code   RO         5119    i._Z23gpio_exti_source_selecthh  gd32f30x_gpio.o
    0x0800e5bc   0x0800e5bc   0x00000014   Code   RO         5492    i._Z23nvic_priority_group_setj  gd32f30x_misc.o
    0x0800e5d0   0x0800e5d0   0x00000014   Code   RO         5564    i._Z23pmu_backup_write_enablev  gd32f30x_pmu.o
    0x0800e5e4   0x0800e5e4   0x00000020   Code   RO         5733    i._Z23rcu_periph_clock_enable15rcu_periph_enum  gd32f30x_rcu.o
    0x0800e604   0x0800e604   0x00000020   Code   RO         5734    i._Z23rcu_periph_reset_enable21rcu_periph_reset_enum  gd32f30x_rcu.o
    0x0800e624   0x0800e624   0x00000110   Code   RO         7674    i._Z23system_clock_120m_hxtalv  system_gd32f30x.o
    0x0800e734   0x0800e734   0x00000014   Code   RO         7251    i._Z23usart_data_first_configjj  gd32f30x_usart.o
    0x0800e748   0x0800e748   0x0000001a   Code   RO         7254    i._Z23usart_interrupt_disablejj  gd32f30x_usart.o
    0x0800e762   0x0800e762   0x00000010   Code   RO         2958    i._Z24can_interrupt_flag_clearj23can_interrupt_flag_enum  gd32f30x_can.o
    0x0800e772   0x0800e772   0x00000002   PAD
    0x0800e774   0x0800e774   0x00000020   Code   RO         5738    i._Z24rcu_periph_reset_disable21rcu_periph_reset_enum  gd32f30x_rcu.o
    0x0800e794   0x0800e794   0x00000010   Code   RO         7257    i._Z24usart_dma_receive_configjj  gd32f30x_usart.o
    0x0800e7a4   0x0800e7a4   0x00000038   Code   RO         7259    i._Z24usart_interrupt_flag_getjj  gd32f30x_usart.o
    0x0800e7dc   0x0800e7dc   0x00000046   Code   RO         3362    i._Z25adc_channel_length_configjhj  gd32f30x_adc.o
    0x0800e822   0x0800e822   0x00000016   Code   RO         3363    i._Z25adc_data_alignment_configjj  gd32f30x_adc.o
    0x0800e838   0x0800e838   0x00000024   Code   RO         4287    i._Z25dma_memory_address_configj16dma_channel_enumj  gd32f30x_dma.o
    0x0800e85c   0x0800e85c   0x00000024   Code   RO         4288    i._Z25dma_periph_address_configj16dma_channel_enumj  gd32f30x_dma.o
    0x0800e880   0x0800e880   0x0000000c   Code   RO         4690    i._Z25exti_interrupt_flag_clear14exti_line_enum  gd32f30x_exti.o
    0x0800e88c   0x0800e88c   0x00000010   Code   RO         7261    i._Z25usart_dma_transmit_configjj  gd32f30x_usart.o
    0x0800e89c   0x0800e89c   0x000000ac   Code   RO         3366    i._Z26adc_regular_channel_configjhhj  gd32f30x_adc.o
    0x0800e948   0x0800e948   0x00000032   Code   RO         4289    i._Z26dma_memory_increase_enablej16dma_channel_enum  gd32f30x_dma.o
    0x0800e97a   0x0800e97a   0x00000026   Code   RO         4291    i._Z26dma_transfer_number_configj16dma_channel_enumj  gd32f30x_dma.o
    0x0800e9a0   0x0800e9a0   0x00000004   Code   RO         6765    i._Z26timer_counter_value_configjj  gd32f30x_timer.o
    0x0800e9a4   0x0800e9a4   0x0000001a   Code   RO         7262    i._Z26usart_interrupt_flag_clearjj  gd32f30x_usart.o
    0x0800e9be   0x0800e9be   0x0000003e   Code   RO         3367    i._Z27adc_external_trigger_configjh11EventStatus  gd32f30x_adc.o
    0x0800e9fc   0x0800e9fc   0x0000005a   Code   RO         3371    i._Z27adc_special_function_configjj11EventStatus  gd32f30x_adc.o
    0x0800ea56   0x0800ea56   0x00000032   Code   RO         4294    i._Z27dma_periph_increase_disablej16dma_channel_enum  gd32f30x_dma.o
    0x0800ea88   0x0800ea88   0x00000014   Code   RO         6013    i._Z27rtc_configuration_mode_exitv  gd32f30x_rtc.o
    0x0800ea9c   0x0800ea9c   0x000001ec   Code   RO         6770    i._Z27timer_channel_output_configjtP25timer_oc_parameter_struct  gd32f30x_timer.o
    0x0800ec88   0x0800ec88   0x00000018   Code   RO         6772    i._Z27timer_primary_output_configj11EventStatus  gd32f30x_timer.o
    0x0800eca0   0x0800eca0   0x00000018   Code   RO         4296    i._Z28dma_periph_and_channel_checkj16dma_channel_enum  gd32f30x_dma.o
    0x0800ecb8   0x0800ecb8   0x00000014   Code   RO         6014    i._Z28rtc_configuration_mode_enterv  gd32f30x_rtc.o
    0x0800eccc   0x0800eccc   0x00000014   Code   RO         3373    i._Z29adc_tempsensor_vrefint_enablev  gd32f30x_adc.o
    0x0800ece0   0x0800ece0   0x00000054   Code   RO         4297    i._Z29dma_transfer_direction_configj16dma_channel_enumj  gd32f30x_dma.o
    0x0800ed34   0x0800ed34   0x00000004   Code   RO         6775    i._Z29timer_autoreload_value_configjj  gd32f30x_timer.o
    0x0800ed38   0x0800ed38   0x0000001a   Code   RO         2963    i._Z30can_receive_message_length_getjh  gd32f30x_can.o
    0x0800ed52   0x0800ed52   0x0000001a   Code   RO         6781    i._Z30timer_master_slave_mode_configjh  gd32f30x_timer.o
    0x0800ed6c   0x0800ed6c   0x0000001a   Code   RO         6782    i._Z30timer_single_pulse_mode_configjh  gd32f30x_timer.o
    0x0800ed86   0x0800ed86   0x0000000a   Code   RO         6785    i._Z32timer_auto_reload_shadow_disablej  gd32f30x_timer.o
    0x0800ed90   0x0800ed90   0x0000005a   Code   RO         6786    i._Z32timer_channel_output_fast_configjtt  gd32f30x_timer.o
    0x0800edea   0x0800edea   0x0000005a   Code   RO         6787    i._Z32timer_channel_output_mode_configjtt  gd32f30x_timer.o
    0x0800ee44   0x0800ee44   0x00000030   Code   RO         3378    i._Z34adc_external_trigger_source_configjhj  gd32f30x_adc.o
    0x0800ee74   0x0800ee74   0x0000005a   Code   RO         6793    i._Z34timer_channel_output_shadow_configjtt  gd32f30x_timer.o
    0x0800eece   0x0800eece   0x00000026   Code   RO         6800    i._Z39timer_channel_output_pulse_value_configjtj  gd32f30x_timer.o
    0x0800eef4   0x0800eef4   0x00000010   Code   RO         6802    i._Z41timer_master_output_trigger_source_selectjj  gd32f30x_timer.o
    0x0800ef04   0x0800ef04   0x00000074   Code   RO           19    i._Z7initAllv       main.o
    0x0800ef78   0x0800ef78   0x00000122   Code   RO         2964    i._Z8can_initjP20can_parameter_struct  gd32f30x_can.o
    0x0800f09a   0x0800f09a   0x00000002   PAD
    0x0800f09c   0x0800f09c   0x0000002c   Code   RO         4816    i._Z8fmc_lockv      gd32f30x_fmc.o
    0x0800f0c8   0x0800f0c8   0x00000108   Code   RO           21    i._Z8setNewIdv      main.o
    0x0800f1d0   0x0800f1d0   0x00000032   Code   RO         6489    i._Z8spi_initjP20spi_parameter_struct  gd32f30x_spi.o
    0x0800f202   0x0800f202   0x00000002   PAD
    0x0800f204   0x0800f204   0x000000b8   Code   RO         4693    i._Z9exti_init14exti_line_enum14exti_mode_enum19exti_trig_type_enum  gd32f30x_exti.o
    0x0800f2bc   0x0800f2bc   0x000000a4   Code   RO         5125    i._Z9gpio_initjjjj  gd32f30x_gpio.o
    0x0800f360   0x0800f360   0x0000033c   Code   RO           22    i._Z9readSetupv     main.o
    0x0800f69c   0x0800f69c   0x00000078   Code   RO           23    i._Z9setNewKeyv     main.o
    0x0800f714   0x0800f714   0x00000124   Code   RO          936    i._ZN10SetupClock10viewMinuteEb  setup_clock.o
    0x0800f838   0x0800f838   0x000000b4   Code   RO          937    i._ZN10SetupClock10viewScreenEv  setup_clock.o
    0x0800f8ec   0x0800f8ec   0x00000048   Code   RO          938    i._ZN10SetupClock11setPositionEb  setup_clock.o
    0x0800f934   0x0800f934   0x00000170   Code   RO          939    i._ZN10SetupClock14viewCorrectionEb  setup_clock.o
    0x0800faa4   0x0800faa4   0x000005d4   Code   RO          940    i._ZN10SetupClock7handlerEv  setup_clock.o
    0x08010078   0x08010078   0x00000260   Code   RO          941    i._ZN10SetupClock8viewHourEb  setup_clock.o
    0x080102d8   0x080102d8   0x00000140   Code   RO          942    i._ZN10SetupClock8viewWeekEb  setup_clock.o
    0x08010418   0x08010418   0x00000002   Code   RO          943    i._ZN10SetupClockC1Ev  setup_clock.o
    0x0801041a   0x0801041a   0x00000002   PAD
    0x0801041c   0x0801041c   0x0000006c   Code   RO         1179    i._ZN10StartTimer10viewButtonEv  start_timer.o
    0x08010488   0x08010488   0x00000e78   Code   RO         1180    i._ZN10StartTimer10viewScreenEh  start_timer.o
    0x08011300   0x08011300   0x00000034   Code   RO         1181    i._ZN10StartTimer16viewScreenChangeEv  start_timer.o
    0x08011334   0x08011334   0x0000000c   Code   RO         1185    i._ZN10StartTimerC1Ev  start_timer.o
    0x08011340   0x08011340   0x00000050   Code   RO         2302    i._ZN11CAN_PGN_RVC10msgFurnaceEv  pgn_rvc.o
    0x08011390   0x08011390   0x00000016   Code   RO         2303    i._ZN11CAN_PGN_RVC11generateAIDEhjh  pgn_rvc.o
    0x080113a6   0x080113a6   0x00000002   PAD
    0x080113a8   0x080113a8   0x000000ac   Code   RO         2304    i._ZN11CAN_PGN_RVC13msgExtMessageEv  pgn_rvc.o
    0x08011454   0x08011454   0x00000060   Code   RO         2305    i._ZN11CAN_PGN_RVC13msgHeaterInfoEv  pgn_rvc.o
    0x080114b4   0x080114b4   0x00000098   Code   RO         2306    i._ZN11CAN_PGN_RVC14msgAmbientTempEv  pgn_rvc.o
    0x0801154c   0x0801154c   0x000000a0   Code   RO         2307    i._ZN11CAN_PGN_RVC14msgThermostat1Ev  pgn_rvc.o
    0x080115ec   0x080115ec   0x00000044   Code   RO         2308    i._ZN11CAN_PGN_RVC14msgThermostat2Ev  pgn_rvc.o
    0x08011630   0x08011630   0x000000d8   Code   RO         2309    i._ZN11CAN_PGN_RVC14msgWaterHeaterEv  pgn_rvc.o
    0x08011708   0x08011708   0x00000054   Code   RO         2310    i._ZN11CAN_PGN_RVC15msgWaterHeater2Ev  pgn_rvc.o
    0x0801175c   0x0801175c   0x000000d8   Code   RO         2311    i._ZN11CAN_PGN_RVC20msgDiagnosticMessageEv  pgn_rvc.o
    0x08011834   0x08011834   0x000000b4   Code   RO         2312    i._ZN11CAN_PGN_RVC22msgThermostatSchedule1Eh  pgn_rvc.o
    0x080118e8   0x080118e8   0x00000044   Code   RO         2313    i._ZN11CAN_PGN_RVC24msgCirculationPumpStatusEv  pgn_rvc.o
    0x0801192c   0x0801192c   0x000000f0   Code   RO         2314    i._ZN11CAN_PGN_RVC9msgTimersEv  pgn_rvc.o
    0x08011a1c   0x08011a1c   0x00000002   Code   RO         2315    i._ZN11CAN_PGN_RVCC1Ev  pgn_rvc.o
    0x08011a1e   0x08011a1e   0x00000002   PAD
    0x08011a20   0x08011a20   0x00000014   Code   RO          740    i._ZN11StartTimers10viewScreenEv  start_timers.o
    0x08011a34   0x08011a34   0x00000018   Code   RO          741    i._ZN11StartTimers7handlerEv  start_timers.o
    0x08011a4c   0x08011a4c   0x00000002   Code   RO          742    i._ZN11StartTimersC1Ev  start_timers.o
    0x08011a4e   0x08011a4e   0x00000002   PAD
    0x08011a50   0x08011a50   0x0000016c   Code   RO         2445    i._ZN11Temperature10initializeEv  temperature.o
    0x08011bbc   0x08011bbc   0x000000b8   Code   RO         2446    i._ZN11Temperature21steinhartHartEquationEf  temperature.o
    0x08011c74   0x08011c74   0x00000220   Code   RO         2447    i._ZN11Temperature7requestEv  temperature.o
    0x08011e94   0x08011e94   0x00000002   Code   RO         2449    i._ZN11TemperatureC1Ev  temperature.o
    0x08011e96   0x08011e96   0x00000002   PAD
    0x08011e98   0x08011e98   0x00000144   Code   RO         2157    i._ZN3Can10initializeEv  can.o
    0x08011fdc   0x08011fdc   0x00000050   Code   RO         2159    i._ZN3Can11SaveMessageEv  can.o
    0x0801202c   0x0801202c   0x000000f4   Code   RO         2160    i._ZN3Can11SendMessageEjhhhhhhhh  can.o
    0x08012120   0x08012120   0x000000a0   Code   RO         2161    i._ZN3Can7handlerEv  can.o
    0x080121c0   0x080121c0   0x0000003e   Code   RO         2162    i._ZN3CanC1Ev       can.o
    0x080121fe   0x080121fe   0x00000002   PAD
    0x08012200   0x08012200   0x00000288   Code   RO         3178    i._ZN3Hcu7handlerEv  hcu.o
    0x08012488   0x08012488   0x000005e8   Code   RO         3179    i._ZN3Hcu7parsingEv  hcu.o
    0x08012a70   0x08012a70   0x00000002   Code   RO         3181    i._ZN3HcuC1Ev       hcu.o
    0x08012a72   0x08012a72   0x00000002   PAD
    0x08012a74   0x08012a74   0x00000084   Code   RO         1735    i._ZN4Core10initializeEv  core.o
    0x08012af8   0x08012af8   0x00000012   Code   RO         1736    i._ZN4Core10remapTableEv  core.o
    0x08012b0a   0x08012b0a   0x00000002   PAD
    0x08012b0c   0x08012b0c   0x00000024   Code   RO         1740    i._ZN4Core7delayMsEj  core.o
    0x08012b30   0x08012b30   0x00000040   Code   RO         1741    i._ZN4Core7delayUsEj  core.o
    0x08012b70   0x08012b70   0x00000006   Code   RO         1742    i._ZN4Core7getTickEv  core.o
    0x08012b76   0x08012b76   0x00000002   PAD
    0x08012b78   0x08012b78   0x0000007c   Code   RO         1743    i._ZN4Core7incTickEv  core.o
    0x08012bf4   0x08012bf4   0x0000001c   Code   RO         1744    i._ZN4Core8celToFarEf  core.o
    0x08012c10   0x08012c10   0x00000020   Code   RO         1745    i._ZN4Core8farToCelEf  core.o
    0x08012c30   0x08012c30   0x00000010   Code   RO         1747    i._ZN4Core8getTimerEv  core.o
    0x08012c40   0x08012c40   0x00000008   Code   RO         1748    i._ZN4Core8setTimerEj  core.o
    0x08012c48   0x08012c48   0x0000000c   Code   RO         1750    i._ZN4CoreC1Ev      core.o
    0x08012c54   0x08012c54   0x00000048   Code   RO         1066    i._ZN4Text10writeDigitEttPKcjh  text.o
    0x08012c9c   0x08012c9c   0x000002b4   Code   RO         1067    i._ZN4Text11decToStringEPci  text.o
    0x08012f50   0x08012f50   0x00000070   Code   RO         1068    i._ZN4Text11writeStringEttPKc7FontDefjj  text.o
    0x08012fc0   0x08012fc0   0x00000020   Code   RO         1069    i._ZN4Text12charToStringEPcPKc  text.o
    0x08012fe0   0x08012fe0   0x00000014   Code   RO         1070    i._ZN4Text12getLenStringEPKc  text.o
    0x08012ff4   0x08012ff4   0x0000018c   Code   RO         1071    i._ZN4Text13floatToStringEPcfh  text.o
    0x08013180   0x08013180   0x000000a0   Code   RO         1072    i._ZN4Text13writeCharOverEttc7FontDefjjh  text.o
    0x08013220   0x08013220   0x000007e0   Code   RO         1073    i._ZN4Text13writeOneDigitEttcjh  text.o
    0x08013a00   0x08013a00   0x000002fc   Code   RO         1074    i._ZN4Text14decToStringFixEPcih  text.o
    0x08013cfc   0x08013cfc   0x00000086   Code   RO         1076    i._ZN4Text15writeStringOverEssPc7FontDefjjh  text.o
    0x08013d82   0x08013d82   0x00000088   Code   RO         1077    i._ZN4Text17writeStringCenterEttPKc7FontDefjj  text.o
    0x08013e0a   0x08013e0a   0x00000002   PAD
    0x08013e0c   0x08013e0c   0x0000009c   Code   RO         1078    i._ZN4Text9writeCharEttc7FontDefjj  text.o
    0x08013ea8   0x08013ea8   0x00000002   Code   RO         1079    i._ZN4TextC1Ev      text.o
    0x08013eaa   0x08013eaa   0x00000002   PAD
    0x08013eac   0x08013eac   0x00000028   Code   RO         1014    i._ZN5About10viewScreenEv  about.o
    0x08013ed4   0x08013ed4   0x00000058   Code   RO         1015    i._ZN5About11sensorCheckEv  about.o
    0x08013f2c   0x08013f2c   0x00000010   Code   RO         1016    i._ZN5About11viewHandlerEv  about.o
    0x08013f3c   0x08013f3c   0x00000002   Code   RO         1017    i._ZN5AboutC1Ev     about.o
    0x08013f3e   0x08013f3e   0x00000002   PAD
    0x08013f40   0x08013f40   0x00000090   Code   RO         1505    i._ZN5Clock10drawMinuteEth  clock.o
    0x08013fd0   0x08013fd0   0x00000078   Code   RO         1506    i._ZN5Clock10drawSecondEth  clock.o
    0x08014048   0x08014048   0x00000118   Code   RO         1507    i._ZN5Clock10initializeEv  clock.o
    0x08014160   0x08014160   0x00000014   Code   RO         1508    i._ZN5Clock10resetTimerEv  clock.o
    0x08014174   0x08014174   0x000000c4   Code   RO         1509    i._ZN5Clock10timeUpdateEv  clock.o
    0x08014238   0x08014238   0x000003fc   Code   RO         1510    i._ZN5Clock11sensorCheckEv  clock.o
    0x08014634   0x08014634   0x000001fc   Code   RO         1511    i._ZN5Clock11viewAnClockEh  clock.o
    0x08014830   0x08014830   0x0000005c   Code   RO         1513    i._ZN5Clock12timeRegulateEv  clock.o
    0x0801488c   0x0801488c   0x00000058   Code   RO         1516    i._ZN5Clock15clearDrawMinuteEth  clock.o
    0x080148e4   0x080148e4   0x00000054   Code   RO         1517    i._ZN5Clock15clearDrawSecondEth  clock.o
    0x08014938   0x08014938   0x000001fe   Code   RO         1518    i._ZN5Clock15viewAnClockHourEPcPah  clock.o
    0x08014b36   0x08014b36   0x00000002   PAD
    0x08014b38   0x08014b38   0x00000060   Code   RO         1519    i._ZN5Clock17setColorGridClockEc  clock.o
    0x08014b98   0x08014b98   0x0000020c   Code   RO         1520    i._ZN5Clock17viewAnClockMinuteEv  clock.o
    0x08014da4   0x08014da4   0x0000023e   Code   RO         1521    i._ZN5Clock17viewAnClockSecondEv  clock.o
    0x08014fe2   0x08014fe2   0x00000002   PAD
    0x08014fe4   0x08014fe4   0x00000224   Code   RO         1524    i._ZN5Clock18viewCenterDigClockEc  clock.o
    0x08015208   0x08015208   0x00000044   Code   RO         1527    i._ZN5Clock6configEv  clock.o
    0x0801524c   0x0801524c   0x00000012   Code   RO         1528    i._ZN5Clock7handlerEv  clock.o
    0x0801525e   0x0801525e   0x00000002   PAD
    0x08015260   0x08015260   0x0000015c   Code   RO         1529    i._ZN5Clock8drawHourEtc  clock.o
    0x080153bc   0x080153bc   0x0000001c   Code   RO         1530    i._ZN5Clock8getTimerEv  clock.o
    0x080153d8   0x080153d8   0x0000001c   Code   RO         1531    i._ZN5Clock8isTimeOkEv  clock.o
    0x080153f4   0x080153f4   0x00000018   Code   RO         1532    i._ZN5Clock8setTimerEj  clock.o
    0x0801540c   0x0801540c   0x000000d4   Code   RO         1533    i._ZN5ClockC1Ev     clock.o
    0x080154e0   0x080154e0   0x00000090   Code   RO          472    i._ZN5Error10viewScreenEv  error.o
    0x08015570   0x08015570   0x00000078   Code   RO          473    i._ZN5Error11buttonPressEv  error.o
    0x080155e8   0x080155e8   0x00000088   Code   RO          474    i._ZN5Error11sensorCheckEv  error.o
    0x08015670   0x08015670   0x00000024   Code   RO          475    i._ZN5Error11viewHandlerEv  error.o
    0x08015694   0x08015694   0x000000dc   Code   RO          476    i._ZN5Error8viewModeEv  error.o
    0x08015770   0x08015770   0x00000240   Code   RO          477    i._ZN5Error9viewErrorEh  error.o
    0x080159b0   0x080159b0   0x00000002   Code   RO          478    i._ZN5ErrorC1Ev     error.o
    0x080159b2   0x080159b2   0x00000002   PAD
    0x080159b4   0x080159b4   0x00000068   Code   RO          830    i._ZN5Setup10viewScreenEv  setup.o
    0x08015a1c   0x08015a1c   0x000004fc   Code   RO          831    i._ZN5Setup11viewScreen1Eh  setup.o
    0x08015f18   0x08015f18   0x00000350   Code   RO          832    i._ZN5Setup12viewScreen10Eh  setup.o
    0x08016268   0x08016268   0x00000bc0   Code   RO          833    i._ZN5Setup12viewScreen11Eh  setup.o
    0x08016e28   0x08016e28   0x000004b4   Code   RO          834    i._ZN5Setup12viewScreen12Eh  setup.o
    0x080172dc   0x080172dc   0x000005d4   Code   RO          835    i._ZN5Setup12viewScreen13Eh  setup.o
    0x080178b0   0x080178b0   0x0000030c   Code   RO          836    i._ZN5Setup12viewScreen14Eh  setup.o
    0x08017bbc   0x08017bbc   0x00000460   Code   RO          837    i._ZN5Setup12viewScreen15Eh  setup.o
    0x0801801c   0x0801801c   0x00000280   Code   RO          838    i._ZN5Setup13viewScreen100Eh  setup.o
    0x0801829c   0x0801829c   0x00000034   Code   RO          839    i._ZN5Setup16viewScreenChangeEv  setup.o
    0x080182d0   0x080182d0   0x00000124   Code   RO          840    i._ZN5Setup7handlerEv  setup.o
    0x080183f4   0x080183f4   0x0000008a   Code   RO          841    i._ZN5Setup8viewPageEhh  setup.o
    0x0801847e   0x0801847e   0x00000008   Code   RO          842    i._ZN5SetupC1Ev     setup.o
    0x08018486   0x08018486   0x00000002   PAD
    0x08018488   0x08018488   0x00000064   Code   RO          668    i._ZN5Sleep10viewScreenEv  sleep.o
    0x080184ec   0x080184ec   0x00000124   Code   RO          669    i._ZN5Sleep11setLowPowerEb  sleep.o
    0x08018610   0x08018610   0x00000028   Code   RO          670    i._ZN5Sleep14checkSleepModeEv  sleep.o
    0x08018638   0x08018638   0x000000f0   Code   RO          671    i._ZN5Sleep7handlerEv  sleep.o
    0x08018728   0x08018728   0x00000002   Code   RO          672    i._ZN5SleepC1Ev     sleep.o
    0x0801872a   0x0801872a   0x00000002   PAD
    0x0801872c   0x0801872c   0x000000b4   Code   RO         3256    i._ZN5Usart10initializeEv  usart.o
    0x080187e0   0x080187e0   0x00000028   Code   RO         3257    i._ZN5Usart14changeBaudrateEj  usart.o
    0x08018808   0x08018808   0x0000006a   Code   RO         3258    i._ZN5Usart14processTimeOutEv  usart.o
    0x08018872   0x08018872   0x00000002   PAD
    0x08018874   0x08018874   0x00000068   Code   RO         3259    i._ZN5Usart16transmitNextByteEv  usart.o
    0x080188dc   0x080188dc   0x0000002c   Code   RO         3260    i._ZN5Usart17receiveIntHandlerEh  usart.o
    0x08018908   0x08018908   0x0000012c   Code   RO         3261    i._ZN5Usart17startTransmissionEv  usart.o
    0x08018a34   0x08018a34   0x000001b0   Code   RO         3262    i._ZN5Usart19processReceivedDataEv  usart.o
    0x08018be4   0x08018be4   0x00000020   Code   RO         3264    i._ZN5UsartC1Ev     usart.o
    0x08018c04   0x08018c04   0x00000120   Code   RO         1927    i._ZN6Canvas10drawSliderEsshc  canvas.o
    0x08018d24   0x08018d24   0x0000009c   Code   RO         1928    i._ZN6Canvas10writeMinusEtt  canvas.o
    0x08018dc0   0x08018dc0   0x00000028   Code   RO         1929    i._ZN6Canvas10writePixelEssj  canvas.o
    0x08018de8   0x08018de8   0x0000016c   Code   RO         1932    i._ZN6Canvas13drawRoundRectEttttjjj  canvas.o
    0x08018f54   0x08018f54   0x000000d4   Code   RO         1933    i._ZN6Canvas13writeFillRectEttttj  canvas.o
    0x08019028   0x08019028   0x0000047c   Code   RO         1934    i._ZN6Canvas14drawSliderSlimEsshbj  canvas.o
    0x080194a4   0x080194a4   0x0000017c   Code   RO         1936    i._ZN6Canvas14loadImageColorEttjj  canvas.o
    0x08019620   0x08019620   0x00000150   Code   RO         1938    i._ZN6Canvas15loadImageEffectEttjjh  canvas.o
    0x08019770   0x08019770   0x00000060   Code   RO         1939    i._ZN6Canvas15writePixelCountEssPjh  canvas.o
    0x080197d0   0x080197d0   0x0000005c   Code   RO         1942    i._ZN6Canvas16writePixelDoubleEssjj  canvas.o
    0x0801982c   0x0801982c   0x0000015c   Code   RO         1943    i._ZN6Canvas18loadImageEffectRedEttjj  canvas.o
    0x08019988   0x08019988   0x00000158   Code   RO         1944    i._ZN6Canvas18loadImageOverColorEttjjhj  canvas.o
    0x08019ae0   0x08019ae0   0x000001ac   Code   RO         1947    i._ZN6Canvas19loadImageEffectPolyEttjjh  canvas.o
    0x08019c8c   0x08019c8c   0x000003e0   Code   RO         1950    i._ZN6Canvas20drawSliderSlimDoubleEsshhh  canvas.o
    0x0801a06c   0x0801a06c   0x0000019c   Code   RO         1955    i._ZN6Canvas8clearDotEttcc  canvas.o
    0x0801a208   0x0801a208   0x00000a60   Code   RO         1956    i._ZN6Canvas8writeDotEttcc  canvas.o
    0x0801ac68   0x0801ac68   0x00000174   Code   RO         1957    i._ZN6Canvas9loadImageEttj  canvas.o
    0x0801addc   0x0801addc   0x0000009c   Code   RO         1958    i._ZN6Canvas9writePlusEtt  canvas.o
    0x0801ae78   0x0801ae78   0x00000002   Code   RO         1959    i._ZN6CanvasC1Ev    canvas.o
    0x0801ae7a   0x0801ae7a   0x00000002   PAD
    0x0801ae7c   0x0801ae7c   0x00000044   Code   RO         2520    i._ZN6Memory10quadInInitEv  memory.o
    0x0801aec0   0x0801aec0   0x00000088   Code   RO         2521    i._ZN6Memory10quadReceivEv  memory.o
    0x0801af48   0x0801af48   0x00000058   Code   RO         2522    i._ZN6Memory10readStatusEv  memory.o
    0x0801afa0   0x0801afa0   0x00000044   Code   RO         2523    i._ZN6Memory11quadOutInitEv  memory.o
    0x0801afe4   0x0801afe4   0x0000022c   Code   RO         2527    i._ZN6Memory14initializeQuadEv  memory.o
    0x0801b210   0x0801b210   0x00000022   Code   RO         2528    i._ZN6Memory4readEPhh  memory.o
    0x0801b232   0x0801b232   0x00000002   PAD
    0x0801b234   0x0801b234   0x000000a4   Code   RO         2529    i._ZN6Memory5identEv  memory.o
    0x0801b2d8   0x0801b2d8   0x00000020   Code   RO         2531    i._ZN6Memory5writeEPhh  memory.o
    0x0801b2f8   0x0801b2f8   0x000000b8   Code   RO         2533    i._ZN6Memory7initSpiEv  memory.o
    0x0801b3b0   0x0801b3b0   0x0000003c   Code   RO         2534    i._ZN6Memory7powerUpEv  memory.o
    0x0801b3ec   0x0801b3ec   0x00000068   Code   RO         2535    i._ZN6Memory7spiSendEh  memory.o
    0x0801b454   0x0801b454   0x0000009c   Code   RO         2537    i._ZN6Memory8quadSendEh  memory.o
    0x0801b4f0   0x0801b4f0   0x000000b8   Code   RO         2538    i._ZN6Memory8readPageEPhjj  memory.o
    0x0801b5a8   0x0801b5a8   0x000000b8   Code   RO          389    i._ZN6Search10viewScreenEv  search.o
    0x0801b660   0x0801b660   0x0000010c   Code   RO          390    i._ZN6Search11sensorCheckEv  search.o
    0x0801b76c   0x0801b76c   0x00000074   Code   RO          391    i._ZN6Search11viewConnectEb  search.o
    0x0801b7e0   0x0801b7e0   0x0000001a   Code   RO          392    i._ZN6Search11viewHandlerEv  search.o
    0x0801b7fa   0x0801b7fa   0x00000002   Code   RO          393    i._ZN6SearchC1Ev    search.o
    0x0801b7fc   0x0801b7fc   0x00000048   Code   RO         2838    i._ZN6Sensor10initButtonEv  sensor.o
    0x0801b844   0x0801b844   0x000000c4   Code   RO         2839    i._ZN6Sensor10initializeEv  sensor.o
    0x0801b908   0x0801b908   0x00000230   Code   RO         2842    i._ZN6Sensor4readEPhhh  sensor.o
    0x0801bb38   0x0801bb38   0x00000050   Code   RO         2844    i._ZN6Sensor7handlerEv  sensor.o
    0x0801bb88   0x0801bb88   0x000000e4   Code   RO         2845    i._ZN6Sensor8testProgEv  sensor.o
    0x0801bc6c   0x0801bc6c   0x00000068   Code   RO         1256    i._ZN6Slider10drawDoubleEtthhPKcbPbh  slider.o
    0x0801bcd4   0x0801bcd4   0x0000018c   Code   RO         1257    i._ZN6Slider10initializeEv  slider.o
    0x0801be60   0x0801be60   0x000000a0   Code   RO         1258    i._ZN6Slider10viewScreenEv  slider.o
    0x0801bf00   0x0801bf00   0x00000494   Code   RO         1259    i._ZN6Slider10viewStringEv  slider.o
    0x0801c394   0x0801c394   0x000001e0   Code   RO         1260    i._ZN6Slider11drawDigGridEv  slider.o
    0x0801c574   0x0801c574   0x00000044   Code   RO         1261    i._ZN6Slider11getPositionEPtS0_t  slider.o
    0x0801c5b8   0x0801c5b8   0x00000028   Code   RO         1262    i._ZN6Slider11setPositionEs  slider.o
    0x0801c5e0   0x0801c5e0   0x000001b0   Code   RO         1263    i._ZN6Slider11textDigGridEtj  slider.o
    0x0801c790   0x0801c790   0x0000005c   Code   RO         1264    i._ZN6Slider11viewDigLeftEt  slider.o
    0x0801c7ec   0x0801c7ec   0x00000062   Code   RO         1265    i._ZN6Slider12checkDigGridEt  slider.o
    0x0801c84e   0x0801c84e   0x00000042   Code   RO         1266    i._ZN6Slider12clearDigLeftEt  slider.o
    0x0801c890   0x0801c890   0x000001d8   Code   RO         1267    i._ZN6Slider12eraseDigGridEv  slider.o
    0x0801ca68   0x0801ca68   0x000000a0   Code   RO         1268    i._ZN6Slider12viewDigRightEt  slider.o
    0x0801cb08   0x0801cb08   0x000003f8   Code   RO         1269    i._ZN6Slider12viewGridSensEtjb  slider.o
    0x0801cf00   0x0801cf00   0x000003ec   Code   RO         1270    i._ZN6Slider12viewPositionEv  slider.o
    0x0801d2ec   0x0801d2ec   0x00000058   Code   RO         1271    i._ZN6Slider13clearDigRightEt  slider.o
    0x0801d344   0x0801d344   0x000002e8   Code   RO         1272    i._ZN6Slider14viewGridInvertEtj  slider.o
    0x0801d62c   0x0801d62c   0x0000005a   Code   RO         1273    i._ZN6Slider18getCorrectXDigGridEt7FontDefh  slider.o
    0x0801d686   0x0801d686   0x00000004   Code   RO         1276    i._ZN6Slider6setValEt  slider.o
    0x0801d68a   0x0801d68a   0x00000002   PAD
    0x0801d68c   0x0801d68c   0x000001f8   Code   RO         1277    i._ZN6Slider8drawSlimEttfPKcbPbbjh  slider.o
    0x0801d884   0x0801d884   0x00000258   Code   RO         1278    i._ZN6Slider8drawSlimEttfPKctcbPbbjh  slider.o
    0x0801dadc   0x0801dadc   0x000002e4   Code   RO         1279    i._ZN6Slider8viewGridEtj  slider.o
    0x0801ddc0   0x0801ddc0   0x000001ec   Code   RO         1280    i._ZN6Slider9setMinMaxEshhhh  slider.o
    0x0801dfac   0x0801dfac   0x000002bc   Code   RO          542    i._ZN6System10viewScreenEb  system.o
    0x0801e268   0x0801e268   0x0000008c   Code   RO          543    i._ZN6System11buttonCheckEh  system.o
    0x0801e2f4   0x0801e2f4   0x00000002   Code   RO          544    i._ZN6System11buttonPressEv  system.o
    0x0801e2f6   0x0801e2f6   0x00000040   Code   RO          545    i._ZN6System11changeScaleEhhhhhhhh  system.o
    0x0801e336   0x0801e336   0x00000002   PAD
    0x0801e338   0x0801e338   0x00000998   Code   RO          546    i._ZN6System11sensorCheckEv  system.o
    0x0801ecd0   0x0801ecd0   0x00000090   Code   RO          547    i._ZN6System11viewHandlerEv  system.o
    0x0801ed60   0x0801ed60   0x00000108   Code   RO          548    i._ZN6System11viewMessageEPc  system.o
    0x0801ee68   0x0801ee68   0x0000002c   Code   RO          549    i._ZN6System12checkConnectEv  system.o
    0x0801ee94   0x0801ee94   0x00000024   Code   RO          550    i._ZN6System12viewDurationEbt  system.o
    0x0801eeb8   0x0801eeb8   0x00000170   Code   RO          551    i._ZN6System12viewDurationEv  system.o
    0x0801f028   0x0801f028   0x000001a0   Code   RO          552    i._ZN6System13checkDayNightEv  system.o
    0x0801f1c8   0x0801f1c8   0x000003d8   Code   RO          553    i._ZN6System15viewTemperatureEb  system.o
    0x0801f5a0   0x0801f5a0   0x000000d4   Code   RO          554    i._ZN6System8viewModeEv  system.o
    0x0801f674   0x0801f674   0x00000040   Code   RO          555    i._ZN6SystemC1Ehhhhhhhh  system.o
    0x0801f6b4   0x0801f6b4   0x00000170   Code   RO         2706    i._ZN7Display10initPeriphEv  display.o
    0x0801f824   0x0801f824   0x000001b8   Code   RO         2707    i._ZN7Display10initializeEv  display.o
    0x0801f9dc   0x0801f9dc   0x00000030   Code   RO         2709    i._ZN7Display10writeColorEj  display.o
    0x0801fa0c   0x0801fa0c   0x00000058   Code   RO         2710    i._ZN7Display12writeCommandEh  display.o
    0x0801fa64   0x0801fa64   0x0000008e   Code   RO         2711    i._ZN7Display13setAddrWindowEtttt  display.o
    0x0801faf2   0x0801faf2   0x00000002   PAD
    0x0801faf4   0x0801faf4   0x00000044   Code   RO         2714    i._ZN7Display14writeColorFastEj  display.o
    0x0801fb38   0x0801fb38   0x00000016   Code   RO         2716    i._ZN7Display7turnOffEv  display.o
    0x0801fb4e   0x0801fb4e   0x00000002   PAD
    0x0801fb50   0x0801fb50   0x0000001c   Code   RO         2717    i._ZN7Display8getTimerEv  display.o
    0x0801fb6c   0x0801fb6c   0x00000014   Code   RO         2718    i._ZN7Display8setLightEt  display.o
    0x0801fb80   0x0801fb80   0x00000018   Code   RO         2719    i._ZN7Display8setTimerEj  display.o
    0x0801fb98   0x0801fb98   0x00000016   Code   RO         2720    i._ZN7Display8switchOnEv  display.o
    0x0801fbae   0x0801fbae   0x00000002   PAD
    0x0801fbb0   0x0801fbb0   0x00000060   Code   RO         2721    i._ZN7Display9writeDataEh  display.o
    0x0801fc10   0x0801fc10   0x00000016   Code   RO         2722    i._ZN7DisplayC1Ev   display.o
    0x0801fc26   0x0801fc26   0x00000002   PAD
    0x0801fc28   0x0801fc28   0x000000a8   Code   RO         1459    i._ZN8Checkbox4drawEttPKcPc  checkbox.o
    0x0801fcd0   0x0801fcd0   0x00000098   Code   RO         1460    i._ZN8Checkbox4drawEttPKcb  checkbox.o
    0x0801fd68   0x0801fd68   0x00000002   Code   RO         1461    i._ZN8CheckboxC1Ev  checkbox.o
    0x0801fd6a   0x0801fd6a   0x00000002   PAD
    0x0801fd6c   0x0801fd6c   0x000000a0   Code   RO         3142    i._ZN8UnixTime10calToTimerEv  unix_time.o
    0x0801fe0c   0x0801fe0c   0x00000110   Code   RO         3143    i._ZN8UnixTime10timerToCalEm  unix_time.o
    0x0801ff1c   0x0801ff1c   0x00000560   Code   RO         2241    i._ZN9RVCModule14ProcessMessageEh  rvc.o
    0x0802047c   0x0802047c   0x00000158   Code   RO         2242    i._ZN9RVCModule15TransmitMessageEv  rvc.o
    0x080205d4   0x080205d4   0x00000310   Code   RO         2243    i._ZN9RVCModule7handlerEv  rvc.o
    0x080208e4   0x080208e4   0x00000002   Code   RO         2244    i._ZN9RVCModuleC1Ev  rvc.o
    0x080208e6   0x080208e6   0x00000018   Code   RO         1426    i._ZSt3cosf         slider.o
    0x080208fe   0x080208fe   0x00000022   Code   RO         1700    i._ZSt3powfi        clock.o
    0x08020920   0x08020920   0x00000018   Code   RO         1432    i._ZSt3sinf         slider.o
    0x08020938   0x08020938   0x00000018   Code   RO         1706    i._ZSt4sqrtf        clock.o
    0x08020950   0x08020950   0x00000026   Code   RO         7942    i.__ARM_fpclassifyf  m_wm.l(fpclassifyf.o)
    0x08020976   0x08020976   0x00000010   Code   RO         7734    i.__cxa_guard_acquire  cpprt_w.l(cxa_guard_acquire.o)
    0x08020986   0x08020986   0x00000002   PAD
    0x08020988   0x08020988   0x00000150   Code   RO         7788    i.__hardfp_cosf     m_wm.l(cosf.o)
    0x08020ad8   0x08020ad8   0x0000016c   Code   RO         7800    i.__hardfp_logf     m_wm.l(logf.o)
    0x08020c44   0x08020c44   0x00000664   Code   RO         7814    i.__hardfp_powf     m_wm.l(powf.o)
    0x080212a8   0x080212a8   0x00000190   Code   RO         7840    i.__hardfp_sinf     m_wm.l(sinf.o)
    0x08021438   0x08021438   0x0000003a   Code   RO         7852    i.__hardfp_sqrtf    m_wm.l(sqrtf.o)
    0x08021472   0x08021472   0x00000002   PAD
    0x08021474   0x08021474   0x00000014   Code   RO         7944    i.__mathlib_flt_divzero  m_wm.l(funder.o)
    0x08021488   0x08021488   0x00000006   Code   RO         7945    i.__mathlib_flt_infnan  m_wm.l(funder.o)
    0x0802148e   0x0802148e   0x00000006   Code   RO         7946    i.__mathlib_flt_infnan2  m_wm.l(funder.o)
    0x08021494   0x08021494   0x00000010   Code   RO         7947    i.__mathlib_flt_invalid  m_wm.l(funder.o)
    0x080214a4   0x080214a4   0x00000010   Code   RO         7948    i.__mathlib_flt_overflow  m_wm.l(funder.o)
    0x080214b4   0x080214b4   0x00000010   Code   RO         7950    i.__mathlib_flt_underflow  m_wm.l(funder.o)
    0x080214c4   0x080214c4   0x00000154   Code   RO         7963    i.__mathlib_rredf2  m_wm.l(rredf.o)
    0x08021618   0x08021618   0x00000010   Code   RO         1960    i.__sti___10_canvas_cpp_canvas  canvas.o
    0x08021628   0x08021628   0x00000010   Code   RO          394    i.__sti___10_search_cpp_search  search.o
    0x08021638   0x08021638   0x0000002c   Code   RO         1281    i.__sti___10_slider_cpp_slider  slider.o
    0x08021664   0x08021664   0x0000002c   Code   RO          556    i.__sti___10_system_cpp_air  system.o
    0x08021690   0x08021690   0x00000010   Code   RO         2723    i.__sti___11_display_cpp_display  display.o
    0x080216a0   0x080216a0   0x00000010   Code   RO         2316    i.__sti___11_pgn_rvc_cpp_b5b58dd4  pgn_rvc.o
    0x080216b0   0x080216b0   0x00000010   Code   RO         1462    i.__sti___12_checkbox_cpp_checkbox  checkbox.o
    0x080216c0   0x080216c0   0x00000010   Code   RO          944    i.__sti___15_setup_clock_cpp_ccf099aa  setup_clock.o
    0x080216d0   0x080216d0   0x00000010   Code   RO         1186    i.__sti___15_start_timer_cpp_c98decc7  start_timer.o
    0x080216e0   0x080216e0   0x00000010   Code   RO         2450    i.__sti___15_temperature_cpp_be4e2a6c  temperature.o
    0x080216f0   0x080216f0   0x00000010   Code   RO          743    i.__sti___16_start_timers_cpp_1ec715f4  start_timers.o
    0x08021700   0x08021700   0x00000010   Code   RO         2163    i.__sti___7_can_cpp_can  can.o
    0x08021710   0x08021710   0x00000010   Code   RO         3182    i.__sti___7_hcu_cpp_hcu  hcu.o
    0x08021720   0x08021720   0x00000010   Code   RO         2245    i.__sti___7_rvc_cpp_rvc  rvc.o
    0x08021730   0x08021730   0x00000010   Code   RO         1751    i.__sti___8_core_cpp_core  core.o
    0x08021740   0x08021740   0x00000010   Code   RO         1080    i.__sti___8_text_cpp_text  text.o
    0x08021750   0x08021750   0x00000010   Code   RO         1018    i.__sti___9_about_cpp_about  about.o
    0x08021760   0x08021760   0x00000010   Code   RO         1534    i.__sti___9_clock_cpp_clock  clock.o
    0x08021770   0x08021770   0x00000010   Code   RO          479    i.__sti___9_error_cpp_error  error.o
    0x08021780   0x08021780   0x00000010   Code   RO          843    i.__sti___9_setup_cpp_setup  setup.o
    0x08021790   0x08021790   0x00000010   Code   RO          673    i.__sti___9_sleep_cpp_sleep  sleep.o
    0x080217a0   0x080217a0   0x00000010   Code   RO         3265    i.__sti___9_usart_cpp_usart  usart.o
    0x080217b0   0x080217b0   0x000000e4   Code   RO           24    i.main              main.o
    0x08021894   0x08021894   0x00000062   Code   RO         7742    x$fpl$d2f           fz_wm.l(d2f.o)
    0x080218f6   0x080218f6   0x00000002   PAD
    0x080218f8   0x080218f8   0x00000150   Code   RO         7744    x$fpl$dadd          fz_wm.l(daddsub_clz.o)
    0x08021a48   0x08021a48   0x00000018   Code   RO         7912    x$fpl$dcmpinf       fz_wm.l(dcmpi.o)
    0x08021a60   0x08021a60   0x000002b0   Code   RO         7751    x$fpl$ddiv          fz_wm.l(ddiv.o)
    0x08021d10   0x08021d10   0x0000005e   Code   RO         7754    x$fpl$dfix          fz_wm.l(dfix.o)
    0x08021d6e   0x08021d6e   0x00000002   PAD
    0x08021d70   0x08021d70   0x0000005a   Code   RO         7758    x$fpl$dfixu         fz_wm.l(dfixu.o)
    0x08021dca   0x08021dca   0x0000002e   Code   RO         7763    x$fpl$dflt          fz_wm.l(dflt_clz.o)
    0x08021df8   0x08021df8   0x00000026   Code   RO         7762    x$fpl$dfltu         fz_wm.l(dflt_clz.o)
    0x08021e1e   0x08021e1e   0x00000002   PAD
    0x08021e20   0x08021e20   0x00000078   Code   RO         7768    x$fpl$dleqf         fz_wm.l(dleqf.o)
    0x08021e98   0x08021e98   0x00000154   Code   RO         7770    x$fpl$dmul          fz_wm.l(dmul.o)
    0x08021fec   0x08021fec   0x0000009c   Code   RO         7914    x$fpl$dnaninf       fz_wm.l(dnaninf.o)
    0x08022088   0x08022088   0x0000000c   Code   RO         7916    x$fpl$dretinf       fz_wm.l(dretinf.o)
    0x08022094   0x08022094   0x0000006c   Code   RO         7772    x$fpl$drleqf        fz_wm.l(drleqf.o)
    0x08022100   0x08022100   0x000001d4   Code   RO         7746    x$fpl$dsub          fz_wm.l(daddsub_clz.o)
    0x080222d4   0x080222d4   0x00000056   Code   RO         7774    x$fpl$f2d           fz_wm.l(f2d.o)
    0x0802232a   0x0802232a   0x0000008c   Code   RO         7918    x$fpl$fnaninf       fz_wm.l(fnaninf.o)
    0x080223b6   0x080223b6   0x0000000a   Code   RO         7994    x$fpl$fpinit        fz_wm.l(fpinit.o)
    0x080223c0   0x080223c0   0x0000000a   Code   RO         7920    x$fpl$fretinf       fz_wm.l(fretinf.o)
    0x080223ca   0x080223ca   0x00000000   Code   RO         7924    x$fpl$usenofp       fz_wm.l(usenofp.o)
    0x080223ca   0x080223ca   0x00000002   PAD
    0x080223cc   0x080223cc   0x000002c0   Data   RO           48    .constdata          main.o
    0x0802268c   0x0802268c   0x00000015   Data   RO          955    .constdata          setup_clock.o
    0x080226a1   0x080226a1   0x00000003   PAD
    0x080226a4   0x080226a4   0x00000015   Data   RO         1197    .constdata          start_timer.o
    0x080226b9   0x080226b9   0x00000003   PAD
    0x080226bc   0x080226bc   0x000000a5   Data   RO         1996    .constdata          canvas.o
    0x08022761   0x08022761   0x00000001   PAD
    0x08022762   0x08022762   0x00002814   Data   RO         2920    .constdata          font.o
    0x08024f76   0x08024f76   0x00000002   PAD
    0x08024f78   0x08024f78   0x00000040   Data   RO         7803    .constdata          m_wm.l(logf.o)
    0x08024fb8   0x08024fb8   0x00000140   Data   RO         7817    .constdata          m_wm.l(powf.o)
    0x080250f8   0x080250f8   0x00000020   Data   RO         7964    .constdata          m_wm.l(rredf.o)
    0x08025118   0x08025118   0x00000020   Data   RO         8096    Region$$Table       anon$$obj.o
    0x08025138   0x08025138   0x00000004   Data   RO          402    .init_array         search.o
    0x0802513c   0x08025138   0x00000004   Data   RO          489    .init_array         error.o
    0x08025140   0x08025138   0x00000004   Data   RO          574    .init_array         system.o
    0x08025144   0x08025138   0x00000004   Data   RO          683    .init_array         sleep.o
    0x08025148   0x08025138   0x00000004   Data   RO          749    .init_array         start_timers.o
    0x0802514c   0x08025138   0x00000004   Data   RO          859    .init_array         setup.o
    0x08025150   0x08025138   0x00000004   Data   RO          957    .init_array         setup_clock.o
    0x08025154   0x08025138   0x00000004   Data   RO         1025    .init_array         about.o
    0x08025158   0x08025138   0x00000004   Data   RO         1097    .init_array         text.o
    0x0802515c   0x08025138   0x00000004   Data   RO         1199    .init_array         start_timer.o
    0x08025160   0x08025138   0x00000004   Data   RO         1310    .init_array         slider.o
    0x08025164   0x08025138   0x00000004   Data   RO         1468    .init_array         checkbox.o
    0x08025168   0x08025138   0x00000004   Data   RO         1568    .init_array         clock.o
    0x0802516c   0x08025138   0x00000004   Data   RO         1775    .init_array         core.o
    0x08025170   0x08025138   0x00000004   Data   RO         1998    .init_array         canvas.o
    0x08025174   0x08025138   0x00000004   Data   RO         2175    .init_array         can.o
    0x08025178   0x08025138   0x00000004   Data   RO         2253    .init_array         rvc.o
    0x0802517c   0x08025138   0x00000004   Data   RO         2333    .init_array         pgn_rvc.o
    0x08025180   0x08025138   0x00000004   Data   RO         2459    .init_array         temperature.o
    0x08025184   0x08025138   0x00000004   Data   RO         2743    .init_array         display.o
    0x08025188   0x08025138   0x00000004   Data   RO         3190    .init_array         hcu.o
    0x0802518c   0x08025138   0x00000004   Data   RO         3279    .init_array         usart.o
    0x08025190   0x08025138   0x00000000   Data   RO         7729    .init_array         c_w.l(init_aeabi.o)


    Execution Region RW_IRAM1 (Exec base: 0x20000000, Load base: 0x08025190, Size: 0x00003980, Max: 0x0000c000, ABSOLUTE)

    Exec Addr    Load Addr    Size         Type   Attr      Idx    E Section Name        Object

    0x20000000   0x08025190   0x0000002c   Data   RW           49    .data               main.o
    0x2000002c   0x080251bc   0x00000001   Data   RW          401    .data               search.o
    0x2000002d   0x080251bd   0x00000001   Data   RW          488    .data               error.o
    0x2000002e   0x080251be   0x00000002   PAD
    0x20000030   0x080251c0   0x00000011   Data   RW          573    .data               system.o
    0x20000041   0x080251d1   0x00000004   Data   RW          682    .data               sleep.o
    0x20000045   0x080251d5   0x00000001   Data   RW          748    .data               start_timers.o
    0x20000046   0x080251d6   0x00000002   PAD
    0x20000048   0x080251d8   0x00000030   Data   RW          858    .data               setup.o
    0x20000078   0x08025208   0x00000001   Data   RW          956    .data               setup_clock.o
    0x20000079   0x08025209   0x00000001   Data   RW         1024    .data               about.o
    0x2000007a   0x0802520a   0x00000002   Data   RW         1198    .data               start_timer.o
    0x2000007c   0x0802520c   0x0000002c   Data   RW         1309    .data               slider.o
    0x200000a8   0x08025238   0x00000001   Data   RW         1467    .data               checkbox.o
    0x200000a9   0x08025239   0x00000003   PAD
    0x200000ac   0x0802523c   0x0000001d   Data   RW         1567    .data               clock.o
    0x200000c9   0x08025259   0x00000001   PAD
    0x200000ca   0x0802525a   0x00000002   Data   RW         1774    .data               core.o
    0x200000cc   0x0802525c   0x00000008   Data   RW         2174    .data               can.o
    0x200000d4   0x08025264   0x00000012   Data   RW         2252    .data               rvc.o
    0x200000e6   0x08025276   0x00000002   PAD
    0x200000e8   0x08025278   0x00000008   Data   RW         2458    .data               temperature.o
    0x200000f0   0x08025280   0x00000005   Data   RW         2857    .data               sensor.o
    0x200000f5   0x08025285   0x00000003   PAD
    0x200000f8   0x08025288   0x00000018   Data   RW         2921    .data               font.o
    0x20000110   0x080252a0   0x00000010   Data   RW         3189    .data               hcu.o
    0x20000120   0x080252b0   0x00000004   Data   RW         7679    .data               system_gd32f30x.o
    0x20000124        -       0x0000003f   Zero   RW          572    .bss                system.o
    0x20000163   0x080252b4   0x00000001   PAD
    0x20000164        -       0x00000018   Zero   RW          954    .bss                setup_clock.o
    0x2000017c        -       0x00000081   Zero   RW         1096    .bss                text.o
    0x200001fd   0x080252b4   0x00000003   PAD
    0x20000200        -       0x00000044   Zero   RW         1196    .bss                start_timer.o
    0x20000244        -       0x00000fc7   Zero   RW         1308    .bss                slider.o
    0x2000120b   0x080252b4   0x00000001   PAD
    0x2000120c        -       0x00000190   Zero   RW         1565    .bss                clock.o
    0x2000139c        -       0x00000020   Zero   RW         1773    .bss                core.o
    0x200013bc        -       0x00000a9c   Zero   RW         1995    .bss                canvas.o
    0x20001e58        -       0x000009ac   Zero   RW         2173    .bss                can.o
    0x20002804        -       0x00000028   Zero   RW         2251    .bss                rvc.o
    0x2000282c        -       0x0000000a   Zero   RW         2332    .bss                pgn_rvc.o
    0x20002836   0x080252b4   0x00000002   PAD
    0x20002838        -       0x000001ec   Zero   RW         2457    .bss                temperature.o
    0x20002a24        -       0x00000017   Zero   RW         2573    .bss                memory.o
    0x20002a3b   0x080252b4   0x00000001   PAD
    0x20002a3c        -       0x00000024   Zero   RW         2742    .bss                display.o
    0x20002a60        -       0x00000030   Zero   RW         2856    .bss                sensor.o
    0x20002a90        -       0x0000000c   Zero   RW         3146    .bss                unix_time.o
    0x20002a9c        -       0x00000064   Zero   RW         3188    .bss                hcu.o
    0x20002b00        -       0x0000061c   Zero   RW         3277    .bss                usart.o
    0x2000311c        -       0x00000060   Zero   RW         8007    .bss                c_w.l(libspace.o)
    0x2000317c   0x080252b4   0x00000004   PAD
    0x20003180        -       0x00000400   Zero   RW         7662    HEAP                startup_gd32f30x_hd.o
    0x20003580        -       0x00000400   Zero   RW         7661    STACK               startup_gd32f30x_hd.o



  Load Region LR$$.ARM.__AT_0x0803F800 (Base: 0x0803f800, Size: 0x0000000c, Max: 0x0000000c, ABSOLUTE)

    Execution Region ER$$.ARM.__AT_0x0803F800 (Exec base: 0x0803f800, Load base: 0x0803f800, Size: 0x0000000c, Max: 0x0000000c, ABSOLUTE, UNINIT)

    Exec Addr    Load Addr    Size         Type   Attr      Idx    E Section Name        Object

    0x0803f800   0x0803f800   0x0000000b   Data   RO           25    .ARM.__AT_0x0803F800  main.o


==============================================================================

Image component sizes


      Code (inc. data)   RO Data    RW Data    ZI Data      Debug   Object Name

       162         28          4          1          0       2796   about.o
      1074         68          4          8       2476      21759   can.o
      8838        280        169          0       2716      22429   canvas.o
       338         42          4          1          0       2779   checkbox.o
      5604        306          4         29        400      23222   clock.o
       554         78          4          2         32      40222   core.o
      1404         76          4          0         36      10702   display.o
      1250        150          4          1          0       5240   error.o
         0          0      10260         24          0       2174   font.o
       752         16          0          0          0       9392   gd32f30x_adc.o
       120         12          0          0          0       1638   gd32f30x_bkp.o
      1500         26          0          0          0      23414   gd32f30x_can.o
       704          6          0          0          0       8469   gd32f30x_dma.o
       232         16          0          0          0       1850   gd32f30x_exti.o
       740         68          0          0          0       5293   gd32f30x_fmc.o
       484         12          0          0          0       4055   gd32f30x_gpio.o
       548         16          0          0          0       7260   gd32f30x_i2c.o
       236         28          0          0          0       1904   gd32f30x_misc.o
        20          6          0          0          0        478   gd32f30x_pmu.o
       640         96          0          0          0       5441   gd32f30x_rcu.o
       176         34          0          0          0       3523   gd32f30x_rtc.o
        80          0          0          0          0       2883   gd32f30x_spi.o
      1316         48          0          0          0      10903   gd32f30x_timer.o
       592         16          0          0          0      10604   gd32f30x_usart.o
      2178        108          4         16        100      34421   hcu.o
      4048        432        715         44          0      79667   main.o
      1834         94          0          0         23      11553   memory.o
      1772        238          4          0         10      10192   pgn_rvc.o
      2522        162          4         18         40       4778   rvc.o
       612        116          4          1          0      33792   search.o
      1244         70          0          5         48       6085   sensor.o
     10978       1098          4         48          0      16688   setup.o
      3350        240         25          1         24       7453   setup_clock.o
       780         94          4          4          0       4924   sleep.o
      9114        346          4         44       4039      25509   slider.o
      3892        194         25          2         68       5945   start_timer.o
        62         18          4          1          0      29458   start_timers.o
        64         26        304          0       2048        880   startup_gd32f30x_hd.o
      5938        332          4         17         63      14705   system.o
       548         56          0          4          0       2583   system_gd32f30x.o
      1110         92          4          8        492       4252   temperature.o
      4708        144          4          0        129      12491   text.o
       432         22          0          0         12       1943   unix_time.o
      1506         70          4          0       1564       7728   usart.o

    ----------------------------------------------------------------------
     84144       5380      11616        292      14328     543477   Object Totals
         0          0         32          0          0          0   (incl. Generated)
        88          0         10         13          8          0   (incl. Padding)

    ----------------------------------------------------------------------

      Code (inc. data)   RO Data    RW Data    ZI Data      Debug   Library Member Name

         8          0          0          0          0         68   __main.o
         0          0          0          0          0          0   __rtentry.o
        12          0          0          0          0          0   __rtentry2.o
         6          0          0          0          0          0   __rtentry4.o
        52          8          0          0          0          0   __scatter.o
        26          0          0          0          0          0   __scatter_copy.o
        28          0          0          0          0          0   __scatter_zi.o
        22          0          0          0          0        100   _rserrno.o
        18          0          0          0          0         80   exit.o
         6          0          0          0          0        152   heapauxi.o
         0          0          0          0          0          0   indicate_semi.o
        36         10          0          0          0         80   init_aeabi.o
         2          0          0          0          0          0   libinit.o
        10          0          0          0          0          0   libinit2.o
         2          0          0          0          0          0   libshutdown.o
         2          0          0          0          0          0   libshutdown2.o
         8          4          0          0         96         68   libspace.o
         8          4          0          0          0         68   rt_errno_addr_intlibspace.o
       100          0          0          0          0         80   rt_memcpy_w.o
         2          0          0          0          0          0   rtexit.o
        10          0          0          0          0          0   rtexit2.o
        36          0          0          0          0         76   strncat.o
        12          4          0          0          0         68   sys_exit.o
        74          0          0          0          0         80   sys_stackheap_outer.o
         2          0          0          0          0         68   use_no_semi.o
        16          0          0          0          0         68   cxa_guard_acquire.o
        98          4          0          0          0        140   d2f.o
       804         16          0          0          0        368   daddsub_clz.o
        24          0          0          0          0        116   dcmpi.o
       688        140          0          0          0        256   ddiv.o
        94          4          0          0          0        140   dfix.o
        90          4          0          0          0        140   dfixu.o
        84          0          0          0          0        232   dflt_clz.o
       120          4          0          0          0        140   dleqf.o
       340         12          0          0          0        152   dmul.o
       156          4          0          0          0        140   dnaninf.o
        12          0          0          0          0        116   dretinf.o
       108          0          0          0          0        128   drleqf.o
        86          4          0          0          0        132   f2d.o
       140          4          0          0          0        132   fnaninf.o
        10          0          0          0          0        116   fpinit.o
        10          0          0          0          0        116   fretinf.o
         0          0          0          0          0          0   usenofp.o
       336         56          0          0          0        136   cosf.o
        38          0          0          0          0        116   fpclassifyf.o
        80         24          0          0          0        696   funder.o
       364         44         64          0          0        140   logf.o
      1636        110        320          0          0        372   powf.o
       340         24         32          0          0        160   rredf.o
       400         56          0          0          0        212   sinf.o
        58          0          0          0          0        136   sqrtf.o

    ----------------------------------------------------------------------
      6636        540        416          0        100       5588   Library Totals
        22          0          0          0          4          0   (incl. Padding)

    ----------------------------------------------------------------------

      Code (inc. data)   RO Data    RW Data    ZI Data      Debug   Library Name

       482         30          0          0         96        988   c_w.l
        16          0          0          0          0         68   cpprt_w.l
      2864        196          0          0          0       2564   fz_wm.l
      3252        314        416          0          0       1968   m_wm.l

    ----------------------------------------------------------------------
      6636        540        416          0        100       5588   Library Totals

    ----------------------------------------------------------------------

==============================================================================


      Code (inc. data)   RO Data    RW Data    ZI Data      Debug   

     90780       5920      12032        292      14428     504597   Grand Totals
     90780       5920      12032        292      14428     504597   ELF Image Totals
     90780       5920      12032        292          0          0   ROM Totals

==============================================================================

    Total RO  Size (Code + RO Data)               102812 ( 100.40kB)
    Total RW  Size (RW Data + ZI Data)             14720 (  14.38kB)
    Total ROM Size (Code + RO Data + RW Data)     103104 ( 100.69kB)

==============================================================================

