Component: ARM Compiler 5.06 update 7 (build 960) Tool: armlink [4d3601]

==============================================================================

Section Cross References

    main.o(i._Z10writeSetupv) refers to gd32f30x_fmc.o(i._Z10fmc_unlockv) for fmc_unlock()
    main.o(i._Z10writeSetupv) refers to gd32f30x_fmc.o(i._Z12fmc_flag_getj) for fmc_flag_get(unsigned)
    main.o(i._Z10writeSetupv) refers to gd32f30x_fmc.o(i._Z14fmc_page_erasej) for fmc_page_erase(unsigned)
    main.o(i._Z10writeSetupv) refers to gd32f30x_fmc.o(i._Z16fmc_word_programjj) for fmc_word_program(unsigned, unsigned)
    main.o(i._Z10writeSetupv) refers to gd32f30x_fmc.o(i._Z8fmc_lockv) for fmc_lock()
    main.o(i._Z10writeSetupv) refers to display.o(.bss) for display
    main.o(i._Z10writeSetupv) refers to system.o(.bss) for air
    main.o(i._Z10writeSetupv) refers to hcu.o(.bss) for hcu
    main.o(i._Z10writeSetupv) refers to core.o(.bss) for core
    main.o(i._Z11activityAirv) refers to core.o(i._ZN4Core7getTickEv) for Core::getTick()
    main.o(i._Z11activityAirv) refers to slider.o(i._ZN6Slider11setPositionEs) for Slider::setPosition(short)
    main.o(i._Z11activityAirv) refers to dflt_clz.o(x$fpl$dflt) for __aeabi_i2d
    main.o(i._Z11activityAirv) refers to dleqf.o(x$fpl$dleqf) for __aeabi_cdcmple
    main.o(i._Z11activityAirv) refers to drleqf.o(x$fpl$drleqf) for __aeabi_cdrcmple
    main.o(i._Z11activityAirv) refers to system.o(i._ZN6System11viewHandlerEv) for System::viewHandler()
    main.o(i._Z11activityAirv) refers to about.o(i._ZN5About10viewScreenEv) for About::viewScreen()
    main.o(i._Z11activityAirv) refers to setup.o(i._ZN5Setup10viewScreenEv) for Setup::viewScreen()
    main.o(i._Z11activityAirv) refers to main.o(.data) for screen_visible
    main.o(i._Z11activityAirv) refers to core.o(.bss) for core
    main.o(i._Z11activityAirv) refers to hcu.o(.bss) for hcu
    main.o(i._Z11activityAirv) refers to sensor.o(.bss) for sensor
    main.o(i._Z11activityAirv) refers to system.o(.bss) for air
    main.o(i._Z11activityAirv) refers to slider.o(.bss) for slider
    main.o(i._Z11activityAirv) refers to display.o(.bss) for display
    main.o(i._Z11activityAirv) refers to about.o(.data) for about
    main.o(i._Z11activityAirv) refers to setup.o(.data) for setup
    main.o(i._Z12handlerClockv) refers to clock.o(i._ZN5Clock7handlerEv) for Clock::handler()
    main.o(i._Z12handlerClockv) refers to clock.o(.bss) for clock
    main.o(i._Z12handlerSleepv) refers to sleep.o(i._ZN5Sleep14checkSleepModeEv) for Sleep::checkSleepMode()
    main.o(i._Z12handlerSleepv) refers to sleep.o(i._ZN5Sleep10viewScreenEv) for Sleep::viewScreen()
    main.o(i._Z12handlerSleepv) refers to main.o(.data) for screen_visible
    main.o(i._Z12handlerSleepv) refers to sleep.o(.data) for sleep
    main.o(i._Z12handlerTimerv) refers to core.o(i._ZN4Core7getTickEv) for Core::getTick()
    main.o(i._Z12handlerTimerv) refers to system.o(.bss) for air
    main.o(i._Z12handlerTimerv) refers to hcu.o(.bss) for hcu
    main.o(i._Z12handlerTimerv) refers to core.o(.bss) for core
    main.o(i._Z12handlerUsartv) refers to hcu.o(i._ZN3Hcu7handlerEv) for Hcu::handler()
    main.o(i._Z12handlerUsartv) refers to hcu.o(.bss) for hcu
    main.o(i._Z13activityAboutv) refers to about.o(i._ZN5About11viewHandlerEv) for About::viewHandler()
    main.o(i._Z13activityAboutv) refers to system.o(i._ZN6System10viewScreenEb) for System::viewScreen(bool)
    main.o(i._Z13activityAboutv) refers to main.o(.data) for screen_visible
    main.o(i._Z13activityAboutv) refers to about.o(.data) for about
    main.o(i._Z13activityAboutv) refers to system.o(.bss) for air
    main.o(i._Z13activityErrorv) refers to sleep.o(i._ZN5Sleep11setLowPowerEb) for Sleep::setLowPower(bool)
    main.o(i._Z13activityErrorv) refers to display.o(i._ZN7Display8switchOnEv) for Display::switchOn()
    main.o(i._Z13activityErrorv) refers to display.o(i._ZN7Display8setLightEt) for Display::setLight(unsigned short)
    main.o(i._Z13activityErrorv) refers to error.o(i._ZN5Error10viewScreenEv) for Error::viewScreen()
    main.o(i._Z13activityErrorv) refers to system.o(i._ZN6System10viewScreenEb) for System::viewScreen(bool)
    main.o(i._Z13activityErrorv) refers to error.o(i._ZN5Error11viewHandlerEv) for Error::viewHandler()
    main.o(i._Z13activityErrorv) refers to search.o(i._ZN6Search10viewScreenEv) for Search::viewScreen()
    main.o(i._Z13activityErrorv) refers to hcu.o(.bss) for hcu
    main.o(i._Z13activityErrorv) refers to error.o(.data) for error
    main.o(i._Z13activityErrorv) refers to main.o(.data) for screen_visible
    main.o(i._Z13activityErrorv) refers to sleep.o(.data) for sleep
    main.o(i._Z13activityErrorv) refers to clock.o(.bss) for clock
    main.o(i._Z13activityErrorv) refers to display.o(.bss) for display
    main.o(i._Z13activityErrorv) refers to system.o(.bss) for air
    main.o(i._Z13activityErrorv) refers to search.o(.data) for search
[...]
    Slider::setMinMax(short, unsigned char, unsigned char, unsigned char, unsigned char) 0x0801e429   Thumb Code   472  slider.o(i._ZN6Slider9setMinMaxEshhhh)
    System::viewScreen(bool)                 0x0801e615   Thumb Code   666  system.o(i._ZN6System10viewScreenEb)
    System::buttonCheck(unsigned char)       0x0801e8d1   Thumb Code   126  system.o(i._ZN6System11buttonCheckEh)
    System::buttonPress()                    0x0801e95d   Thumb Code     2  system.o(i._ZN6System11buttonPressEv)
    System::changeScale(unsigned char, unsigned char, unsigned char, unsigned char, unsigned char, unsigned char, unsigned char, unsigned char) 0x0801e95f   Thumb Code    64  system.o(i._ZN6System11changeScaleEhhhhhhhh)
    System::sensorCheck()                    0x0801e9a1   Thumb Code  2444  system.o(i._ZN6System11sensorCheckEv)
    System::viewHandler()                    0x0801f349   Thumb Code   128  system.o(i._ZN6System11viewHandlerEv)
    System::viewMessage(char*)               0x0801f3d9   Thumb Code   252  system.o(i._ZN6System11viewMessageEPc)
    System::checkConnect()                   0x0801f4e1   Thumb Code    36  system.o(i._ZN6System12checkConnectEv)
    System::viewDuration(bool, unsigned short) 0x0801f50d   Thumb Code    32  system.o(i._ZN6System12viewDurationEbt)
    System::viewDuration()                   0x0801f531   Thumb Code   314  system.o(i._ZN6System12viewDurationEv)
    System::checkDayNight()                  0x0801f6a1   Thumb Code   388  system.o(i._ZN6System13checkDayNightEv)
    System::viewTemperature(bool)            0x0801f841   Thumb Code   990  system.o(i._ZN6System15viewTemperatureEb)
    System::viewMode()                       0x0801fc65   Thumb Code   208  system.o(i._ZN6System8viewModeEv)
    System::System(unsigned char, unsigned char, unsigned char, unsigned char, unsigned char, unsigned char, unsigned char, unsigned char) 0x0801fd39   Thumb Code    64  system.o(i._ZN6SystemC1Ehhhhhhhh)
    System::System__sub_object(unsigned char, unsigned char, unsigned char, unsigned char, unsigned char, unsigned char, unsigned char, unsigned char) 0x0801fd39   Thumb Code     0  system.o(i._ZN6SystemC1Ehhhhhhhh)
    Display::initPeriph()                    0x0801fd79   Thumb Code   350  display.o(i._ZN7Display10initPeriphEv)
    Display::initialize()                    0x0801fee9   Thumb Code   430  display.o(i._ZN7Display10initializeEv)
    Display::writeColor(unsigned)            0x080200a1   Thumb Code    48  display.o(i._ZN7Display10writeColorEj)
    Display::writeCommand(unsigned char)     0x080200d1   Thumb Code    74  display.o(i._ZN7Display12writeCommandEh)
    Display::setAddrWindow(unsigned short, unsigned short, unsigned short, unsigned short) 0x08020129   Thumb Code   142  display.o(i._ZN7Display13setAddrWindowEtttt)
    Display::writeColorFast(unsigned)        0x080201b9   Thumb Code    62  display.o(i._ZN7Display14writeColorFastEj)
    Display::turnOff()                       0x080201fd   Thumb Code    22  display.o(i._ZN7Display7turnOffEv)
    Display::getTimer()                      0x08020215   Thumb Code    24  display.o(i._ZN7Display8getTimerEv)
    Display::setLight(unsigned short)        0x08020231   Thumb Code    20  display.o(i._ZN7Display8setLightEt)
    Display::setTimer(unsigned)              0x08020245   Thumb Code    18  display.o(i._ZN7Display8setTimerEj)
    Display::switchOn()                      0x0802025d   Thumb Code    22  display.o(i._ZN7Display8switchOnEv)
    Display::writeData(unsigned char)        0x08020275   Thumb Code    84  display.o(i._ZN7Display9writeDataEh)
    Display::Display()                       0x080202d5   Thumb Code    22  display.o(i._ZN7DisplayC1Ev)
    Display::Display__sub_object()           0x080202d5   Thumb Code     0  display.o(i._ZN7DisplayC1Ev)
    Checkbox::draw(unsigned short, unsigned short, const char*, char*) 0x080202ed   Thumb Code   150  checkbox.o(i._ZN8Checkbox4drawEttPKcPc)
    Checkbox::draw(unsigned short, unsigned short, const char*, bool) 0x08020395   Thumb Code   134  checkbox.o(i._ZN8Checkbox4drawEttPKcb)
    Checkbox::Checkbox()                     0x0802042d   Thumb Code     2  checkbox.o(i._ZN8CheckboxC1Ev)
    Checkbox::Checkbox__sub_object()         0x0802042d   Thumb Code     0  checkbox.o(i._ZN8CheckboxC1Ev)
    UnixTime::calToTimer()                   0x08020431   Thumb Code   152  unix_time.o(i._ZN8UnixTime10calToTimerEv)
    UnixTime::timerToCal(unsigned long)      0x080204d1   Thumb Code   258  unix_time.o(i._ZN8UnixTime10timerToCalEm)
    RVCModule::ProcessMessage(unsigned char) 0x080205e1   Thumb Code  1338  rvc.o(i._ZN9RVCModule14ProcessMessageEh)
    RVCModule::TransmitMessage()             0x08020b31   Thumb Code   434  rvc.o(i._ZN9RVCModule15TransmitMessageEv)
    RVCModule::handler()                     0x08020d11   Thumb Code   644  rvc.o(i._ZN9RVCModule7handlerEv)
    RVCModule::RVCModule()                   0x08020fb1   Thumb Code     2  rvc.o(i._ZN9RVCModuleC1Ev)
    RVCModule::RVCModule__sub_object()       0x08020fb1   Thumb Code     0  rvc.o(i._ZN9RVCModuleC1Ev)
    std::cos(float)                          0x08020fb3   Thumb Code    24  slider.o(i._ZSt3cosf)
    std::pow(float, int)                     0x08020fcb   Thumb Code    34  clock.o(i._ZSt3powfi)
    std::sin(float)                          0x08020fed   Thumb Code    24  slider.o(i._ZSt3sinf)
    std::sqrt(float)                         0x08021005   Thumb Code    24  clock.o(i._ZSt4sqrtf)
    __ARM_fpclassifyf                        0x0802101d   Thumb Code    38  fpclassifyf.o(i.__ARM_fpclassifyf)
    __cxa_guard_acquire                      0x08021043   Thumb Code    16  cxa_guard_acquire.o(i.__cxa_guard_acquire)
    __hardfp_cosf                            0x08021055   Thumb Code   280  cosf.o(i.__hardfp_cosf)
    __hardfp_logf                            0x080211a5   Thumb Code   320  logf.o(i.__hardfp_logf)
    __mathlib_logf                           0x080211a5   Thumb Code     0  logf.o(i.__hardfp_logf)
    __hardfp_powf                            0x08021311   Thumb Code  1606  powf.o(i.__hardfp_powf)
    __mathlib_powf                           0x08021311   Thumb Code     0  powf.o(i.__hardfp_powf)
    __hardfp_sinf                            0x08021975   Thumb Code   344  sinf.o(i.__hardfp_sinf)
    __hardfp_sqrtf                           0x08021b05   Thumb Code    58  sqrtf.o(i.__hardfp_sqrtf)
    __mathlib_flt_divzero                    0x08021b41   Thumb Code    14  funder.o(i.__mathlib_flt_divzero)
    __mathlib_flt_infnan                     0x08021b55   Thumb Code     6  funder.o(i.__mathlib_flt_infnan)
    __mathlib_flt_infnan2                    0x08021b5b   Thumb Code     6  funder.o(i.__mathlib_flt_infnan2)
    __mathlib_flt_invalid                    0x08021b61   Thumb Code    10  funder.o(i.__mathlib_flt_invalid)
    __mathlib_flt_overflow                   0x08021b71   Thumb Code    10  funder.o(i.__mathlib_flt_overflow)
    __mathlib_flt_underflow                  0x08021b81   Thumb Code    10  funder.o(i.__mathlib_flt_underflow)
    __mathlib_rredf2                         0x08021b91   Thumb Code   316  rredf.o(i.__mathlib_rredf2)
    main                                     0x08021e7d   Thumb Code   202  main.o(i.main)
    __aeabi_d2f                              0x08021f65   Thumb Code     0  d2f.o(x$fpl$d2f)
    _d2f                                     0x08021f65   Thumb Code    98  d2f.o(x$fpl$d2f)
    __aeabi_dadd                             0x08021fc9   Thumb Code     0  daddsub_clz.o(x$fpl$dadd)
    _dadd                                    0x08021fc9   Thumb Code   332  daddsub_clz.o(x$fpl$dadd)
    __fpl_dcmp_Inf                           0x08022119   Thumb Code    24  dcmpi.o(x$fpl$dcmpinf)
    __aeabi_ddiv                             0x08022131   Thumb Code     0  ddiv.o(x$fpl$ddiv)
    _ddiv                                    0x08022131   Thumb Code   552  ddiv.o(x$fpl$ddiv)
    __aeabi_d2iz                             0x080223e1   Thumb Code     0  dfix.o(x$fpl$dfix)
    _dfix                                    0x080223e1   Thumb Code    94  dfix.o(x$fpl$dfix)
    __aeabi_d2uiz                            0x08022441   Thumb Code     0  dfixu.o(x$fpl$dfixu)
    _dfixu                                   0x08022441   Thumb Code    90  dfixu.o(x$fpl$dfixu)
    __aeabi_i2d                              0x0802249b   Thumb Code     0  dflt_clz.o(x$fpl$dflt)
    _dflt                                    0x0802249b   Thumb Code    46  dflt_clz.o(x$fpl$dflt)
    __aeabi_ui2d                             0x080224c9   Thumb Code     0  dflt_clz.o(x$fpl$dfltu)
    _dfltu                                   0x080224c9   Thumb Code    38  dflt_clz.o(x$fpl$dfltu)
    __aeabi_cdcmple                          0x080224f1   Thumb Code     0  dleqf.o(x$fpl$dleqf)
    _dcmple                                  0x080224f1   Thumb Code   120  dleqf.o(x$fpl$dleqf)
    __fpl_dcmple_InfNaN                      0x08022553   Thumb Code     0  dleqf.o(x$fpl$dleqf)
    __aeabi_dmul                             0x08022569   Thumb Code     0  dmul.o(x$fpl$dmul)
    _dmul                                    0x08022569   Thumb Code   332  dmul.o(x$fpl$dmul)
    __fpl_dnaninf                            0x080226bd   Thumb Code   156  dnaninf.o(x$fpl$dnaninf)
    __fpl_dretinf                            0x08022759   Thumb Code    12  dretinf.o(x$fpl$dretinf)
    __aeabi_cdrcmple                         0x08022765   Thumb Code     0  drleqf.o(x$fpl$drleqf)
    _drcmple                                 0x08022765   Thumb Code   108  drleqf.o(x$fpl$drleqf)
    __aeabi_dsub                             0x080227d1   Thumb Code     0  daddsub_clz.o(x$fpl$dsub)
    _dsub                                    0x080227d1   Thumb Code   464  daddsub_clz.o(x$fpl$dsub)
    __aeabi_f2d                              0x080229a5   Thumb Code     0  f2d.o(x$fpl$f2d)
    _f2d                                     0x080229a5   Thumb Code    86  f2d.o(x$fpl$f2d)
    __fpl_fnaninf                            0x080229fb   Thumb Code   140  fnaninf.o(x$fpl$fnaninf)
    _fp_init                                 0x08022a87   Thumb Code    10  fpinit.o(x$fpl$fpinit)
    __fplib_config_fpu_vfp                   0x08022a8f   Thumb Code     0  fpinit.o(x$fpl$fpinit)
    __fplib_config_pureend_doubles           0x08022a8f   Thumb Code     0  fpinit.o(x$fpl$fpinit)
    __fpl_fretinf                            0x08022a91   Thumb Code    10  fretinf.o(x$fpl$fretinf)
    __I$use$fp                               0x08022a9a   Number         0  usenofp.o(x$fpl$usenofp)
    errors                                   0x08022c7c   Data         224  main.o(.constdata)
    Region$$Table$$Base                      0x080257e8   Number         0  anon$$obj.o(Region$$Table)
    Region$$Table$$Limit                     0x08025808   Number         0  anon$$obj.o(Region$$Table)
    SHT$$INIT_ARRAY$$Base                    0x08025808   Number         0  search.o(.init_array)
    SHT$$INIT_ARRAY$$Limit                   0x08025860   Number         0  init_aeabi.o(.init_array)
    screen_visible                           0x20000000   Data           1  main.o(.data)
    screen_visible_old                       0x20000001   Data           1  main.o(.data)
    isBleAccept                              0x20000002   Data           1  main.o(.data)
    isBleCancel                              0x20000003   Data           1  main.o(.data)
    isBleSendKey                             0x20000004   Data           1  main.o(.data)
    isTest                                   0x20000005   Data           1  main.o(.data)
    timerCancel                              0x20000008   Data           4  main.o(.data)
    counterBleTemp                           0x2000000c   Data           4  main.o(.data)
    counterBleSendTemp                       0x20000010   Data           4  main.o(.data)
    counterBle                               0x20000014   Data           4  main.o(.data)
    counterBleSend                           0x20000018   Data           4  main.o(.data)
    BLE_SEND_LONG_PERIOD                     0x2000001c   Data           4  main.o(.data)
    BLE_SEND_SHORT_PERIOD                    0x20000020   Data           4  main.o(.data)
    BLE_PAUSE_PERIOD                         0x20000024   Data           4  main.o(.data)
    search                                   0x20000030   Data           1  search.o(.data)
    error                                    0x20000031   Data           1  error.o(.data)
    sleep                                    0x20000045   Data           3  sleep.o(.data)
    startTimers                              0x20000049   Data           1  start_timers.o(.data)
    setup                                    0x2000004c   Data           7  setup.o(.data)
    about                                    0x2000007d   Data           1  about.o(.data)
    checkbox                                 0x200000ac   Data           1  checkbox.o(.data)
    Font_7x10                                0x20000104   Data           8  font.o(.data)
    Font_11x18                               0x2000010c   Data           8  font.o(.data)
    Font_16x26                               0x20000114   Data           8  font.o(.data)
    SystemCoreClock                          0x2000012c   Data           4  system_gd32f30x.o(.data)
    air                                      0x20000130   Data          48  system.o(.bss)
    setupClock                               0x20000170   Data          24  setup_clock.o(.bss)
    text                                     0x20000188   Data         129  text.o(.bss)
    startTimer                               0x2000020c   Data          68  start_timer.o(.bss)
    slider                                   0x20000250   Data        4028  slider.o(.bss)
    clock                                    0x20001218   Data         400  clock.o(.bss)
    core                                     0x200013a8   Data          32  core.o(.bss)
    canvas                                   0x200013c8   Data          16  canvas.o(.bss)
    can                                      0x20001e64   Data        2476  can.o(.bss)
    rvc                                      0x20002810   Data          52  rvc.o(.bss)
    canPGNRVC                                0x20002844   Data          16  pgn_rvc.o(.bss)
    temperature                              0x20002854   Data         492  temperature.o(.bss)
    memory                                   0x20002a40   Data          23  memory.o(.bss)
    display                                  0x20002a58   Data          36  display.o(.bss)
    sensor                                   0x20002a7c   Data          48  sensor.o(.bss)
    unixTime                                 0x20002aac   Data          12  unix_time.o(.bss)
    hcu                                      0x20002ab8   Data         104  hcu.o(.bss)
    usart                                    0x20002b20   Data        1564  usart.o(.bss)
    __libspace_start                         0x2000313c   Data          96  libspace.o(.bss)
    __temporary_stack_top$libspace           0x2000319c   Data           0  libspace.o(.bss)



==============================================================================

Memory Map of the image

  Image Entry point : 0x0800c131

  Load Region LR_IROM1 (Base: 0x0800c000, Size: 0x00019990, Max: 0x00031000, ABSOLUTE, COMPRESSED[0x00019890])

    Execution Region ER_IROM1 (Exec base: 0x0800c000, Load base: 0x0800c000, Size: 0x00019860, Max: 0x00031000, ABSOLUTE)

    Exec Addr    Load Addr    Size         Type   Attr      Idx    E Section Name        Object

    0x0800c000   0x0800c000   0x00000130   Data   RO         7716    RESET               startup_gd32f30x_hd.o
    0x0800c130   0x0800c130   0x00000008   Code   RO         7779  * !!!main             c_w.l(__main.o)
    0x0800c138   0x0800c138   0x00000034   Code   RO         8153    !!!scatter          c_w.l(__scatter.o)
    0x0800c16c   0x0800c16c   0x0000005a   Code   RO         8151    !!dczerorl2         c_w.l(__dczerorl2.o)
    0x0800c1c6   0x0800c1c6   0x00000002   PAD
    0x0800c1c8   0x0800c1c8   0x0000001c   Code   RO         8155    !!handler_zi        c_w.l(__scatter_zi.o)
    0x0800c1e4   0x0800c1e4   0x00000002   Code   RO         8075    .ARM.Collect$$libinit$$00000000  c_w.l(libinit.o)
    0x0800c1e6   0x0800c1e6   0x00000004   Code   RO         7920    .ARM.Collect$$libinit$$00000001  c_w.l(libinit2.o)
    0x0800c1ea   0x0800c1ea   0x00000000   Code   RO         7923    .ARM.Collect$$libinit$$00000004  c_w.l(libinit2.o)
    0x0800c1ea   0x0800c1ea   0x00000000   Code   RO         7926    .ARM.Collect$$libinit$$0000000A  c_w.l(libinit2.o)
    0x0800c1ea   0x0800c1ea   0x00000000   Code   RO         7928    .ARM.Collect$$libinit$$0000000C  c_w.l(libinit2.o)
    0x0800c1ea   0x0800c1ea   0x00000000   Code   RO         7930    .ARM.Collect$$libinit$$0000000E  c_w.l(libinit2.o)
    0x0800c1ea   0x0800c1ea   0x00000000   Code   RO         7933    .ARM.Collect$$libinit$$00000011  c_w.l(libinit2.o)
    0x0800c1ea   0x0800c1ea   0x00000000   Code   RO         7935    .ARM.Collect$$libinit$$00000013  c_w.l(libinit2.o)
    0x0800c1ea   0x0800c1ea   0x00000000   Code   RO         7937    .ARM.Collect$$libinit$$00000015  c_w.l(libinit2.o)
    0x0800c1ea   0x0800c1ea   0x00000000   Code   RO         7939    .ARM.Collect$$libinit$$00000017  c_w.l(libinit2.o)
    0x0800c1ea   0x0800c1ea   0x00000000   Code   RO         7941    .ARM.Collect$$libinit$$00000019  c_w.l(libinit2.o)
    0x0800c1ea   0x0800c1ea   0x00000000   Code   RO         7943    .ARM.Collect$$libinit$$0000001B  c_w.l(libinit2.o)
    0x0800c1ea   0x0800c1ea   0x00000000   Code   RO         7945    .ARM.Collect$$libinit$$0000001D  c_w.l(libinit2.o)
    0x0800c1ea   0x0800c1ea   0x00000000   Code   RO         7947    .ARM.Collect$$libinit$$0000001F  c_w.l(libinit2.o)
    0x0800c1ea   0x0800c1ea   0x00000000   Code   RO         7949    .ARM.Collect$$libinit$$00000021  c_w.l(libinit2.o)
    0x0800c1ea   0x0800c1ea   0x00000000   Code   RO         7951    .ARM.Collect$$libinit$$00000023  c_w.l(libinit2.o)
    0x0800c1ea   0x0800c1ea   0x00000000   Code   RO         7953    .ARM.Collect$$libinit$$00000025  c_w.l(libinit2.o)
    0x0800c1ea   0x0800c1ea   0x00000000   Code   RO         7957    .ARM.Collect$$libinit$$0000002C  c_w.l(libinit2.o)
    0x0800c1ea   0x0800c1ea   0x00000000   Code   RO         7959    .ARM.Collect$$libinit$$0000002E  c_w.l(libinit2.o)
    0x0800c1ea   0x0800c1ea   0x00000000   Code   RO         7961    .ARM.Collect$$libinit$$00000030  c_w.l(libinit2.o)
    0x0800c1ea   0x0800c1ea   0x00000004   Code   RO         7962    .ARM.Collect$$libinit$$00000031  c_w.l(libinit2.o)
    0x0800c1ee   0x0800c1ee   0x00000000   Code   RO         7963    .ARM.Collect$$libinit$$00000032  c_w.l(libinit2.o)
    0x0800c1ee   0x0800c1ee   0x00000002   Code   RO         7964    .ARM.Collect$$libinit$$00000033  c_w.l(libinit2.o)
    0x0800c1f0   0x0800c1f0   0x00000002   Code   RO         8110    .ARM.Collect$$libshutdown$$00000000  c_w.l(libshutdown.o)
    0x0800c1f2   0x0800c1f2   0x00000000   Code   RO         8116    .ARM.Collect$$libshutdown$$00000002  c_w.l(libshutdown2.o)
    0x0800c1f2   0x0800c1f2   0x00000000   Code   RO         8118    .ARM.Collect$$libshutdown$$00000004  c_w.l(libshutdown2.o)
    0x0800c1f2   0x0800c1f2   0x00000000   Code   RO         8120    .ARM.Collect$$libshutdown$$00000006  c_w.l(libshutdown2.o)
    0x0800c1f2   0x0800c1f2   0x00000000   Code   RO         8123    .ARM.Collect$$libshutdown$$00000009  c_w.l(libshutdown2.o)
    0x0800c1f2   0x0800c1f2   0x00000000   Code   RO         8126    .ARM.Collect$$libshutdown$$0000000C  c_w.l(libshutdown2.o)
    0x0800c1f2   0x0800c1f2   0x00000000   Code   RO         8128    .ARM.Collect$$libshutdown$$0000000E  c_w.l(libshutdown2.o)
    0x0800c1f2   0x0800c1f2   0x00000000   Code   RO         8131    .ARM.Collect$$libshutdown$$00000011  c_w.l(libshutdown2.o)
    0x0800c1f2   0x0800c1f2   0x00000002   Code   RO         8132    .ARM.Collect$$libshutdown$$00000012  c_w.l(libshutdown2.o)
    0x0800c1f4   0x0800c1f4   0x00000000   Code   RO         7917    .ARM.Collect$$rtentry$$00000000  c_w.l(__rtentry.o)
    0x0800c1f4   0x0800c1f4   0x00000000   Code   RO         8026    .ARM.Collect$$rtentry$$00000002  c_w.l(__rtentry2.o)
    0x0800c1f4   0x0800c1f4   0x00000006   Code   RO         8038    .ARM.Collect$$rtentry$$00000004  c_w.l(__rtentry4.o)
    0x0800c1fa   0x0800c1fa   0x00000000   Code   RO         8028    .ARM.Collect$$rtentry$$00000009  c_w.l(__rtentry2.o)
    0x0800c1fa   0x0800c1fa   0x00000004   Code   RO         8029    .ARM.Collect$$rtentry$$0000000A  c_w.l(__rtentry2.o)
    0x0800c1fe   0x0800c1fe   0x00000000   Code   RO         8031    .ARM.Collect$$rtentry$$0000000C  c_w.l(__rtentry2.o)
    0x0800c1fe   0x0800c1fe   0x00000008   Code   RO         8032    .ARM.Collect$$rtentry$$0000000D  c_w.l(__rtentry2.o)
    0x0800c206   0x0800c206   0x00000002   Code   RO         8078    .ARM.Collect$$rtexit$$00000000  c_w.l(rtexit.o)
    0x0800c208   0x0800c208   0x00000000   Code   RO         8090    .ARM.Collect$$rtexit$$00000002  c_w.l(rtexit2.o)
    0x0800c208   0x0800c208   0x00000004   Code   RO         8091    .ARM.Collect$$rtexit$$00000003  c_w.l(rtexit2.o)
    0x0800c20c   0x0800c20c   0x00000006   Code   RO         8092    .ARM.Collect$$rtexit$$00000004  c_w.l(rtexit2.o)
    0x0800c212   0x0800c212   0x00000002   PAD
    0x0800c214   0x0800c214   0x00000040   Code   RO         7717    .text               startup_gd32f30x_hd.o
    0x0800c254   0x0800c254   0x00000024   Code   RO         7773    .text               c_w.l(strncat.o)
    0x0800c278   0x0800c278   0x00000064   Code   RO         7775    .text               c_w.l(rt_memcpy_w.o)
    0x0800c2dc   0x0800c2dc   0x00000006   Code   RO         7777    .text               c_w.l(heapauxi.o)
    0x0800c2e2   0x0800c2e2   0x00000002   PAD
    0x0800c2e4   0x0800c2e4   0x00000024   Code   RO         7784    .text               c_w.l(init_aeabi.o)
    0x0800c308   0x0800c308   0x00000016   Code   RO         7918    .text               c_w.l(_rserrno.o)
    0x0800c31e   0x0800c31e   0x00000002   PAD
    0x0800c320   0x0800c320   0x00000008   Code   RO         8043    .text               c_w.l(rt_errno_addr_intlibspace.o)
    0x0800c328   0x0800c328   0x00000008   Code   RO         8059    .text               c_w.l(libspace.o)
    0x0800c330   0x0800c330   0x0000004a   Code   RO         8062    .text               c_w.l(sys_stackheap_outer.o)
    0x0800c37a   0x0800c37a   0x00000012   Code   RO         8064    .text               c_w.l(exit.o)
    0x0800c38c   0x0800c38c   0x00000002   Code   RO         8086    .text               c_w.l(use_no_semi.o)
    0x0800c38e   0x0800c38e   0x00000000   Code   RO         8088    .text               c_w.l(indicate_semi.o)
    0x0800c38e   0x0800c38e   0x00000002   PAD
    0x0800c390   0x0800c390   0x0000000c   Code   RO         8102    .text               c_w.l(sys_exit.o)
    0x0800c39c   0x0800c39c   0x00000060   Code   RO         2162    i.CAN0_RX1_IRQHandler  can.o
    0x0800c3fc   0x0800c3fc   0x00000050   Code   RO         2885    i.EXTI0_IRQHandler  sensor.o
    0x0800c44c   0x0800c44c   0x0000001c   Code   RO         2886    i.EXTI5_9_IRQHandler  sensor.o
    0x0800c468   0x0800c468   0x00000004   Code   RO         1738    i.HardFault_Handler  core.o
    0x0800c46c   0x0800c46c   0x00000002   Code   RO         1739    i.NMI_Handler       core.o
    0x0800c46e   0x0800c46e   0x00000002   PAD
    0x0800c470   0x0800c470   0x00000010   Code   RO         1740    i.SysTick_Handler   core.o
    0x0800c480   0x0800c480   0x000000bc   Code   RO         7724    i.SystemCoreClockUpdate  system_gd32f30x.o
    0x0800c53c   0x0800c53c   0x00000050   Code   RO         7725    i.SystemInit        system_gd32f30x.o
    0x0800c58c   0x0800c58c   0x000000fc   Code   RO         3308    i.USART0_IRQHandler  usart.o
    0x0800c688   0x0800c688   0x00000058   Code   RO         3398    i._Z10adc_deinitj   gd32f30x_adc.o
    0x0800c6e0   0x0800c6e0   0x00000012   Code   RO         3399    i._Z10adc_enablej   gd32f30x_adc.o
    0x0800c6f2   0x0800c6f2   0x0000000c   Code   RO         3668    i._Z10bkp_deinitv   gd32f30x_bkp.o
    0x0800c6fe   0x0800c6fe   0x00000002   PAD
    0x0800c700   0x0800c700   0x00000020   Code   RO         2988    i._Z10can_deinitj   gd32f30x_can.o
    0x0800c720   0x0800c720   0x00000070   Code   RO         4325    i._Z10dma_deinitj16dma_channel_enum  gd32f30x_dma.o
    0x0800c790   0x0800c790   0x00000044   Code   RO         4837    i._Z10fmc_unlockv   gd32f30x_fmc.o
    0x0800c7d4   0x0800c7d4   0x00000040   Code   RO         5311    i._Z10i2c_deinitj   gd32f30x_i2c.o
    0x0800c814   0x0800c814   0x0000000a   Code   RO         5312    i._Z10i2c_enablej   gd32f30x_i2c.o
    0x0800c81e   0x0800c81e   0x0000000a   Code   RO         6506    i._Z10spi_enablej   gd32f30x_spi.o
    0x0800c828   0x0800c828   0x00000098   Code   RO         6795    i._Z10timer_initjP22timer_parameter_struct  gd32f30x_timer.o
    0x0800c8c0   0x0800c8c0   0x00000198   Code   RO            4    i._Z10writeSetupv   main.o
    0x0800ca58   0x0800ca58   0x00000244   Code   RO            5    i._Z11activityAirv  main.o
    0x0800cc9c   0x0800cc9c   0x0000000a   Code   RO         3400    i._Z11adc_disablej  gd32f30x_adc.o
    0x0800cca6   0x0800cca6   0x0000005c   Code   RO         2163    i._Z12ConfigFilterjh  can.o
    0x0800cd02   0x0800cd02   0x00000002   PAD
    0x0800cd04   0x0800cd04   0x00000024   Code   RO         4841    i._Z12fmc_flag_getj  gd32f30x_fmc.o
    0x0800cd28   0x0800cd28   0x00000004   Code   RO         5161    i._Z12gpio_bit_setjj  gd32f30x_gpio.o
    0x0800cd2c   0x0800cd2c   0x00000010   Code   RO            6    i._Z12handlerClockv  main.o
    0x0800cd3c   0x0800cd3c   0x0000003c   Code   RO            7    i._Z12handlerSleepv  main.o
    0x0800cd78   0x0800cd78   0x0000007c   Code   RO            8    i._Z12handlerTimerv  main.o
    0x0800cdf4   0x0800cdf4   0x00000010   Code   RO            9    i._Z12handlerUsartv  main.o
    0x0800ce04   0x0800ce04   0x00000032   Code   RO         5314    i._Z12i2c_flag_getjj  gd32f30x_i2c.o
    0x0800ce36   0x0800ce36   0x00000002   PAD
    0x0800ce38   0x0800ce38   0x000000dc   Code   RO         6796    i._Z12timer_deinitj  gd32f30x_timer.o
    0x0800cf14   0x0800cf14   0x0000000a   Code   RO         6797    i._Z12timer_enablej  gd32f30x_timer.o
    0x0800cf1e   0x0800cf1e   0x00000002   PAD
    0x0800cf20   0x0800cf20   0x00000090   Code   RO         7282    i._Z12usart_deinitj  gd32f30x_usart.o
    0x0800cfb0   0x0800cfb0   0x0000000a   Code   RO         7283    i._Z12usart_enablej  gd32f30x_usart.o
    0x0800cfba   0x0800cfba   0x00000002   PAD
    0x0800cfbc   0x0800cfbc   0x00000040   Code   RO           10    i._Z13activityAboutv  main.o
    0x0800cffc   0x0800cffc   0x00000140   Code   RO           11    i._Z13activityErrorv  main.o
    0x0800d13c   0x0800d13c   0x000000dc   Code   RO           12    i._Z13activitySetupv  main.o
    0x0800d218   0x0800d218   0x000000c8   Code   RO           13    i._Z13activitySleepv  main.o
    0x0800d2e0   0x0800d2e0   0x00000038   Code   RO         3670    i._Z13bkp_read_data22bkp_data_register_enum  gd32f30x_bkp.o
    0x0800d318   0x0800d318   0x0000000c   Code   RO         2991    i._Z13can_error_getj  gd32f30x_can.o
    0x0800d324   0x0800d324   0x0000003c   Code   RO           14    i._Z13handlerSensorv  main.o
    0x0800d360   0x0800d360   0x00000038   Code   RO           15    i._Z13minuteHandlerv  main.o
    0x0800d398   0x0800d398   0x0000000a   Code   RO         6798    i._Z13timer_disablej  gd32f30x_timer.o
    0x0800d3a2   0x0800d3a2   0x0000000a   Code   RO         7284    i._Z13usart_disablej  gd32f30x_usart.o
    0x0800d3ac   0x0800d3ac   0x00000032   Code   RO          673    i._Z14SysTick_Configj  sleep.o
    0x0800d3de   0x0800d3de   0x00000002   PAD
    0x0800d3e0   0x0800d3e0   0x0000009c   Code   RO           16    i._Z14activitySearchv  main.o
    0x0800d47c   0x0800d47c   0x00000008   Code   RO         3402    i._Z14adc_flag_clearjj  gd32f30x_adc.o
    0x0800d484   0x0800d484   0x00000034   Code   RO         3672    i._Z14bkp_write_data22bkp_data_register_enumt  gd32f30x_bkp.o
    0x0800d4b8   0x0800d4b8   0x000000ec   Code   RO         4848    i._Z14fmc_page_erasej  gd32f30x_fmc.o
    0x0800d5a4   0x0800d5a4   0x00000004   Code   RO         5163    i._Z14gpio_bit_resetjj  gd32f30x_gpio.o
    0x0800d5a8   0x0800d5a8   0x00000018   Code   RO         5315    i._Z14i2c_ack_configjj  gd32f30x_i2c.o
    0x0800d5c0   0x0800d5c0   0x00000014   Code   RO         6057    i._Z14rtc_lwoff_waitv  gd32f30x_rtc.o
    0x0800d5d4   0x0800d5d4   0x0000001c   Code   RO         3403    i._Z15adc_mode_configj  gd32f30x_adc.o
    0x0800d5f0   0x0800d5f0   0x00000110   Code   RO         2993    i._Z15can_filter_initP27can_filter_parameter_struct  gd32f30x_can.o
    0x0800d700   0x0800d700   0x0000000a   Code   RO         5319    i._Z15i2c_stop_on_busj  gd32f30x_i2c.o
    0x0800d70a   0x0800d70a   0x00000002   PAD
    0x0800d70c   0x0800d70c   0x000000c4   Code   RO         5539    i._Z15nvic_irq_enablehhh  gd32f30x_misc.o
    0x0800d7d0   0x0800d7d0   0x00000014   Code   RO         6058    i._Z15rtc_counter_getv  gd32f30x_rtc.o
    0x0800d7e4   0x0800d7e4   0x00000020   Code   RO         6059    i._Z15rtc_counter_setj  gd32f30x_rtc.o
    0x0800d804   0x0800d804   0x000000c0   Code   RO         4854    i._Z16fmc_word_programjj  gd32f30x_fmc.o
    0x0800d8c4   0x0800d8c4   0x0000012c   Code   RO         5320    i._Z16i2c_clock_configjjj  gd32f30x_i2c.o
    0x0800d9f0   0x0800d9f0   0x00000008   Code   RO         5321    i._Z16i2c_data_receivej  gd32f30x_i2c.o
    0x0800d9f8   0x0800d9f8   0x0000000a   Code   RO         5322    i._Z16i2c_start_on_busj  gd32f30x_i2c.o
    0x0800da02   0x0800da02   0x00000010   Code   RO         6519    i._Z16spi_i2s_flag_getjj  gd32f30x_spi.o
    0x0800da12   0x0800da12   0x00000016   Code   RO         5323    i._Z17i2c_ackpos_configjj  gd32f30x_i2c.o
    0x0800da28   0x0800da28   0x00000006   Code   RO         5324    i._Z17i2c_data_transmitjh  gd32f30x_i2c.o
    0x0800da2e   0x0800da2e   0x00000002   PAD
    0x0800da30   0x0800da30   0x00000020   Code   RO         6062    i._Z17rtc_prescaler_setj  gd32f30x_rtc.o
    0x0800da50   0x0800da50   0x00000028   Code   RO          674    i._Z18__NVIC_SetPriority4IRQnj  sleep.o
    0x0800da78   0x0800da78   0x00000028   Code   RO         1741    i._Z18__NVIC_SetPriority4IRQnj  core.o
    0x0800daa0   0x0800daa0   0x00000084   Code   RO           17    i._Z18activitySetupClockv  main.o
    0x0800db24   0x0800db24   0x00000032   Code   RO         4328    i._Z18dma_channel_enablej16dma_channel_enum  gd32f30x_dma.o
    0x0800db56   0x0800db56   0x00000010   Code   RO         5167    i._Z18gpio_input_bit_getjj  gd32f30x_gpio.o
    0x0800db66   0x0800db66   0x00000002   PAD
    0x0800db68   0x0800db68   0x00000030   Code   RO           18    i._Z18handlerTemperaturev  main.o
    0x0800db98   0x0800db98   0x0000015c   Code   RO         5771    i._Z18rcu_clock_freq_get19rcu_clock_freq_enum  gd32f30x_rcu.o
    0x0800dcf4   0x0800dcf4   0x00000090   Code   RO         7288    i._Z18usart_baudrate_setjj  gd32f30x_usart.o
    0x0800dd84   0x0800dd84   0x0000000a   Code   RO         7289    i._Z18usart_data_receivej  gd32f30x_usart.o
    0x0800dd8e   0x0800dd8e   0x00000010   Code   RO         7290    i._Z18usart_stop_bit_setjj  gd32f30x_usart.o
    0x0800dd9e   0x0800dd9e   0x00000002   PAD
    0x0800dda0   0x0800dda0   0x00000058   Code   RO           19    i._Z19activityStartTimersv  main.o
    0x0800ddf8   0x0800ddf8   0x0000000a   Code   RO         3404    i._Z19adc_dma_mode_enablej  gd32f30x_adc.o
    0x0800de02   0x0800de02   0x000000e4   Code   RO         2995    i._Z19can_message_receivejhP26can_receive_message_struct  gd32f30x_can.o
    0x0800dee6   0x0800dee6   0x0000003a   Code   RO         4330    i._Z19dma_priority_configj16dma_channel_enumj  gd32f30x_dma.o
    0x0800df20   0x0800df20   0x00000030   Code   RO         4856    i._Z19fmc_bank0_state_getv  gd32f30x_fmc.o
    0x0800df50   0x0800df50   0x00000030   Code   RO         4857    i._Z19fmc_bank1_state_getv  gd32f30x_fmc.o
    0x0800df80   0x0800df80   0x00000008   Code   RO         7726    i._Z19system_clock_configv  system_gd32f30x.o
    0x0800df88   0x0800df88   0x00000008   Code   RO         7291    i._Z19usart_data_transmitjj  gd32f30x_usart.o
    0x0800df90   0x0800df90   0x00000010   Code   RO         7293    i._Z19usart_parity_configjj  gd32f30x_usart.o
    0x0800dfa0   0x0800dfa0   0x00000008   Code   RO         2997    i._Z20can_interrupt_enablejj  gd32f30x_can.o
    0x0800dfa8   0x0800dfa8   0x00000150   Code   RO         2998    i._Z20can_message_transmitjP27can_trasnmit_message_struct  gd32f30x_can.o
    0x0800e0f8   0x0800e0f8   0x000000a4   Code   RO         2999    i._Z20can_struct_para_init20can_struct_type_enumPv  gd32f30x_can.o
    0x0800e19c   0x0800e19c   0x00000022   Code   RO         4858    i._Z20fmc_bank0_ready_waitj  gd32f30x_fmc.o
    0x0800e1be   0x0800e1be   0x00000022   Code   RO         4859    i._Z20fmc_bank1_ready_waitj  gd32f30x_fmc.o
    0x0800e1e0   0x0800e1e0   0x00000018   Code   RO         5328    i._Z20i2c_mode_addr_configjjjj  gd32f30x_i2c.o
    0x0800e1f8   0x0800e1f8   0x0000006c   Code   RO         5773    i._Z20rcu_adc_clock_configj  gd32f30x_rcu.o
    0x0800e264   0x0800e264   0x00000014   Code   RO         5775    i._Z20rcu_bkp_reset_enablev  gd32f30x_rcu.o
    0x0800e278   0x0800e278   0x00000018   Code   RO         5778    i._Z20rcu_rtc_clock_configj  gd32f30x_rcu.o
    0x0800e290   0x0800e290   0x00000010   Code   RO         7295    i._Z20usart_receive_configjj  gd32f30x_usart.o
    0x0800e2a0   0x0800e2a0   0x0000002c   Code   RO         3408    i._Z21adc_interrupt_disablejj  gd32f30x_adc.o
    0x0800e2cc   0x0800e2cc   0x00000014   Code   RO         3410    i._Z21adc_resolution_configjj  gd32f30x_adc.o
    0x0800e2e0   0x0800e2e0   0x00000090   Code   RO         5171    i._Z21gpio_pin_remap_configj11EventStatus  gd32f30x_gpio.o
    0x0800e370   0x0800e370   0x00000014   Code   RO         5331    i._Z21i2c_master_addressingjjj  gd32f30x_i2c.o
    0x0800e384   0x0800e384   0x00000014   Code   RO         5542    i._Z21nvic_vector_table_setjj  gd32f30x_misc.o
    0x0800e398   0x0800e398   0x00000018   Code   RO         5781    i._Z21rcu_apb2_clock_configj  gd32f30x_rcu.o
    0x0800e3b0   0x0800e3b0   0x00000014   Code   RO         5782    i._Z21rcu_bkp_reset_disablev  gd32f30x_rcu.o
    0x0800e3c4   0x0800e3c4   0x00000004   Code   RO         6527    i._Z21spi_i2s_data_transmitjt  gd32f30x_spi.o
    0x0800e3c8   0x0800e3c8   0x00000010   Code   RO         7297    i._Z21usart_transmit_configjj  gd32f30x_usart.o
    0x0800e3d8   0x0800e3d8   0x00000010   Code   RO         7298    i._Z21usart_word_length_setjj  gd32f30x_usart.o
    0x0800e3e8   0x0800e3e8   0x0000002a   Code   RO         3411    i._Z22adc_calibration_enablej  gd32f30x_adc.o
    0x0800e412   0x0800e412   0x00000002   PAD
    0x0800e414   0x0800e414   0x00000074   Code   RO         3004    i._Z22can_interrupt_flag_getj23can_interrupt_flag_enum  gd32f30x_can.o
    0x0800e488   0x0800e488   0x00000032   Code   RO         4333    i._Z22dma_circulation_enablej16dma_channel_enum  gd32f30x_dma.o
    0x0800e4ba   0x0800e4ba   0x00000002   PAD
    0x0800e4bc   0x0800e4bc   0x00000020   Code   RO         6065    i._Z22rtc_register_sync_waitv  gd32f30x_rtc.o
    0x0800e4dc   0x0800e4dc   0x0000000e   Code   RO         6810    i._Z22timer_prescaler_configjth  gd32f30x_timer.o
    0x0800e4ea   0x0800e4ea   0x0000001a   Code   RO         7299    i._Z22usart_interrupt_enablejj  gd32f30x_usart.o
    0x0800e504   0x0800e504   0x0000003a   Code   RO         4336    i._Z23dma_memory_width_configj16dma_channel_enumj  gd32f30x_dma.o
    0x0800e53e   0x0800e53e   0x0000003a   Code   RO         4337    i._Z23dma_periph_width_configj16dma_channel_enumj  gd32f30x_dma.o
    0x0800e578   0x0800e578   0x00000024   Code   RO         4742    i._Z23exti_interrupt_flag_get14exti_line_enum  gd32f30x_exti.o
    0x0800e59c   0x0800e59c   0x00000098   Code   RO         5172    i._Z23gpio_exti_source_selecthh  gd32f30x_gpio.o
    0x0800e634   0x0800e634   0x00000014   Code   RO         5545    i._Z23nvic_priority_group_setj  gd32f30x_misc.o
    0x0800e648   0x0800e648   0x00000014   Code   RO         5617    i._Z23pmu_backup_write_enablev  gd32f30x_pmu.o
    0x0800e65c   0x0800e65c   0x00000020   Code   RO         5786    i._Z23rcu_periph_clock_enable15rcu_periph_enum  gd32f30x_rcu.o
    0x0800e67c   0x0800e67c   0x00000020   Code   RO         5787    i._Z23rcu_periph_reset_enable21rcu_periph_reset_enum  gd32f30x_rcu.o
    0x0800e69c   0x0800e69c   0x00000110   Code   RO         7727    i._Z23system_clock_120m_hxtalv  system_gd32f30x.o
    0x0800e7ac   0x0800e7ac   0x00000014   Code   RO         7304    i._Z23usart_data_first_configjj  gd32f30x_usart.o
    0x0800e7c0   0x0800e7c0   0x0000001a   Code   RO         7307    i._Z23usart_interrupt_disablejj  gd32f30x_usart.o
    0x0800e7da   0x0800e7da   0x00000010   Code   RO         3007    i._Z24can_interrupt_flag_clearj23can_interrupt_flag_enum  gd32f30x_can.o
    0x0800e7ea   0x0800e7ea   0x00000002   PAD
    0x0800e7ec   0x0800e7ec   0x00000020   Code   RO         5791    i._Z24rcu_periph_reset_disable21rcu_periph_reset_enum  gd32f30x_rcu.o
    0x0800e80c   0x0800e80c   0x00000010   Code   RO         7310    i._Z24usart_dma_receive_configjj  gd32f30x_usart.o
    0x0800e81c   0x0800e81c   0x00000038   Code   RO         7312    i._Z24usart_interrupt_flag_getjj  gd32f30x_usart.o
    0x0800e854   0x0800e854   0x00000046   Code   RO         3415    i._Z25adc_channel_length_configjhj  gd32f30x_adc.o
    0x0800e89a   0x0800e89a   0x00000016   Code   RO         3416    i._Z25adc_data_alignment_configjj  gd32f30x_adc.o
    0x0800e8b0   0x0800e8b0   0x00000024   Code   RO         4340    i._Z25dma_memory_address_configj16dma_channel_enumj  gd32f30x_dma.o
    0x0800e8d4   0x0800e8d4   0x00000024   Code   RO         4341    i._Z25dma_periph_address_configj16dma_channel_enumj  gd32f30x_dma.o
    0x0800e8f8   0x0800e8f8   0x0000000c   Code   RO         4743    i._Z25exti_interrupt_flag_clear14exti_line_enum  gd32f30x_exti.o
    0x0800e904   0x0800e904   0x00000010   Code   RO         7314    i._Z25usart_dma_transmit_configjj  gd32f30x_usart.o
    0x0800e914   0x0800e914   0x000000ac   Code   RO         3419    i._Z26adc_regular_channel_configjhhj  gd32f30x_adc.o
    0x0800e9c0   0x0800e9c0   0x00000032   Code   RO         4342    i._Z26dma_memory_increase_enablej16dma_channel_enum  gd32f30x_dma.o
    0x0800e9f2   0x0800e9f2   0x00000026   Code   RO         4344    i._Z26dma_transfer_number_configj16dma_channel_enumj  gd32f30x_dma.o
    0x0800ea18   0x0800ea18   0x00000004   Code   RO         6818    i._Z26timer_counter_value_configjj  gd32f30x_timer.o
    0x0800ea1c   0x0800ea1c   0x0000001a   Code   RO         7315    i._Z26usart_interrupt_flag_clearjj  gd32f30x_usart.o
    0x0800ea36   0x0800ea36   0x0000003e   Code   RO         3420    i._Z27adc_external_trigger_configjh11EventStatus  gd32f30x_adc.o
    0x0800ea74   0x0800ea74   0x0000005a   Code   RO         3424    i._Z27adc_special_function_configjj11EventStatus  gd32f30x_adc.o
    0x0800eace   0x0800eace   0x00000032   Code   RO         4347    i._Z27dma_periph_increase_disablej16dma_channel_enum  gd32f30x_dma.o
    0x0800eb00   0x0800eb00   0x00000014   Code   RO         6066    i._Z27rtc_configuration_mode_exitv  gd32f30x_rtc.o
    0x0800eb14   0x0800eb14   0x000001ec   Code   RO         6823    i._Z27timer_channel_output_configjtP25timer_oc_parameter_struct  gd32f30x_timer.o
    0x0800ed00   0x0800ed00   0x00000018   Code   RO         6825    i._Z27timer_primary_output_configj11EventStatus  gd32f30x_timer.o
    0x0800ed18   0x0800ed18   0x00000018   Code   RO         4349    i._Z28dma_periph_and_channel_checkj16dma_channel_enum  gd32f30x_dma.o
    0x0800ed30   0x0800ed30   0x00000014   Code   RO         6067    i._Z28rtc_configuration_mode_enterv  gd32f30x_rtc.o
    0x0800ed44   0x0800ed44   0x00000014   Code   RO         3426    i._Z29adc_tempsensor_vrefint_enablev  gd32f30x_adc.o
    0x0800ed58   0x0800ed58   0x00000054   Code   RO         4350    i._Z29dma_transfer_direction_configj16dma_channel_enumj  gd32f30x_dma.o
    0x0800edac   0x0800edac   0x00000004   Code   RO         6828    i._Z29timer_autoreload_value_configjj  gd32f30x_timer.o
    0x0800edb0   0x0800edb0   0x0000001a   Code   RO         3012    i._Z30can_receive_message_length_getjh  gd32f30x_can.o
    0x0800edca   0x0800edca   0x0000001a   Code   RO         6834    i._Z30timer_master_slave_mode_configjh  gd32f30x_timer.o
    0x0800ede4   0x0800ede4   0x0000001a   Code   RO         6835    i._Z30timer_single_pulse_mode_configjh  gd32f30x_timer.o
    0x0800edfe   0x0800edfe   0x0000000a   Code   RO         6838    i._Z32timer_auto_reload_shadow_disablej  gd32f30x_timer.o
    0x0800ee08   0x0800ee08   0x0000005a   Code   RO         6839    i._Z32timer_channel_output_fast_configjtt  gd32f30x_timer.o
    0x0800ee62   0x0800ee62   0x0000005a   Code   RO         6840    i._Z32timer_channel_output_mode_configjtt  gd32f30x_timer.o
    0x0800eebc   0x0800eebc   0x00000030   Code   RO         3431    i._Z34adc_external_trigger_source_configjhj  gd32f30x_adc.o
    0x0800eeec   0x0800eeec   0x0000005a   Code   RO         6846    i._Z34timer_channel_output_shadow_configjtt  gd32f30x_timer.o
    0x0800ef46   0x0800ef46   0x00000026   Code   RO         6853    i._Z39timer_channel_output_pulse_value_configjtj  gd32f30x_timer.o
    0x0800ef6c   0x0800ef6c   0x00000010   Code   RO         6855    i._Z41timer_master_output_trigger_source_selectjj  gd32f30x_timer.o
    0x0800ef7c   0x0800ef7c   0x0000007c   Code   RO           20    i._Z7initAllv       main.o
    0x0800eff8   0x0800eff8   0x00000122   Code   RO         3013    i._Z8can_initjP20can_parameter_struct  gd32f30x_can.o
    0x0800f11a   0x0800f11a   0x00000002   PAD
    0x0800f11c   0x0800f11c   0x0000002c   Code   RO         4869    i._Z8fmc_lockv      gd32f30x_fmc.o
    0x0800f148   0x0800f148   0x00000108   Code   RO           22    i._Z8setNewIdv      main.o
    0x0800f250   0x0800f250   0x00000032   Code   RO         6542    i._Z8spi_initjP20spi_parameter_struct  gd32f30x_spi.o
    0x0800f282   0x0800f282   0x00000002   PAD
    0x0800f284   0x0800f284   0x000000b8   Code   RO         4746    i._Z9exti_init14exti_line_enum14exti_mode_enum19exti_trig_type_enum  gd32f30x_exti.o
    0x0800f33c   0x0800f33c   0x000000a4   Code   RO         5178    i._Z9gpio_initjjjj  gd32f30x_gpio.o
    0x0800f3e0   0x0800f3e0   0x0000033c   Code   RO           23    i._Z9readSetupv     main.o
    0x0800f71c   0x0800f71c   0x00000078   Code   RO           24    i._Z9setNewKeyv     main.o
    0x0800f794   0x0800f794   0x00000124   Code   RO          943    i._ZN10SetupClock10viewMinuteEb  setup_clock.o
    0x0800f8b8   0x0800f8b8   0x000000b4   Code   RO          944    i._ZN10SetupClock10viewScreenEv  setup_clock.o
    0x0800f96c   0x0800f96c   0x00000048   Code   RO          945    i._ZN10SetupClock11setPositionEb  setup_clock.o
    0x0800f9b4   0x0800f9b4   0x00000170   Code   RO          946    i._ZN10SetupClock14viewCorrectionEb  setup_clock.o
    0x0800fb24   0x0800fb24   0x000005d4   Code   RO          947    i._ZN10SetupClock7handlerEv  setup_clock.o
    0x080100f8   0x080100f8   0x00000260   Code   RO          948    i._ZN10SetupClock8viewHourEb  setup_clock.o
    0x08010358   0x08010358   0x00000140   Code   RO          949    i._ZN10SetupClock8viewWeekEb  setup_clock.o
    0x08010498   0x08010498   0x00000002   Code   RO          950    i._ZN10SetupClockC1Ev  setup_clock.o
    0x0801049a   0x0801049a   0x00000002   PAD
    0x0801049c   0x0801049c   0x0000006c   Code   RO         1186    i._ZN10StartTimer10viewButtonEv  start_timer.o
    0x08010508   0x08010508   0x00000e78   Code   RO         1187    i._ZN10StartTimer10viewScreenEh  start_timer.o
    0x08011380   0x08011380   0x00000034   Code   RO         1188    i._ZN10StartTimer16viewScreenChangeEv  start_timer.o
    0x080113b4   0x080113b4   0x0000000c   Code   RO         1192    i._ZN10StartTimerC1Ev  start_timer.o
    0x080113c0   0x080113c0   0x00000050   Code   RO         2309    i._ZN11CAN_PGN_RVC10msgFurnaceEv  pgn_rvc.o
    0x08011410   0x08011410   0x00000058   Code   RO         2310    i._ZN11CAN_PGN_RVC10msgHcuInfoEv  pgn_rvc.o
    0x08011468   0x08011468   0x00000016   Code   RO         2311    i._ZN11CAN_PGN_RVC11generateAIDEhjh  pgn_rvc.o
    0x0801147e   0x0801147e   0x00000002   PAD
    0x08011480   0x08011480   0x00000060   Code   RO         2312    i._ZN11CAN_PGN_RVC12msgPanelInfoEv  pgn_rvc.o
    0x080114e0   0x080114e0   0x000000ac   Code   RO         2313    i._ZN11CAN_PGN_RVC13msgExtMessageEv  pgn_rvc.o
    0x0801158c   0x0801158c   0x00000060   Code   RO         2314    i._ZN11CAN_PGN_RVC13msgHeaterInfoEv  pgn_rvc.o
    0x080115ec   0x080115ec   0x00000098   Code   RO         2315    i._ZN11CAN_PGN_RVC14msgAmbientTempEv  pgn_rvc.o
    0x08011684   0x08011684   0x000000a0   Code   RO         2316    i._ZN11CAN_PGN_RVC14msgThermostat1Ev  pgn_rvc.o
    0x08011724   0x08011724   0x00000044   Code   RO         2317    i._ZN11CAN_PGN_RVC14msgThermostat2Ev  pgn_rvc.o
    0x08011768   0x08011768   0x000000d8   Code   RO         2318    i._ZN11CAN_PGN_RVC14msgWaterHeaterEv  pgn_rvc.o
    0x08011840   0x08011840   0x00000054   Code   RO         2319    i._ZN11CAN_PGN_RVC15msgWaterHeater2Ev  pgn_rvc.o
    0x08011894   0x08011894   0x000000d4   Code   RO         2320    i._ZN11CAN_PGN_RVC20msgDiagnosticMessageEv  pgn_rvc.o
    0x08011968   0x08011968   0x0000004c   Code   RO         2321    i._ZN11CAN_PGN_RVC20msgTimersSetupStatusEv  pgn_rvc.o
    0x080119b4   0x080119b4   0x000000b4   Code   RO         2322    i._ZN11CAN_PGN_RVC22msgThermostatSchedule1Eh  pgn_rvc.o
    0x08011a68   0x08011a68   0x00000044   Code   RO         2323    i._ZN11CAN_PGN_RVC24msgCirculationPumpStatusEv  pgn_rvc.o
    0x08011aac   0x08011aac   0x000000f0   Code   RO         2324    i._ZN11CAN_PGN_RVC9msgTimersEv  pgn_rvc.o
    0x08011b9c   0x08011b9c   0x00000006   Code   RO         2325    i._ZN11CAN_PGN_RVCC1Ev  pgn_rvc.o
    0x08011ba2   0x08011ba2   0x00000002   PAD
    0x08011ba4   0x08011ba4   0x00000014   Code   RO          747    i._ZN11StartTimers10viewScreenEv  start_timers.o
    0x08011bb8   0x08011bb8   0x00000018   Code   RO          748    i._ZN11StartTimers7handlerEv  start_timers.o
    0x08011bd0   0x08011bd0   0x00000002   Code   RO          749    i._ZN11StartTimersC1Ev  start_timers.o
    0x08011bd2   0x08011bd2   0x00000002   PAD
    0x08011bd4   0x08011bd4   0x0000016c   Code   RO         2474    i._ZN11Temperature10initializeEv  temperature.o
    0x08011d40   0x08011d40   0x000000b8   Code   RO         2475    i._ZN11Temperature21steinhartHartEquationEf  temperature.o
    0x08011df8   0x08011df8   0x00000220   Code   RO         2476    i._ZN11Temperature7requestEv  temperature.o
    0x08012018   0x08012018   0x00000002   Code   RO         2478    i._ZN11TemperatureC1Ev  temperature.o
    0x0801201a   0x0801201a   0x00000002   PAD
    0x0801201c   0x0801201c   0x00000158   Code   RO         2164    i._ZN3Can10initializeEv  can.o
    0x08012174   0x08012174   0x00000050   Code   RO         2166    i._ZN3Can11SaveMessageEv  can.o
    0x080121c4   0x080121c4   0x000000f4   Code   RO         2167    i._ZN3Can11SendMessageEjhhhhhhhh  can.o
    0x080122b8   0x080122b8   0x000000a0   Code   RO         2168    i._ZN3Can7handlerEv  can.o
    0x08012358   0x08012358   0x0000003e   Code   RO         2169    i._ZN3CanC1Ev       can.o
    0x08012396   0x08012396   0x00000002   PAD
    0x08012398   0x08012398   0x000002f8   Code   RO         3227    i._ZN3Hcu7handlerEv  hcu.o
    0x08012690   0x08012690   0x000005f8   Code   RO         3228    i._ZN3Hcu7parsingEv  hcu.o
    0x08012c88   0x08012c88   0x00000008   Code   RO         3230    i._ZN3HcuC1Ev       hcu.o
    0x08012c90   0x08012c90   0x00000084   Code   RO         1742    i._ZN4Core10initializeEv  core.o
    0x08012d14   0x08012d14   0x00000012   Code   RO         1743    i._ZN4Core10remapTableEv  core.o
    0x08012d26   0x08012d26   0x00000002   PAD
    0x08012d28   0x08012d28   0x00000024   Code   RO         1747    i._ZN4Core7delayMsEj  core.o
    0x08012d4c   0x08012d4c   0x00000040   Code   RO         1748    i._ZN4Core7delayUsEj  core.o
    0x08012d8c   0x08012d8c   0x00000006   Code   RO         1749    i._ZN4Core7getTickEv  core.o
    0x08012d92   0x08012d92   0x00000002   PAD
    0x08012d94   0x08012d94   0x0000007c   Code   RO         1750    i._ZN4Core7incTickEv  core.o
    0x08012e10   0x08012e10   0x0000001c   Code   RO         1751    i._ZN4Core8celToFarEf  core.o
    0x08012e2c   0x08012e2c   0x00000020   Code   RO         1752    i._ZN4Core8farToCelEf  core.o
    0x08012e4c   0x08012e4c   0x00000010   Code   RO         1754    i._ZN4Core8getTimerEv  core.o
    0x08012e5c   0x08012e5c   0x00000008   Code   RO         1755    i._ZN4Core8setTimerEj  core.o
    0x08012e64   0x08012e64   0x0000000c   Code   RO         1757    i._ZN4CoreC1Ev      core.o
    0x08012e70   0x08012e70   0x00000048   Code   RO         1073    i._ZN4Text10writeDigitEttPKcjh  text.o
    0x08012eb8   0x08012eb8   0x000002b4   Code   RO         1074    i._ZN4Text11decToStringEPci  text.o
    0x0801316c   0x0801316c   0x00000070   Code   RO         1075    i._ZN4Text11writeStringEttPKc7FontDefjj  text.o
    0x080131dc   0x080131dc   0x00000020   Code   RO         1076    i._ZN4Text12charToStringEPcPKc  text.o
    0x080131fc   0x080131fc   0x00000014   Code   RO         1077    i._ZN4Text12getLenStringEPKc  text.o
    0x08013210   0x08013210   0x0000018c   Code   RO         1078    i._ZN4Text13floatToStringEPcfh  text.o
    0x0801339c   0x0801339c   0x000000a0   Code   RO         1079    i._ZN4Text13writeCharOverEttc7FontDefjjh  text.o
    0x0801343c   0x0801343c   0x000007e0   Code   RO         1080    i._ZN4Text13writeOneDigitEttcjh  text.o
    0x08013c1c   0x08013c1c   0x000002fc   Code   RO         1081    i._ZN4Text14decToStringFixEPcih  text.o
    0x08013f18   0x08013f18   0x00000086   Code   RO         1083    i._ZN4Text15writeStringOverEssPc7FontDefjjh  text.o
    0x08013f9e   0x08013f9e   0x00000088   Code   RO         1084    i._ZN4Text17writeStringCenterEttPKc7FontDefjj  text.o
    0x08014026   0x08014026   0x00000002   PAD
    0x08014028   0x08014028   0x0000009c   Code   RO         1085    i._ZN4Text9writeCharEttc7FontDefjj  text.o
    0x080140c4   0x080140c4   0x00000002   Code   RO         1086    i._ZN4TextC1Ev      text.o
    0x080140c6   0x080140c6   0x00000002   PAD
    0x080140c8   0x080140c8   0x00000028   Code   RO         1021    i._ZN5About10viewScreenEv  about.o
    0x080140f0   0x080140f0   0x00000058   Code   RO         1022    i._ZN5About11sensorCheckEv  about.o
    0x08014148   0x08014148   0x00000010   Code   RO         1023    i._ZN5About11viewHandlerEv  about.o
    0x08014158   0x08014158   0x00000002   Code   RO         1024    i._ZN5AboutC1Ev     about.o
    0x0801415a   0x0801415a   0x00000002   PAD
    0x0801415c   0x0801415c   0x00000090   Code   RO         1512    i._ZN5Clock10drawMinuteEth  clock.o
    0x080141ec   0x080141ec   0x00000078   Code   RO         1513    i._ZN5Clock10drawSecondEth  clock.o
    0x08014264   0x08014264   0x00000118   Code   RO         1514    i._ZN5Clock10initializeEv  clock.o
    0x0801437c   0x0801437c   0x00000014   Code   RO         1515    i._ZN5Clock10resetTimerEv  clock.o
    0x08014390   0x08014390   0x000000c4   Code   RO         1516    i._ZN5Clock10timeUpdateEv  clock.o
    0x08014454   0x08014454   0x000003fc   Code   RO         1517    i._ZN5Clock11sensorCheckEv  clock.o
    0x08014850   0x08014850   0x000001fc   Code   RO         1518    i._ZN5Clock11viewAnClockEh  clock.o
    0x08014a4c   0x08014a4c   0x0000004c   Code   RO         1520    i._ZN5Clock12timeRegulateEv  clock.o
    0x08014a98   0x08014a98   0x00000058   Code   RO         1523    i._ZN5Clock15clearDrawMinuteEth  clock.o
    0x08014af0   0x08014af0   0x00000054   Code   RO         1524    i._ZN5Clock15clearDrawSecondEth  clock.o
    0x08014b44   0x08014b44   0x000001fe   Code   RO         1525    i._ZN5Clock15viewAnClockHourEPcPah  clock.o
    0x08014d42   0x08014d42   0x00000002   PAD
    0x08014d44   0x08014d44   0x00000060   Code   RO         1526    i._ZN5Clock17setColorGridClockEc  clock.o
    0x08014da4   0x08014da4   0x0000020c   Code   RO         1527    i._ZN5Clock17viewAnClockMinuteEv  clock.o
    0x08014fb0   0x08014fb0   0x0000023e   Code   RO         1528    i._ZN5Clock17viewAnClockSecondEv  clock.o
    0x080151ee   0x080151ee   0x00000002   PAD
    0x080151f0   0x080151f0   0x00000224   Code   RO         1531    i._ZN5Clock18viewCenterDigClockEc  clock.o
    0x08015414   0x08015414   0x00000044   Code   RO         1534    i._ZN5Clock6configEv  clock.o
    0x08015458   0x08015458   0x00000012   Code   RO         1535    i._ZN5Clock7handlerEv  clock.o
    0x0801546a   0x0801546a   0x00000002   PAD
    0x0801546c   0x0801546c   0x0000015c   Code   RO         1536    i._ZN5Clock8drawHourEtc  clock.o
    0x080155c8   0x080155c8   0x0000001c   Code   RO         1537    i._ZN5Clock8getTimerEv  clock.o
    0x080155e4   0x080155e4   0x0000001c   Code   RO         1538    i._ZN5Clock8isTimeOkEv  clock.o
    0x08015600   0x08015600   0x00000018   Code   RO         1539    i._ZN5Clock8setTimerEj  clock.o
    0x08015618   0x08015618   0x000000d4   Code   RO         1540    i._ZN5ClockC1Ev     clock.o
    0x080156ec   0x080156ec   0x00000090   Code   RO          483    i._ZN5Error10viewScreenEv  error.o
    0x0801577c   0x0801577c   0x00000078   Code   RO          484    i._ZN5Error11buttonPressEv  error.o
    0x080157f4   0x080157f4   0x00000088   Code   RO          485    i._ZN5Error11sensorCheckEv  error.o
    0x0801587c   0x0801587c   0x00000024   Code   RO          486    i._ZN5Error11viewHandlerEv  error.o
    0x080158a0   0x080158a0   0x000000dc   Code   RO          487    i._ZN5Error8viewModeEv  error.o
    0x0801597c   0x0801597c   0x00000240   Code   RO          488    i._ZN5Error9viewErrorEh  error.o
    0x08015bbc   0x08015bbc   0x00000002   Code   RO          489    i._ZN5ErrorC1Ev     error.o
    0x08015bbe   0x08015bbe   0x00000002   PAD
    0x08015bc0   0x08015bc0   0x00000068   Code   RO          837    i._ZN5Setup10viewScreenEv  setup.o
    0x08015c28   0x08015c28   0x000004fc   Code   RO          838    i._ZN5Setup11viewScreen1Eh  setup.o
    0x08016124   0x08016124   0x00000350   Code   RO          839    i._ZN5Setup12viewScreen10Eh  setup.o
    0x08016474   0x08016474   0x00000bc0   Code   RO          840    i._ZN5Setup12viewScreen11Eh  setup.o
    0x08017034   0x08017034   0x000004b4   Code   RO          841    i._ZN5Setup12viewScreen12Eh  setup.o
    0x080174e8   0x080174e8   0x000005d4   Code   RO          842    i._ZN5Setup12viewScreen13Eh  setup.o
    0x08017abc   0x08017abc   0x0000030c   Code   RO          843    i._ZN5Setup12viewScreen14Eh  setup.o
    0x08017dc8   0x08017dc8   0x00000460   Code   RO          844    i._ZN5Setup12viewScreen15Eh  setup.o
    0x08018228   0x08018228   0x00000280   Code   RO          845    i._ZN5Setup13viewScreen100Eh  setup.o
    0x080184a8   0x080184a8   0x00000034   Code   RO          846    i._ZN5Setup16viewScreenChangeEv  setup.o
    0x080184dc   0x080184dc   0x00000124   Code   RO          847    i._ZN5Setup7handlerEv  setup.o
    0x08018600   0x08018600   0x0000008a   Code   RO          848    i._ZN5Setup8viewPageEhh  setup.o
    0x0801868a   0x0801868a   0x00000008   Code   RO          849    i._ZN5SetupC1Ev     setup.o
    0x08018692   0x08018692   0x00000002   PAD
    0x08018694   0x08018694   0x00000064   Code   RO          675    i._ZN5Sleep10viewScreenEv  sleep.o
    0x080186f8   0x080186f8   0x00000124   Code   RO          676    i._ZN5Sleep11setLowPowerEb  sleep.o
    0x0801881c   0x0801881c   0x00000028   Code   RO          677    i._ZN5Sleep14checkSleepModeEv  sleep.o
    0x08018844   0x08018844   0x000000f0   Code   RO          678    i._ZN5Sleep7handlerEv  sleep.o
    0x08018934   0x08018934   0x00000002   Code   RO          679    i._ZN5SleepC1Ev     sleep.o
    0x08018936   0x08018936   0x00000002   PAD
    0x08018938   0x08018938   0x000000b4   Code   RO         3309    i._ZN5Usart10initializeEv  usart.o
    0x080189ec   0x080189ec   0x00000028   Code   RO         3310    i._ZN5Usart14changeBaudrateEj  usart.o
    0x08018a14   0x08018a14   0x0000006a   Code   RO         3311    i._ZN5Usart14processTimeOutEv  usart.o
    0x08018a7e   0x08018a7e   0x00000002   PAD
    0x08018a80   0x08018a80   0x00000068   Code   RO         3312    i._ZN5Usart16transmitNextByteEv  usart.o
    0x08018ae8   0x08018ae8   0x0000002c   Code   RO         3313    i._ZN5Usart17receiveIntHandlerEh  usart.o
    0x08018b14   0x08018b14   0x0000012c   Code   RO         3314    i._ZN5Usart17startTransmissionEv  usart.o
    0x08018c40   0x08018c40   0x000001b0   Code   RO         3315    i._ZN5Usart19processReceivedDataEv  usart.o
    0x08018df0   0x08018df0   0x00000020   Code   RO         3317    i._ZN5UsartC1Ev     usart.o
    0x08018e10   0x08018e10   0x00000120   Code   RO         1934    i._ZN6Canvas10drawSliderEsshc  canvas.o
    0x08018f30   0x08018f30   0x0000009c   Code   RO         1935    i._ZN6Canvas10writeMinusEtt  canvas.o
    0x08018fcc   0x08018fcc   0x00000028   Code   RO         1936    i._ZN6Canvas10writePixelEssj  canvas.o
    0x08018ff4   0x08018ff4   0x0000016c   Code   RO         1939    i._ZN6Canvas13drawRoundRectEttttjjj  canvas.o
    0x08019160   0x08019160   0x000000d4   Code   RO         1940    i._ZN6Canvas13writeFillRectEttttj  canvas.o
    0x08019234   0x08019234   0x0000047c   Code   RO         1941    i._ZN6Canvas14drawSliderSlimEsshbj  canvas.o
    0x080196b0   0x080196b0   0x0000017c   Code   RO         1943    i._ZN6Canvas14loadImageColorEttjj  canvas.o
    0x0801982c   0x0801982c   0x00000150   Code   RO         1945    i._ZN6Canvas15loadImageEffectEttjjh  canvas.o
    0x0801997c   0x0801997c   0x00000060   Code   RO         1946    i._ZN6Canvas15writePixelCountEssPjh  canvas.o
    0x080199dc   0x080199dc   0x0000005c   Code   RO         1949    i._ZN6Canvas16writePixelDoubleEssjj  canvas.o
    0x08019a38   0x08019a38   0x0000015c   Code   RO         1950    i._ZN6Canvas18loadImageEffectRedEttjj  canvas.o
    0x08019b94   0x08019b94   0x00000158   Code   RO         1951    i._ZN6Canvas18loadImageOverColorEttjjhj  canvas.o
    0x08019cec   0x08019cec   0x000001ac   Code   RO         1954    i._ZN6Canvas19loadImageEffectPolyEttjjh  canvas.o
    0x08019e98   0x08019e98   0x000003e0   Code   RO         1957    i._ZN6Canvas20drawSliderSlimDoubleEsshhh  canvas.o
    0x0801a278   0x0801a278   0x0000019c   Code   RO         1962    i._ZN6Canvas8clearDotEttcc  canvas.o
    0x0801a414   0x0801a414   0x00000a60   Code   RO         1963    i._ZN6Canvas8writeDotEttcc  canvas.o
    0x0801ae74   0x0801ae74   0x00000174   Code   RO         1964    i._ZN6Canvas9loadImageEttj  canvas.o
    0x0801afe8   0x0801afe8   0x0000009c   Code   RO         1965    i._ZN6Canvas9writePlusEtt  canvas.o
    0x0801b084   0x0801b084   0x00000002   Code   RO         1966    i._ZN6CanvasC1Ev    canvas.o
    0x0801b086   0x0801b086   0x00000002   PAD
    0x0801b088   0x0801b088   0x000003a8   Code   RO         2545    i._ZN6Memory10lockMemoryEb  memory.o
    0x0801b430   0x0801b430   0x00000044   Code   RO         2546    i._ZN6Memory10quadInInitEv  memory.o
    0x0801b474   0x0801b474   0x00000088   Code   RO         2547    i._ZN6Memory10quadReceivEv  memory.o
    0x0801b4fc   0x0801b4fc   0x00000058   Code   RO         2548    i._ZN6Memory10readStatusEv  memory.o
    0x0801b554   0x0801b554   0x00000044   Code   RO         2549    i._ZN6Memory11quadOutInitEv  memory.o
    0x0801b598   0x0801b598   0x0000003c   Code   RO         2551    i._ZN6Memory11writeEnableEv  memory.o
    0x0801b5d4   0x0801b5d4   0x0000003c   Code   RO         2553    i._ZN6Memory12writeDisableEv  memory.o
    0x0801b610   0x0801b610   0x0000022c   Code   RO         2555    i._ZN6Memory14initializeQuadEv  memory.o
    0x0801b83c   0x0801b83c   0x0000003c   Code   RO         2556    i._ZN6Memory19volatileWriteEnableEv  memory.o
    0x0801b878   0x0801b878   0x00000022   Code   RO         2557    i._ZN6Memory4readEPhh  memory.o
    0x0801b89a   0x0801b89a   0x00000002   PAD
    0x0801b89c   0x0801b89c   0x000000a4   Code   RO         2558    i._ZN6Memory5identEv  memory.o
    0x0801b940   0x0801b940   0x00000020   Code   RO         2560    i._ZN6Memory5writeEPhh  memory.o
    0x0801b960   0x0801b960   0x000000b8   Code   RO         2562    i._ZN6Memory7initSpiEv  memory.o
    0x0801ba18   0x0801ba18   0x0000003c   Code   RO         2563    i._ZN6Memory7powerUpEv  memory.o
    0x0801ba54   0x0801ba54   0x00000068   Code   RO         2564    i._ZN6Memory7spiSendEh  memory.o
    0x0801babc   0x0801babc   0x0000009c   Code   RO         2566    i._ZN6Memory8quadSendEh  memory.o
    0x0801bb58   0x0801bb58   0x000000b8   Code   RO         2567    i._ZN6Memory8readPageEPhjj  memory.o
    0x0801bc10   0x0801bc10   0x000000b8   Code   RO          400    i._ZN6Search10viewScreenEv  search.o
    0x0801bcc8   0x0801bcc8   0x0000010c   Code   RO          401    i._ZN6Search11sensorCheckEv  search.o
    0x0801bdd4   0x0801bdd4   0x00000074   Code   RO          402    i._ZN6Search11viewConnectEb  search.o
    0x0801be48   0x0801be48   0x0000001a   Code   RO          403    i._ZN6Search11viewHandlerEv  search.o
    0x0801be62   0x0801be62   0x00000002   Code   RO          404    i._ZN6SearchC1Ev    search.o
    0x0801be64   0x0801be64   0x00000048   Code   RO         2887    i._ZN6Sensor10initButtonEv  sensor.o
    0x0801beac   0x0801beac   0x000000c4   Code   RO         2888    i._ZN6Sensor10initializeEv  sensor.o
    0x0801bf70   0x0801bf70   0x00000230   Code   RO         2891    i._ZN6Sensor4readEPhhh  sensor.o
    0x0801c1a0   0x0801c1a0   0x00000050   Code   RO         2893    i._ZN6Sensor7handlerEv  sensor.o
    0x0801c1f0   0x0801c1f0   0x000000e4   Code   RO         2894    i._ZN6Sensor8testProgEv  sensor.o
    0x0801c2d4   0x0801c2d4   0x00000068   Code   RO         1263    i._ZN6Slider10drawDoubleEtthhPKcbPbh  slider.o
    0x0801c33c   0x0801c33c   0x0000018c   Code   RO         1264    i._ZN6Slider10initializeEv  slider.o
    0x0801c4c8   0x0801c4c8   0x000000a0   Code   RO         1265    i._ZN6Slider10viewScreenEv  slider.o
    0x0801c568   0x0801c568   0x00000494   Code   RO         1266    i._ZN6Slider10viewStringEv  slider.o
    0x0801c9fc   0x0801c9fc   0x000001e0   Code   RO         1267    i._ZN6Slider11drawDigGridEv  slider.o
    0x0801cbdc   0x0801cbdc   0x00000044   Code   RO         1268    i._ZN6Slider11getPositionEPtS0_t  slider.o
    0x0801cc20   0x0801cc20   0x00000028   Code   RO         1269    i._ZN6Slider11setPositionEs  slider.o
    0x0801cc48   0x0801cc48   0x000001b0   Code   RO         1270    i._ZN6Slider11textDigGridEtj  slider.o
    0x0801cdf8   0x0801cdf8   0x0000005c   Code   RO         1271    i._ZN6Slider11viewDigLeftEt  slider.o
    0x0801ce54   0x0801ce54   0x00000062   Code   RO         1272    i._ZN6Slider12checkDigGridEt  slider.o
    0x0801ceb6   0x0801ceb6   0x00000042   Code   RO         1273    i._ZN6Slider12clearDigLeftEt  slider.o
    0x0801cef8   0x0801cef8   0x000001d8   Code   RO         1274    i._ZN6Slider12eraseDigGridEv  slider.o
    0x0801d0d0   0x0801d0d0   0x000000a0   Code   RO         1275    i._ZN6Slider12viewDigRightEt  slider.o
    0x0801d170   0x0801d170   0x000003f8   Code   RO         1276    i._ZN6Slider12viewGridSensEtjb  slider.o
    0x0801d568   0x0801d568   0x000003ec   Code   RO         1277    i._ZN6Slider12viewPositionEv  slider.o
    0x0801d954   0x0801d954   0x00000058   Code   RO         1278    i._ZN6Slider13clearDigRightEt  slider.o
    0x0801d9ac   0x0801d9ac   0x000002e8   Code   RO         1279    i._ZN6Slider14viewGridInvertEtj  slider.o
    0x0801dc94   0x0801dc94   0x0000005a   Code   RO         1280    i._ZN6Slider18getCorrectXDigGridEt7FontDefh  slider.o
    0x0801dcee   0x0801dcee   0x00000004   Code   RO         1283    i._ZN6Slider6setValEt  slider.o
    0x0801dcf2   0x0801dcf2   0x00000002   PAD
    0x0801dcf4   0x0801dcf4   0x000001f8   Code   RO         1284    i._ZN6Slider8drawSlimEttfPKcbPbbjh  slider.o
    0x0801deec   0x0801deec   0x00000258   Code   RO         1285    i._ZN6Slider8drawSlimEttfPKctcbPbbjh  slider.o
    0x0801e144   0x0801e144   0x000002e4   Code   RO         1286    i._ZN6Slider8viewGridEtj  slider.o
    0x0801e428   0x0801e428   0x000001ec   Code   RO         1287    i._ZN6Slider9setMinMaxEshhhh  slider.o
    0x0801e614   0x0801e614   0x000002bc   Code   RO          553    i._ZN6System10viewScreenEb  system.o
    0x0801e8d0   0x0801e8d0   0x0000008c   Code   RO          554    i._ZN6System11buttonCheckEh  system.o
    0x0801e95c   0x0801e95c   0x00000002   Code   RO          555    i._ZN6System11buttonPressEv  system.o
    0x0801e95e   0x0801e95e   0x00000040   Code   RO          556    i._ZN6System11changeScaleEhhhhhhhh  system.o
    0x0801e99e   0x0801e99e   0x00000002   PAD
    0x0801e9a0   0x0801e9a0   0x000009a8   Code   RO          557    i._ZN6System11sensorCheckEv  system.o
    0x0801f348   0x0801f348   0x00000090   Code   RO          558    i._ZN6System11viewHandlerEv  system.o
    0x0801f3d8   0x0801f3d8   0x00000108   Code   RO          559    i._ZN6System11viewMessageEPc  system.o
    0x0801f4e0   0x0801f4e0   0x0000002c   Code   RO          560    i._ZN6System12checkConnectEv  system.o
    0x0801f50c   0x0801f50c   0x00000024   Code   RO          561    i._ZN6System12viewDurationEbt  system.o
    0x0801f530   0x0801f530   0x00000170   Code   RO          562    i._ZN6System12viewDurationEv  system.o
    0x0801f6a0   0x0801f6a0   0x000001a0   Code   RO          563    i._ZN6System13checkDayNightEv  system.o
    0x0801f840   0x0801f840   0x00000424   Code   RO          564    i._ZN6System15viewTemperatureEb  system.o
    0x0801fc64   0x0801fc64   0x000000d4   Code   RO          565    i._ZN6System8viewModeEv  system.o
    0x0801fd38   0x0801fd38   0x00000040   Code   RO          566    i._ZN6SystemC1Ehhhhhhhh  system.o
    0x0801fd78   0x0801fd78   0x00000170   Code   RO         2755    i._ZN7Display10initPeriphEv  display.o
    0x0801fee8   0x0801fee8   0x000001b8   Code   RO         2756    i._ZN7Display10initializeEv  display.o
    0x080200a0   0x080200a0   0x00000030   Code   RO         2758    i._ZN7Display10writeColorEj  display.o
    0x080200d0   0x080200d0   0x00000058   Code   RO         2759    i._ZN7Display12writeCommandEh  display.o
    0x08020128   0x08020128   0x0000008e   Code   RO         2760    i._ZN7Display13setAddrWindowEtttt  display.o
    0x080201b6   0x080201b6   0x00000002   PAD
    0x080201b8   0x080201b8   0x00000044   Code   RO         2763    i._ZN7Display14writeColorFastEj  display.o
    0x080201fc   0x080201fc   0x00000016   Code   RO         2765    i._ZN7Display7turnOffEv  display.o
    0x08020212   0x08020212   0x00000002   PAD
    0x08020214   0x08020214   0x0000001c   Code   RO         2766    i._ZN7Display8getTimerEv  display.o
    0x08020230   0x08020230   0x00000014   Code   RO         2767    i._ZN7Display8setLightEt  display.o
    0x08020244   0x08020244   0x00000018   Code   RO         2768    i._ZN7Display8setTimerEj  display.o
    0x0802025c   0x0802025c   0x00000016   Code   RO         2769    i._ZN7Display8switchOnEv  display.o
    0x08020272   0x08020272   0x00000002   PAD
    0x08020274   0x08020274   0x00000060   Code   RO         2770    i._ZN7Display9writeDataEh  display.o
    0x080202d4   0x080202d4   0x00000016   Code   RO         2771    i._ZN7DisplayC1Ev   display.o
    0x080202ea   0x080202ea   0x00000002   PAD
    0x080202ec   0x080202ec   0x000000a8   Code   RO         1466    i._ZN8Checkbox4drawEttPKcPc  checkbox.o
    0x08020394   0x08020394   0x00000098   Code   RO         1467    i._ZN8Checkbox4drawEttPKcb  checkbox.o
    0x0802042c   0x0802042c   0x00000002   Code   RO         1468    i._ZN8CheckboxC1Ev  checkbox.o
    0x0802042e   0x0802042e   0x00000002   PAD
    0x08020430   0x08020430   0x000000a0   Code   RO         3191    i._ZN8UnixTime10calToTimerEv  unix_time.o
    0x080204d0   0x080204d0   0x00000110   Code   RO         3192    i._ZN8UnixTime10timerToCalEm  unix_time.o
    0x080205e0   0x080205e0   0x00000550   Code   RO         2248    i._ZN9RVCModule14ProcessMessageEh  rvc.o
    0x08020b30   0x08020b30   0x000001e0   Code   RO         2249    i._ZN9RVCModule15TransmitMessageEv  rvc.o
    0x08020d10   0x08020d10   0x000002a0   Code   RO         2250    i._ZN9RVCModule7handlerEv  rvc.o
    0x08020fb0   0x08020fb0   0x00000002   Code   RO         2251    i._ZN9RVCModuleC1Ev  rvc.o
    0x08020fb2   0x08020fb2   0x00000018   Code   RO         1433    i._ZSt3cosf         slider.o
    0x08020fca   0x08020fca   0x00000022   Code   RO         1707    i._ZSt3powfi        clock.o
    0x08020fec   0x08020fec   0x00000018   Code   RO         1439    i._ZSt3sinf         slider.o
    0x08021004   0x08021004   0x00000018   Code   RO         1713    i._ZSt4sqrtf        clock.o
    0x0802101c   0x0802101c   0x00000026   Code   RO         7995    i.__ARM_fpclassifyf  m_wm.l(fpclassifyf.o)
    0x08021042   0x08021042   0x00000010   Code   RO         7787    i.__cxa_guard_acquire  cpprt_w.l(cxa_guard_acquire.o)
    0x08021052   0x08021052   0x00000002   PAD
    0x08021054   0x08021054   0x00000150   Code   RO         7841    i.__hardfp_cosf     m_wm.l(cosf.o)
    0x080211a4   0x080211a4   0x0000016c   Code   RO         7853    i.__hardfp_logf     m_wm.l(logf.o)
    0x08021310   0x08021310   0x00000664   Code   RO         7867    i.__hardfp_powf     m_wm.l(powf.o)
    0x08021974   0x08021974   0x00000190   Code   RO         7893    i.__hardfp_sinf     m_wm.l(sinf.o)
    0x08021b04   0x08021b04   0x0000003a   Code   RO         7905    i.__hardfp_sqrtf    m_wm.l(sqrtf.o)
    0x08021b3e   0x08021b3e   0x00000002   PAD
    0x08021b40   0x08021b40   0x00000014   Code   RO         7997    i.__mathlib_flt_divzero  m_wm.l(funder.o)
    0x08021b54   0x08021b54   0x00000006   Code   RO         7998    i.__mathlib_flt_infnan  m_wm.l(funder.o)
    0x08021b5a   0x08021b5a   0x00000006   Code   RO         7999    i.__mathlib_flt_infnan2  m_wm.l(funder.o)
    0x08021b60   0x08021b60   0x00000010   Code   RO         8000    i.__mathlib_flt_invalid  m_wm.l(funder.o)
    0x08021b70   0x08021b70   0x00000010   Code   RO         8001    i.__mathlib_flt_overflow  m_wm.l(funder.o)
    0x08021b80   0x08021b80   0x00000010   Code   RO         8003    i.__mathlib_flt_underflow  m_wm.l(funder.o)
    0x08021b90   0x08021b90   0x00000154   Code   RO         8016    i.__mathlib_rredf2  m_wm.l(rredf.o)
    0x08021ce4   0x08021ce4   0x00000010   Code   RO         1967    i.__sti___10_canvas_cpp_canvas  canvas.o
    0x08021cf4   0x08021cf4   0x00000010   Code   RO          405    i.__sti___10_search_cpp_search  search.o
    0x08021d04   0x08021d04   0x0000002c   Code   RO         1288    i.__sti___10_slider_cpp_slider  slider.o
    0x08021d30   0x08021d30   0x0000002c   Code   RO          567    i.__sti___10_system_cpp_air  system.o
    0x08021d5c   0x08021d5c   0x00000010   Code   RO         2772    i.__sti___11_display_cpp_display  display.o
    0x08021d6c   0x08021d6c   0x00000010   Code   RO         2326    i.__sti___11_pgn_rvc_cpp_b5b58dd4  pgn_rvc.o
    0x08021d7c   0x08021d7c   0x00000010   Code   RO         1469    i.__sti___12_checkbox_cpp_checkbox  checkbox.o
    0x08021d8c   0x08021d8c   0x00000010   Code   RO          951    i.__sti___15_setup_clock_cpp_ccf099aa  setup_clock.o
    0x08021d9c   0x08021d9c   0x00000010   Code   RO         1193    i.__sti___15_start_timer_cpp_c98decc7  start_timer.o
    0x08021dac   0x08021dac   0x00000010   Code   RO         2479    i.__sti___15_temperature_cpp_be4e2a6c  temperature.o
    0x08021dbc   0x08021dbc   0x00000010   Code   RO          750    i.__sti___16_start_timers_cpp_1ec715f4  start_timers.o
    0x08021dcc   0x08021dcc   0x00000010   Code   RO         2170    i.__sti___7_can_cpp_can  can.o
    0x08021ddc   0x08021ddc   0x00000010   Code   RO         3231    i.__sti___7_hcu_cpp_hcu  hcu.o
    0x08021dec   0x08021dec   0x00000010   Code   RO         2252    i.__sti___7_rvc_cpp_rvc  rvc.o
    0x08021dfc   0x08021dfc   0x00000010   Code   RO         1758    i.__sti___8_core_cpp_core  core.o
    0x08021e0c   0x08021e0c   0x00000010   Code   RO         1087    i.__sti___8_text_cpp_text  text.o
    0x08021e1c   0x08021e1c   0x00000010   Code   RO         1025    i.__sti___9_about_cpp_about  about.o
    0x08021e2c   0x08021e2c   0x00000010   Code   RO         1541    i.__sti___9_clock_cpp_clock  clock.o
    0x08021e3c   0x08021e3c   0x00000010   Code   RO          490    i.__sti___9_error_cpp_error  error.o
    0x08021e4c   0x08021e4c   0x00000010   Code   RO          850    i.__sti___9_setup_cpp_setup  setup.o
    0x08021e5c   0x08021e5c   0x00000010   Code   RO          680    i.__sti___9_sleep_cpp_sleep  sleep.o
    0x08021e6c   0x08021e6c   0x00000010   Code   RO         3318    i.__sti___9_usart_cpp_usart  usart.o
    0x08021e7c   0x08021e7c   0x000000e8   Code   RO           25    i.main              main.o
    0x08021f64   0x08021f64   0x00000062   Code   RO         7795    x$fpl$d2f           fz_wm.l(d2f.o)
    0x08021fc6   0x08021fc6   0x00000002   PAD
    0x08021fc8   0x08021fc8   0x00000150   Code   RO         7797    x$fpl$dadd          fz_wm.l(daddsub_clz.o)
    0x08022118   0x08022118   0x00000018   Code   RO         7965    x$fpl$dcmpinf       fz_wm.l(dcmpi.o)
    0x08022130   0x08022130   0x000002b0   Code   RO         7804    x$fpl$ddiv          fz_wm.l(ddiv.o)
    0x080223e0   0x080223e0   0x0000005e   Code   RO         7807    x$fpl$dfix          fz_wm.l(dfix.o)
    0x0802243e   0x0802243e   0x00000002   PAD
    0x08022440   0x08022440   0x0000005a   Code   RO         7811    x$fpl$dfixu         fz_wm.l(dfixu.o)
    0x0802249a   0x0802249a   0x0000002e   Code   RO         7816    x$fpl$dflt          fz_wm.l(dflt_clz.o)
    0x080224c8   0x080224c8   0x00000026   Code   RO         7815    x$fpl$dfltu         fz_wm.l(dflt_clz.o)
    0x080224ee   0x080224ee   0x00000002   PAD
    0x080224f0   0x080224f0   0x00000078   Code   RO         7821    x$fpl$dleqf         fz_wm.l(dleqf.o)
    0x08022568   0x08022568   0x00000154   Code   RO         7823    x$fpl$dmul          fz_wm.l(dmul.o)
    0x080226bc   0x080226bc   0x0000009c   Code   RO         7967    x$fpl$dnaninf       fz_wm.l(dnaninf.o)
    0x08022758   0x08022758   0x0000000c   Code   RO         7969    x$fpl$dretinf       fz_wm.l(dretinf.o)
    0x08022764   0x08022764   0x0000006c   Code   RO         7825    x$fpl$drleqf        fz_wm.l(drleqf.o)
    0x080227d0   0x080227d0   0x000001d4   Code   RO         7799    x$fpl$dsub          fz_wm.l(daddsub_clz.o)
    0x080229a4   0x080229a4   0x00000056   Code   RO         7827    x$fpl$f2d           fz_wm.l(f2d.o)
    0x080229fa   0x080229fa   0x0000008c   Code   RO         7971    x$fpl$fnaninf       fz_wm.l(fnaninf.o)
    0x08022a86   0x08022a86   0x0000000a   Code   RO         8047    x$fpl$fpinit        fz_wm.l(fpinit.o)
    0x08022a90   0x08022a90   0x0000000a   Code   RO         7973    x$fpl$fretinf       fz_wm.l(fretinf.o)
    0x08022a9a   0x08022a9a   0x00000000   Code   RO         7977    x$fpl$usenofp       fz_wm.l(usenofp.o)
    0x08022a9a   0x08022a9a   0x00000002   PAD
    0x08022a9c   0x08022a9c   0x000002c0   Data   RO           50    .constdata          main.o
    0x08022d5c   0x08022d5c   0x00000015   Data   RO          962    .constdata          setup_clock.o
    0x08022d71   0x08022d71   0x00000003   PAD
    0x08022d74   0x08022d74   0x00000015   Data   RO         1204    .constdata          start_timer.o
    0x08022d89   0x08022d89   0x00000003   PAD
    0x08022d8c   0x08022d8c   0x000000a5   Data   RO         2003    .constdata          canvas.o
    0x08022e31   0x08022e31   0x00000001   PAD
    0x08022e32   0x08022e32   0x00002814   Data   RO         2969    .constdata          font.o
    0x08025646   0x08025646   0x00000002   PAD
    0x08025648   0x08025648   0x00000040   Data   RO         7856    .constdata          m_wm.l(logf.o)
    0x08025688   0x08025688   0x00000140   Data   RO         7870    .constdata          m_wm.l(powf.o)
    0x080257c8   0x080257c8   0x00000020   Data   RO         8017    .constdata          m_wm.l(rredf.o)
    0x080257e8   0x080257e8   0x00000020   Data   RO         8149    Region$$Table       anon$$obj.o
    0x08025808   0x08025808   0x00000004   Data   RO          413    .init_array         search.o
    0x0802580c   0x08025808   0x00000004   Data   RO          500    .init_array         error.o
    0x08025810   0x08025808   0x00000004   Data   RO          585    .init_array         system.o
    0x08025814   0x08025808   0x00000004   Data   RO          690    .init_array         sleep.o
    0x08025818   0x08025808   0x00000004   Data   RO          756    .init_array         start_timers.o
    0x0802581c   0x08025808   0x00000004   Data   RO          866    .init_array         setup.o
    0x08025820   0x08025808   0x00000004   Data   RO          964    .init_array         setup_clock.o
    0x08025824   0x08025808   0x00000004   Data   RO         1032    .init_array         about.o
    0x08025828   0x08025808   0x00000004   Data   RO         1104    .init_array         text.o
    0x0802582c   0x08025808   0x00000004   Data   RO         1206    .init_array         start_timer.o
    0x08025830   0x08025808   0x00000004   Data   RO         1317    .init_array         slider.o
    0x08025834   0x08025808   0x00000004   Data   RO         1475    .init_array         checkbox.o
    0x08025838   0x08025808   0x00000004   Data   RO         1575    .init_array         clock.o
    0x0802583c   0x08025808   0x00000004   Data   RO         1782    .init_array         core.o
    0x08025840   0x08025808   0x00000004   Data   RO         2005    .init_array         canvas.o
    0x08025844   0x08025808   0x00000004   Data   RO         2182    .init_array         can.o
    0x08025848   0x08025808   0x00000004   Data   RO         2260    .init_array         rvc.o
    0x0802584c   0x08025808   0x00000004   Data   RO         2346    .init_array         pgn_rvc.o
    0x08025850   0x08025808   0x00000004   Data   RO         2488    .init_array         temperature.o
    0x08025854   0x08025808   0x00000004   Data   RO         2792    .init_array         display.o
    0x08025858   0x08025808   0x00000004   Data   RO         3239    .init_array         hcu.o
    0x0802585c   0x08025808   0x00000004   Data   RO         3332    .init_array         usart.o
    0x08025860   0x08025808   0x00000000   Data   RO         7782    .init_array         c_w.l(init_aeabi.o)


    Execution Region RW_IRAM1 (Exec base: 0x20000000, Load base: 0x08025860, Size: 0x000039a0, Max: 0x0000c000, ABSOLUTE, COMPRESSED[0x00000030])

    Exec Addr    Load Addr    Size         Type   Attr      Idx    E Section Name        Object

    0x20000000   COMPRESSED   0x00000030   Data   RW           51    .data               main.o
    0x20000030   COMPRESSED   0x00000001   Data   RW          412    .data               search.o
    0x20000031   COMPRESSED   0x00000001   Data   RW          499    .data               error.o
    0x20000032   COMPRESSED   0x00000002   PAD
    0x20000034   COMPRESSED   0x00000011   Data   RW          584    .data               system.o
    0x20000045   COMPRESSED   0x00000004   Data   RW          689    .data               sleep.o
    0x20000049   COMPRESSED   0x00000001   Data   RW          755    .data               start_timers.o
    0x2000004a   COMPRESSED   0x00000002   PAD
    0x2000004c   COMPRESSED   0x00000030   Data   RW          865    .data               setup.o
    0x2000007c   COMPRESSED   0x00000001   Data   RW          963    .data               setup_clock.o
    0x2000007d   COMPRESSED   0x00000001   Data   RW         1031    .data               about.o
    0x2000007e   COMPRESSED   0x00000002   Data   RW         1205    .data               start_timer.o
    0x20000080   COMPRESSED   0x0000002c   Data   RW         1316    .data               slider.o
    0x200000ac   COMPRESSED   0x00000001   Data   RW         1474    .data               checkbox.o
    0x200000ad   COMPRESSED   0x00000003   PAD
    0x200000b0   COMPRESSED   0x0000001d   Data   RW         1574    .data               clock.o
    0x200000cd   COMPRESSED   0x00000001   PAD
    0x200000ce   COMPRESSED   0x00000002   Data   RW         1781    .data               core.o
    0x200000d0   COMPRESSED   0x00000008   Data   RW         2181    .data               can.o
    0x200000d8   COMPRESSED   0x0000001b   Data   RW         2259    .data               rvc.o
    0x200000f3   COMPRESSED   0x00000001   PAD
    0x200000f4   COMPRESSED   0x00000008   Data   RW         2487    .data               temperature.o
    0x200000fc   COMPRESSED   0x00000005   Data   RW         2906    .data               sensor.o
    0x20000101   COMPRESSED   0x00000003   PAD
    0x20000104   COMPRESSED   0x00000018   Data   RW         2970    .data               font.o
    0x2000011c   COMPRESSED   0x00000010   Data   RW         3238    .data               hcu.o
    0x2000012c   COMPRESSED   0x00000004   Data   RW         7732    .data               system_gd32f30x.o
    0x20000130        -       0x0000003f   Zero   RW          583    .bss                system.o
    0x2000016f   COMPRESSED   0x00000001   PAD
    0x20000170        -       0x00000018   Zero   RW          961    .bss                setup_clock.o
    0x20000188        -       0x00000081   Zero   RW         1103    .bss                text.o
    0x20000209   COMPRESSED   0x00000003   PAD
    0x2000020c        -       0x00000044   Zero   RW         1203    .bss                start_timer.o
    0x20000250        -       0x00000fc7   Zero   RW         1315    .bss                slider.o
    0x20001217   COMPRESSED   0x00000001   PAD
    0x20001218        -       0x00000190   Zero   RW         1572    .bss                clock.o
    0x200013a8        -       0x00000020   Zero   RW         1780    .bss                core.o
    0x200013c8        -       0x00000a9c   Zero   RW         2002    .bss                canvas.o
    0x20001e64        -       0x000009ac   Zero   RW         2180    .bss                can.o
    0x20002810        -       0x00000034   Zero   RW         2258    .bss                rvc.o
    0x20002844        -       0x00000010   Zero   RW         2345    .bss                pgn_rvc.o
    0x20002854        -       0x000001ec   Zero   RW         2486    .bss                temperature.o
    0x20002a40        -       0x00000017   Zero   RW         2606    .bss                memory.o
    0x20002a57   COMPRESSED   0x00000001   PAD
    0x20002a58        -       0x00000024   Zero   RW         2791    .bss                display.o
    0x20002a7c        -       0x00000030   Zero   RW         2905    .bss                sensor.o
    0x20002aac        -       0x0000000c   Zero   RW         3195    .bss                unix_time.o
    0x20002ab8        -       0x00000068   Zero   RW         3237    .bss                hcu.o
    0x20002b20        -       0x0000061c   Zero   RW         3330    .bss                usart.o
    0x2000313c        -       0x00000060   Zero   RW         8060    .bss                c_w.l(libspace.o)
    0x2000319c   COMPRESSED   0x00000004   PAD
    0x200031a0        -       0x00000400   Zero   RW         7715    HEAP                startup_gd32f30x_hd.o
    0x200035a0        -       0x00000400   Zero   RW         7714    STACK               startup_gd32f30x_hd.o



  Load Region LR$$.ARM.__AT_0x0803F800 (Base: 0x0803f800, Size: 0x0000000c, Max: 0x0000000c, ABSOLUTE)

    Execution Region ER$$.ARM.__AT_0x0803F800 (Exec base: 0x0803f800, Load base: 0x0803f800, Size: 0x0000000c, Max: 0x0000000c, ABSOLUTE, UNINIT)

    Exec Addr    Load Addr    Size         Type   Attr      Idx    E Section Name        Object

    0x0803f800   0x0803f800   0x0000000b   Data   RO           26    .ARM.__AT_0x0803F800  main.o


==============================================================================

Image component sizes


      Code (inc. data)   RO Data    RW Data    ZI Data      Debug   Object Name

       162         28          4          1          0       2976   about.o
      1094         68          4          8       2476      22063   can.o
      8838        280        169          0       2716      23101   canvas.o
       338         42          4          1          0       2923   checkbox.o
      5588        304          4         29        400      24082   clock.o
       554         78          4          2         32      40722   core.o
      1404         76          4          0         36      11170   display.o
      1250        150          4          1          0       5512   error.o
         0          0      10260         24          0       2262   font.o
       752         16          0          0          0       9884   gd32f30x_adc.o
       120         12          0          0          0       1726   gd32f30x_bkp.o
      1500         26          0          0          0      23798   gd32f30x_can.o
       704          6          0          0          0       8865   gd32f30x_dma.o
       232         16          0          0          0       1946   gd32f30x_exti.o
       740         68          0          0          0       5557   gd32f30x_fmc.o
       484         12          0          0          0       4231   gd32f30x_gpio.o
       548         16          0          0          0       7624   gd32f30x_i2c.o
       236         28          0          0          0       2000   gd32f30x_misc.o
        20          6          0          0          0        510   gd32f30x_pmu.o
       640         96          0          0          0       5717   gd32f30x_rcu.o
       176         34          0          0          0       3731   gd32f30x_rtc.o
        80          0          0          0          0       3039   gd32f30x_spi.o
      1316         48          0          0          0      11439   gd32f30x_timer.o
       592         16          0          0          0      11136   gd32f30x_usart.o
      2312        118          4         16        104      35585   hcu.o
      4116        444        715         48          0      80891   main.o
      2950        110          0          0         23      15481   memory.o
      2032        278          4          0         16      12476   pgn_rvc.o
      2530        172          4         27         52       6070   rvc.o
       612        116          4          1          0      33988   search.o
      1244         70          0          5         48       6381   sensor.o
     10978       1098          4         48          0      17176   setup.o
      3350        240         25          1         24       7757   setup_clock.o
       780         94          4          4          0       5184   sleep.o
      9114        346          4         44       4039      26349   slider.o
      3892        194         25          2         68       6121   start_timer.o
        62         18          4          1          0      29590   start_timers.o
        64         26        304          0       2048        912   startup_gd32f30x_hd.o
      6030        350          4         17         63      15201   system.o
       548         56          0          4          0       2735   system_gd32f30x.o
      1110         92          4          8        492       4436   temperature.o
      4708        144          4          0        129      12939   text.o
       432         22          0          0         12       2055   unix_time.o
      1506         70          4          0       1564       8048   usart.o

    ----------------------------------------------------------------------
     85824       5484      11616        304      14348     565389   Object Totals
         0          0         32          0          0          0   (incl. Generated)
        86          0         10         12          6          0   (incl. Padding)

    ----------------------------------------------------------------------

      Code (inc. data)   RO Data    RW Data    ZI Data      Debug   Library Member Name

        90          0          0          0          0          0   __dczerorl2.o
         8          0          0          0          0         68   __main.o
         0          0          0          0          0          0   __rtentry.o
        12          0          0          0          0          0   __rtentry2.o
         6          0          0          0          0          0   __rtentry4.o
        52          8          0          0          0          0   __scatter.o
        28          0          0          0          0          0   __scatter_zi.o
        22          0          0          0          0        100   _rserrno.o
        18          0          0          0          0         80   exit.o
         6          0          0          0          0        152   heapauxi.o
         0          0          0          0          0          0   indicate_semi.o
        36         10          0          0          0         80   init_aeabi.o
         2          0          0          0          0          0   libinit.o
        10          0          0          0          0          0   libinit2.o
         2          0          0          0          0          0   libshutdown.o
         2          0          0          0          0          0   libshutdown2.o
         8          4          0          0         96         68   libspace.o
         8          4          0          0          0         68   rt_errno_addr_intlibspace.o
       100          0          0          0          0         80   rt_memcpy_w.o
         2          0          0          0          0          0   rtexit.o
        10          0          0          0          0          0   rtexit2.o
        36          0          0          0          0         76   strncat.o
        12          4          0          0          0         68   sys_exit.o
        74          0          0          0          0         80   sys_stackheap_outer.o
         2          0          0          0          0         68   use_no_semi.o
        16          0          0          0          0         68   cxa_guard_acquire.o
        98          4          0          0          0        140   d2f.o
       804         16          0          0          0        368   daddsub_clz.o
        24          0          0          0          0        116   dcmpi.o
       688        140          0          0          0        256   ddiv.o
        94          4          0          0          0        140   dfix.o
        90          4          0          0          0        140   dfixu.o
        84          0          0          0          0        232   dflt_clz.o
       120          4          0          0          0        140   dleqf.o
       340         12          0          0          0        152   dmul.o
       156          4          0          0          0        140   dnaninf.o
        12          0          0          0          0        116   dretinf.o
       108          0          0          0          0        128   drleqf.o
        86          4          0          0          0        132   f2d.o
       140          4          0          0          0        132   fnaninf.o
        10          0          0          0          0        116   fpinit.o
        10          0          0          0          0        116   fretinf.o
         0          0          0          0          0          0   usenofp.o
       336         56          0          0          0        136   cosf.o
        38          0          0          0          0        116   fpclassifyf.o
        80         24          0          0          0        696   funder.o
       364         44         64          0          0        140   logf.o
      1636        110        320          0          0        372   powf.o
       340         24         32          0          0        160   rredf.o
       400         56          0          0          0        212   sinf.o
        58          0          0          0          0        136   sqrtf.o

    ----------------------------------------------------------------------
      6700        540        416          0        100       5588   Library Totals
        22          0          0          0          4          0   (incl. Padding)

    ----------------------------------------------------------------------

      Code (inc. data)   RO Data    RW Data    ZI Data      Debug   Library Name

       546         30          0          0         96        988   c_w.l
        16          0          0          0          0         68   cpprt_w.l
      2864        196          0          0          0       2564   fz_wm.l
      3252        314        416          0          0       1968   m_wm.l

    ----------------------------------------------------------------------
      6700        540        416          0        100       5588   Library Totals

    ----------------------------------------------------------------------

==============================================================================


      Code (inc. data)   RO Data    RW Data    ZI Data      Debug   

     92524       6024      12032        304      14448     525709   Grand Totals
     92524       6024      12032         48      14448     525709   ELF Image Totals (compressed)
     92524       6024      12032         48          0          0   ROM Totals

==============================================================================

    Total RO  Size (Code + RO Data)               104556 ( 102.11kB)
    Total RW  Size (RW Data + ZI Data)             14752 (  14.41kB)
    Total ROM Size (Code + RO Data + RW Data)     104604 ( 102.15kB)

==============================================================================

